// Vitest Snapshot v1, https://vitest.dev/guide/snapshot.html

exports[`factorial snapshot > snapshot ok 1`] = `
{
  "category": "math",
  "compute": [Function],
  "i18n": {
    "ar": {
      "description": "factorial",
      "errors": {},
      "faq": [],
      "inputs": {},
      "keywords": [
        "factorial",
      ],
      "outputs": {},
      "short": "factorial",
      "title": "factorial Calculator",
    },
    "de": {
      "description": "factorial",
      "errors": {},
      "faq": [],
      "inputs": {},
      "keywords": [
        "factorial",
      ],
      "outputs": {},
      "short": "factorial",
      "title": "factorial Calculator",
    },
    "en": {
      "description": "factorial",
      "errors": {},
      "faq": [],
      "inputs": {},
      "keywords": [
        "factorial",
      ],
      "outputs": {},
      "short": "factorial",
      "title": "factorial Calculator",
    },
    "es": {
      "description": "factorial",
      "errors": {},
      "faq": [],
      "inputs": {},
      "keywords": [
        "factorial",
      ],
      "outputs": {},
      "short": "factorial",
      "title": "factorial Calculator",
    },
    "fr": {
      "description": "factorial",
      "errors": {},
      "faq": [],
      "inputs": {},
      "keywords": [
        "factorial",
      ],
      "outputs": {},
      "short": "factorial",
      "title": "factorial Calculator",
    },
    "hi": {
      "description": "factorial",
      "errors": {},
      "faq": [],
      "inputs": {},
      "keywords": [
        "factorial",
      ],
      "outputs": {},
      "short": "factorial",
      "title": "factorial Calculator",
    },
    "it": {
      "description": "factorial",
      "errors": {},
      "faq": [],
      "inputs": {},
      "keywords": [
        "factorial",
      ],
      "outputs": {},
      "short": "factorial",
      "title": "factorial Calculator",
    },
    "ja": {
      "description": "factorial",
      "errors": {},
      "faq": [],
      "inputs": {},
      "keywords": [
        "factorial",
      ],
      "outputs": {},
      "short": "factorial",
      "title": "factorial Calculator",
    },
    "ko": {
      "description": "factorial",
      "errors": {},
      "faq": [],
      "inputs": {},
      "keywords": [
        "factorial",
      ],
      "outputs": {},
      "short": "factorial",
      "title": "factorial Calculator",
    },
    "ru": {
      "description": "factorial",
      "errors": {},
      "faq": [],
      "inputs": {},
      "keywords": [
        "factorial",
      ],
      "outputs": {},
      "short": "factorial",
      "title": "factorial Calculator",
    },
    "tr": {
      "description": "factorial",
      "errors": {},
      "faq": [],
      "inputs": {},
      "keywords": [
        "factorial",
      ],
      "outputs": {},
      "short": "factorial",
      "title": "factorial Calculator",
    },
    "zh": {
      "description": "factorial",
      "errors": {},
      "faq": [],
      "inputs": {},
      "keywords": [
        "factorial",
      ],
      "outputs": {},
      "short": "factorial",
      "title": "factorial Calculator",
    },
  },
  "icon": "plus",
  "inputSchema": ZodObject {
    "_cached": null,
    "_def": {
      "catchall": ZodNever {
        "_def": {
          "typeName": "ZodNever",
        },
        "and": [Function],
        "array": [Function],
        "brand": [Function],
        "catch": [Function],
        "default": [Function],
        "describe": [Function],
        "isNullable": [Function],
        "isOptional": [Function],
        "nullable": [Function],
        "nullish": [Function],
        "optional": [Function],
        "or": [Function],
        "parse": [Function],
        "parseAsync": [Function],
        "pipe": [Function],
        "promise": [Function],
        "readonly": [Function],
        "refine": [Function],
        "refinement": [Function],
        "safeParse": [Function],
        "safeParseAsync": [Function],
        "spa": [Function],
        "superRefine": [Function],
        "transform": [Function],
        "~standard": {
          "validate": [Function],
          "vendor": "zod",
          "version": 1,
        },
      },
      "shape": [Function],
      "typeName": "ZodObject",
      "unknownKeys": "strip",
    },
    "and": [Function],
    "array": [Function],
    "augment": [Function],
    "brand": [Function],
    "catch": [Function],
    "default": [Function],
    "describe": [Function],
    "isNullable": [Function],
    "isOptional": [Function],
    "nonstrict": [Function],
    "nullable": [Function],
    "nullish": [Function],
    "optional": [Function],
    "or": [Function],
    "parse": [Function],
    "parseAsync": [Function],
    "pipe": [Function],
    "promise": [Function],
    "readonly": [Function],
    "refine": [Function],
    "refinement": [Function],
    "safeParse": [Function],
    "safeParseAsync": [Function],
    "spa": [Function],
    "superRefine": [Function],
    "transform": [Function],
    "~standard": {
      "validate": [Function],
      "vendor": "zod",
      "version": 1,
    },
  },
  "inputs": [
    {
      "defaultValue": 5,
      "id": "n",
      "required": true,
      "type": {
        "integer": true,
        "kind": "number",
        "max": 170,
        "min": 0,
        "step": 1,
      },
    },
  ],
  "meta": {
    "formulaLatex": "n! = n \\times (n-1) \\times \\cdots \\times 1",
    "references": [
      {
        "authority": "Wikipedia",
        "title": "Factorial",
        "url": "https://en.wikipedia.org/wiki/Factorial",
      },
    ],
  },
  "outputs": [
    {
      "format": "text",
      "highlight": true,
      "id": "value",
    },
    {
      "format": "text",
      "id": "isBigInt",
    },
  ],
  "priority": "P2",
  "related": [
    "combinations",
  ],
  "slug": "factorial",
  "tags": [
    "factorial",
    "math",
  ],
}
`;
