// Vitest Snapshot v1, https://vitest.dev/guide/snapshot.html

exports[`savings-goal definition — shape snapshot > snapshot: definition shape matches expectations 1`] = `
{
  "category": Any<String>,
  "compute": [Function],
  "i18n": {
    "ar": {
      "description": "حاسبة مجانية لهدف الادخار. أدخل المبلغ المستهدف وادخارك الحالي والمساهمة الشهرية والعائد السنوي المتوقع لمعرفة موعد تحقيق هدفك.",
      "errors": {
        "contributionTooLow": "يجب أن تكون المساهمة الشهرية أكبر من الصفر.",
        "goalNotReachable": "بهذه المدخلات، لا يمكن تحقيق الهدف في غضون 100 عام.",
        "targetTooLow": "يجب أن يكون المبلغ المستهدف أكبر من الصفر.",
      },
      "faq": [
        {
          "a": "يمكن أن تقدم حسابات التوفير ذات العائد المرتفع 3–5 % سنويًا. وقد أعطت صناديق المؤشرات المتنوعة تاريخيًا 7–10 % قبل التضخم. استخدم 4–6 % للأهداف قصيرة الأجل و6–8 % للاستثمار طويل الأجل.",
          "q": "ما العائد السنوي الذي يجب استخدامه؟",
        },
        {
          "a": "لا. اطرح التضخم المتوقع (حوالي 2–3 %) من المعدل الاسمي للحصول على معدل حقيقي.",
          "q": "هل تأخذ الحاسبة التضخم في الاعتبار؟",
        },
      ],
      "inputs": {
        "annualReturn": {
          "help": "معدل الفائدة أو العائد السنوي المتوقع. الافتراضي: 5 %.",
          "label": "العائد السنوي (%)",
        },
        "currentSavings": {
          "help": "المبلغ الذي ادخرته بالفعل نحو هذا الهدف.",
          "label": "المدخرات الحالية",
        },
        "monthlyContribution": {
          "help": "المبلغ الثابت الذي ستضيفه كل شهر.",
          "label": "المساهمة الشهرية",
        },
        "targetAmount": {
          "help": "إجمالي المبلغ الذي تريد ادخاره.",
          "label": "المبلغ المستهدف",
        },
      },
      "keywords": [
        "حاسبة هدف الادخار",
        "كم يستغرق الادخار",
        "الادخار الشهري",
        "الفائدة المركبة",
        "خطة الادخار",
        "حاسبة مالية",
        "الادخار",
      ],
      "outputs": {
        "monthsToGoal": {
          "help": "عدد الأشهر حتى تصل إلى هدفك الادخاري.",
          "label": "أشهر حتى الهدف",
        },
        "totalContributions": {
          "help": "المدخرات الأولية بالإضافة إلى جميع الإيداعات الشهرية.",
          "label": "إجمالي المساهمات",
        },
        "totalInterest": {
          "help": "النمو من الفائدة المركبة فوق مساهماتك.",
          "label": "الفائدة المكتسبة",
        },
        "yearsToGoal": {
          "help": "نفس المدة معبرًا عنها بالسنوات.",
          "label": "سنوات حتى الهدف",
        },
      },
      "short": "اكتشف كم شهرًا تحتاج للوصول إلى هدف ادخارك.",
      "title": "حاسبة هدف الادخار",
    },
    "de": {
      "description": "Kostenloser Sparziel-Rechner. Geben Sie Zielbetrag, aktuelle Ersparnisse, monatlichen Beitrag und Rendite ein, um zu sehen, wann Sie Ihr Ziel erreichen.",
      "errors": {
        "contributionTooLow": "Monatlicher Beitrag muss größer als null sein.",
        "goalNotReachable": "Mit diesen Eingaben ist das Ziel in 100 Jahren nicht erreichbar.",
        "targetTooLow": "Zielbetrag muss größer als null sein.",
      },
      "faq": [
        {
          "a": "Tagesgeldkonten bieten derzeit 3–4 % p.a. Breit diversifizierte Aktienindexfonds haben historisch 7–10 % jährlich vor Inflation erzielt. Für kurzfristige Ziele 4–6 %, für langfristige Anlagen 6–8 % als Schätzung nutzen.",
          "q": "Welche Rendite sollte ich verwenden?",
        },
        {
          "a": "Nein. Ziehen Sie die erwartete Inflation (ca. 2–3 %) vom Nominalzins ab, um eine realitätsnahe Rendite zu erhalten.",
          "q": "Berücksichtigt der Rechner die Inflation?",
        },
      ],
      "inputs": {
        "annualReturn": {
          "help": "Erwarteter jährlicher Zinssatz. Standard: 5 %.",
          "label": "Jährliche Rendite (%)",
        },
        "currentSavings": {
          "help": "Bereits gesparte Summe.",
          "label": "Aktuelle Ersparnisse",
        },
        "monthlyContribution": {
          "help": "Fester Betrag, den Sie jeden Monat einzahlen.",
          "label": "Monatlicher Beitrag",
        },
        "targetAmount": {
          "help": "Der Gesamtbetrag, den Sie sparen möchten.",
          "label": "Zielbetrag",
        },
      },
      "keywords": [
        "Sparziel-Rechner",
        "wie lange sparen",
        "monatliches Sparen",
        "Zinseszins",
        "Sparplan",
        "Sparziel erreichen",
        "Spartimer",
      ],
      "outputs": {
        "monthsToGoal": {
          "help": "Anzahl der Monate bis Ihr Ziel erreicht ist.",
          "label": "Monate bis zum Ziel",
        },
        "totalContributions": {
          "help": "Anfangsersparnis plus alle monatlichen Einzahlungen.",
          "label": "Gesamtbeiträge",
        },
        "totalInterest": {
          "help": "Wachstum durch Zinseszins zusätzlich zu Ihren Einzahlungen.",
          "label": "Zinserträge",
        },
        "yearsToGoal": {
          "help": "Derselbe Zeitraum in Jahren.",
          "label": "Jahre bis zum Ziel",
        },
      },
      "short": "Berechnen Sie, wie viele Monate Sie bis zu Ihrem Sparziel benötigen.",
      "title": "Sparziel-Rechner",
    },
    "en": {
      "description": "Free savings goal calculator. Enter your target amount, current savings, monthly contribution, and expected annual return to see exactly when you will reach your goal.",
      "errors": {
        "contributionTooLow": "Monthly contribution must be greater than zero.",
        "goalNotReachable": "With these inputs, the goal cannot be reached within 100 years.",
        "targetTooLow": "Target amount must be greater than zero.",
      },
      "faq": [
        {
          "a": "A high-yield savings account might offer 4–5% APY. A diversified stock index fund has historically returned around 7–10% annually before inflation. Use a conservative estimate (4–6%) for short-term goals and a moderate estimate (6–8%) for long-term investing.",
          "q": "What annual return should I use?",
        },
        {
          "a": "No. Enter a 'real' return rate (nominal rate minus expected inflation, roughly 2–3%) to get inflation-adjusted results.",
          "q": "Does the calculator account for inflation?",
        },
        {
          "a": "Use your average monthly contribution as the input. You can re-run the calculator whenever your contribution amount changes.",
          "q": "What if I cannot contribute the same amount every month?",
        },
      ],
      "inputs": {
        "annualReturn": {
          "help": "Expected annual interest or investment return rate. Default is 5%.",
          "label": "Annual Return (%)",
        },
        "currentSavings": {
          "help": "How much you have already saved toward this goal.",
          "label": "Current Savings",
        },
        "monthlyContribution": {
          "help": "The fixed amount you will add each month.",
          "label": "Monthly Contribution",
        },
        "targetAmount": {
          "help": "The total amount you want to save.",
          "label": "Target Amount",
        },
      },
      "keywords": [
        "savings goal calculator",
        "how long to save",
        "monthly savings",
        "compound interest savings",
        "savings planner",
        "reach savings goal",
        "savings timeline",
      ],
      "outputs": {
        "monthsToGoal": {
          "help": "How many months until you reach your savings target.",
          "label": "Months to Goal",
        },
        "totalContributions": {
          "help": "Sum of your initial savings plus all monthly deposits.",
          "label": "Total Contributions",
        },
        "totalInterest": {
          "help": "Growth from compound interest on top of your contributions.",
          "label": "Interest Earned",
        },
        "yearsToGoal": {
          "help": "The same period expressed in years.",
          "label": "Years to Goal",
        },
      },
      "short": "Find out how many months it takes to reach your savings target.",
      "title": "Savings Goal Calculator",
    },
    "es": {
      "description": "Calculadora de objetivo de ahorro gratuita. Introduce el monto objetivo, tus ahorros actuales, tu aportación mensual y el rendimiento anual esperado para saber cuándo alcanzarás tu meta.",
      "errors": {
        "contributionTooLow": "La aportación mensual debe ser mayor que cero.",
        "goalNotReachable": "Con estos datos, la meta no puede alcanzarse en 100 años.",
        "targetTooLow": "El monto objetivo debe ser mayor que cero.",
      },
      "faq": [
        {
          "a": "Una cuenta de ahorro de alta rentabilidad puede ofrecer 3–5 % anual. Un fondo indexado diversificado ha rendido históricamente 7–10 % antes de inflación. Usa 4–6 % para metas a corto plazo y 6–8 % para inversiones a largo plazo.",
          "q": "¿Qué rendimiento anual debo usar?",
        },
        {
          "a": "No. Resta la inflación esperada (aprox. 2–3 %) del tipo nominal para obtener una tasa real.",
          "q": "¿Se tiene en cuenta la inflación?",
        },
      ],
      "inputs": {
        "annualReturn": {
          "help": "Tasa de interés o rendimiento anual esperado. Por defecto: 5 %.",
          "label": "Rendimiento anual (%)",
        },
        "currentSavings": {
          "help": "Lo que ya tienes ahorrado para esta meta.",
          "label": "Ahorros actuales",
        },
        "monthlyContribution": {
          "help": "Cantidad fija que añadirás cada mes.",
          "label": "Aportación mensual",
        },
        "targetAmount": {
          "help": "El total que deseas ahorrar.",
          "label": "Monto objetivo",
        },
      },
      "keywords": [
        "calculadora ahorro",
        "objetivo de ahorro",
        "cuánto tiempo ahorrar",
        "interés compuesto",
        "plan de ahorro",
        "calculadora financiera",
        "ahorro mensual",
      ],
      "outputs": {
        "monthsToGoal": {
          "help": "Cuántos meses hasta alcanzar tu objetivo.",
          "label": "Meses hasta la meta",
        },
        "totalContributions": {
          "help": "Ahorro inicial más todas las aportaciones mensuales.",
          "label": "Total aportado",
        },
        "totalInterest": {
          "help": "Crecimiento por interés compuesto adicional a tus aportaciones.",
          "label": "Intereses ganados",
        },
        "yearsToGoal": {
          "help": "El mismo período expresado en años.",
          "label": "Años hasta la meta",
        },
      },
      "short": "Calcula cuántos meses necesitas para alcanzar tu meta de ahorro.",
      "title": "Calculadora de objetivo de ahorro",
    },
    "fr": {
      "description": "Calculateur d'objectif d'épargne gratuit. Saisissez le montant cible, votre épargne actuelle, votre versement mensuel et le rendement annuel pour savoir quand vous atteindrez votre objectif.",
      "errors": {
        "contributionTooLow": "Le versement mensuel doit être supérieur à zéro.",
        "goalNotReachable": "Avec ces paramètres, l'objectif ne peut être atteint en 100 ans.",
        "targetTooLow": "Le montant cible doit être supérieur à zéro.",
      },
      "faq": [
        {
          "a": "Un livret d'épargne peut offrir 3–5 % par an. Un fonds indiciel diversifié a historiquement rapporté 7–10 % avant inflation. Utilisez 4–6 % pour les objectifs à court terme et 6–8 % pour le long terme.",
          "q": "Quel rendement annuel utiliser ?",
        },
        {
          "a": "Non. Soustrayez l'inflation attendue (environ 2–3 %) du taux nominal pour obtenir un taux réel.",
          "q": "L'inflation est-elle prise en compte ?",
        },
      ],
      "inputs": {
        "annualReturn": {
          "help": "Taux d'intérêt ou de rendement annuel attendu. Par défaut : 5 %.",
          "label": "Rendement annuel (%)",
        },
        "currentSavings": {
          "help": "Ce que vous avez déjà mis de côté.",
          "label": "Épargne actuelle",
        },
        "monthlyContribution": {
          "help": "Montant fixe ajouté chaque mois.",
          "label": "Versement mensuel",
        },
        "targetAmount": {
          "help": "Le montant total que vous souhaitez épargner.",
          "label": "Montant cible",
        },
      },
      "keywords": [
        "calculateur épargne",
        "objectif épargne",
        "combien de mois épargner",
        "intérêts composés",
        "plan d'épargne",
        "calculateur financier",
        "épargne mensuelle",
      ],
      "outputs": {
        "monthsToGoal": {
          "help": "Nombre de mois avant d'atteindre votre cible.",
          "label": "Mois jusqu'à l'objectif",
        },
        "totalContributions": {
          "help": "Épargne initiale plus tous les versements mensuels.",
          "label": "Total des versements",
        },
        "totalInterest": {
          "help": "Croissance due aux intérêts composés en plus de vos versements.",
          "label": "Intérêts gagnés",
        },
        "yearsToGoal": {
          "help": "La même durée exprimée en années.",
          "label": "Années jusqu'à l'objectif",
        },
      },
      "short": "Calculez en combien de mois vous atteindrez votre objectif d'épargne.",
      "title": "Calculateur d'objectif d'épargne",
    },
    "hi": {
      "description": "मुफ़्त बचत लक्ष्य कैलकुलेटर। लक्ष्य राशि, वर्तमान बचत, मासिक योगदान और अपेक्षित वार्षिक रिटर्न दर्ज करें और जानें कि आप अपना लक्ष्य कब प्राप्त करेंगे।",
      "errors": {
        "contributionTooLow": "मासिक योगदान शून्य से अधिक होना चाहिए।",
        "goalNotReachable": "इन मानों के साथ 100 वर्षों में लक्ष्य प्राप्त नहीं किया जा सकता।",
        "targetTooLow": "लक्ष्य राशि शून्य से अधिक होनी चाहिए।",
      },
      "faq": [
        {
          "a": "उच्च-यील्ड बचत खाते 3–5% वार्षिक ब्याज दे सकते हैं। विविधीकृत स्टॉक इंडेक्स फंड ने ऐतिहासिक रूप से मुद्रास्फीति से पहले लगभग 7–10% वार्षिक रिटर्न दिया है। अल्पकालिक लक्ष्यों के लिए 4–6% और दीर्घकालिक निवेश के लिए 6–8% का उपयोग करें।",
          "q": "कौन सी वार्षिक रिटर्न दर उपयोग करें?",
        },
        {
          "a": "नहीं। मुद्रास्फीति-समायोजित परिणामों के लिए नाममात्र दर से अपेक्षित मुद्रास्फीति (लगभग 2–3%) घटाएँ।",
          "q": "क्या कैलकुलेटर मुद्रास्फीति को ध्यान में रखता है?",
        },
      ],
      "inputs": {
        "annualReturn": {
          "help": "अपेक्षित वार्षिक ब्याज दर या निवेश रिटर्न। डिफ़ॉल्ट: 5%।",
          "label": "वार्षिक रिटर्न (%)",
        },
        "currentSavings": {
          "help": "इस लक्ष्य के लिए आपने अब तक कितनी बचत की है।",
          "label": "वर्तमान बचत",
        },
        "monthlyContribution": {
          "help": "हर महीने जमा की जाने वाली निश्चित राशि।",
          "label": "मासिक योगदान",
        },
        "targetAmount": {
          "help": "वह कुल राशि जो आप बचाना चाहते हैं।",
          "label": "लक्ष्य राशि",
        },
      },
      "keywords": [
        "बचत लक्ष्य कैलकुलेटर",
        "बचत में कितना समय",
        "मासिक बचत",
        "चक्रवृद्धि ब्याज",
        "बचत योजना",
        "वित्तीय कैलकुलेटर",
        "पैसे जोड़ना",
      ],
      "outputs": {
        "monthsToGoal": {
          "help": "बचत लक्ष्य तक पहुँचने में कितने महीने लगेंगे।",
          "label": "लक्ष्य तक महीने",
        },
        "totalContributions": {
          "help": "प्रारंभिक बचत और सभी मासिक जमा का योग।",
          "label": "कुल योगदान",
        },
        "totalInterest": {
          "help": "आपके योगदान के अतिरिक्त चक्रवृद्धि ब्याज से वृद्धि।",
          "label": "अर्जित ब्याज",
        },
        "yearsToGoal": {
          "help": "वही अवधि वर्षों में।",
          "label": "लक्ष्य तक वर्ष",
        },
      },
      "short": "जानें कि अपने बचत लक्ष्य तक पहुँचने में कितने महीने लगेंगे।",
      "title": "बचत लक्ष्य कैलकुलेटर",
    },
    "it": {
      "description": "Calcolatore gratuito per l'obiettivo di risparmio. Inserisci l'importo target, i risparmi attuali, il versamento mensile e il rendimento annuo per sapere quando raggiungerai il tuo obiettivo.",
      "errors": {
        "contributionTooLow": "Il versamento mensile deve essere maggiore di zero.",
        "goalNotReachable": "Con questi dati, l'obiettivo non può essere raggiunto in 100 anni.",
        "targetTooLow": "L'importo obiettivo deve essere maggiore di zero.",
      },
      "faq": [
        {
          "a": "Un conto deposito può offrire 3–5 % annuo. Un fondo indicizzato diversificato ha reso storicamente 7–10 % prima dell'inflazione. Usa 4–6 % per obiettivi a breve termine e 6–8 % per investimenti a lungo termine.",
          "q": "Quale rendimento annuo usare?",
        },
        {
          "a": "No. Sottrai l'inflazione attesa (circa 2–3 %) dal tasso nominale per ottenere un tasso reale.",
          "q": "Il calcolatore considera l'inflazione?",
        },
      ],
      "inputs": {
        "annualReturn": {
          "help": "Tasso di interesse o rendimento annuo atteso. Default: 5 %.",
          "label": "Rendimento annuo (%)",
        },
        "currentSavings": {
          "help": "Quanto hai già messo da parte per questo obiettivo.",
          "label": "Risparmi attuali",
        },
        "monthlyContribution": {
          "help": "Importo fisso aggiunto ogni mese.",
          "label": "Versamento mensile",
        },
        "targetAmount": {
          "help": "Il totale che vuoi risparmiare.",
          "label": "Importo obiettivo",
        },
      },
      "keywords": [
        "calcolatore risparmio",
        "obiettivo risparmio",
        "quanto tempo risparmiare",
        "interesse composto",
        "piano di risparmio",
        "calcolatore finanziario",
        "risparmio mensile",
      ],
      "outputs": {
        "monthsToGoal": {
          "help": "Quanti mesi fino a raggiungere il tuo obiettivo di risparmio.",
          "label": "Mesi all'obiettivo",
        },
        "totalContributions": {
          "help": "Risparmio iniziale più tutti i versamenti mensili.",
          "label": "Totale versamenti",
        },
        "totalInterest": {
          "help": "Crescita da interesse composto in aggiunta ai tuoi versamenti.",
          "label": "Interessi maturati",
        },
        "yearsToGoal": {
          "help": "Lo stesso periodo espresso in anni.",
          "label": "Anni all'obiettivo",
        },
      },
      "short": "Calcola quanti mesi ti servono per raggiungere il tuo obiettivo di risparmio.",
      "title": "Calcolatore obiettivo di risparmio",
    },
    "ja": {
      "description": "無料の貯蓄目標計算機。目標金額・現在の貯蓄額・毎月の積立額・予想年利を入力するだけで、いつ目標を達成できるかがわかります。",
      "errors": {
        "contributionTooLow": "毎月の積立額はゼロより大きくなければなりません。",
        "goalNotReachable": "この入力では100年以内に目標を達成できません。",
        "targetTooLow": "目標金額はゼロより大きくなければなりません。",
      },
      "faq": [
        {
          "a": "高利回り普通預金は年3–5%程度です。分散投資した株式インデックスファンドは過去にインフレ前で年7–10%程度のリターンを上げています。短期目標には4–6%、長期投資には6–8%を目安にしてください。",
          "q": "年利は何%を使えばよいですか？",
        },
        {
          "a": "いいえ。インフレ調整された結果を得るには、名目利率から予想インフレ率（約2–3%）を差し引いた「実質」利回りを入力してください。",
          "q": "インフレは考慮されていますか？",
        },
      ],
      "inputs": {
        "annualReturn": {
          "help": "期待する年利または投資利回り。デフォルトは5%。",
          "label": "年利（%）",
        },
        "currentSavings": {
          "help": "すでにこの目標に向けて貯めた金額。",
          "label": "現在の貯蓄額",
        },
        "monthlyContribution": {
          "help": "毎月追加する固定金額。",
          "label": "毎月の積立額",
        },
        "targetAmount": {
          "help": "貯めたい合計金額。",
          "label": "目標金額",
        },
      },
      "keywords": [
        "貯蓄目標計算機",
        "何ヶ月で貯まる",
        "毎月の積立",
        "複利計算",
        "貯蓄プラン",
        "資産形成計算機",
        "積立シミュレーション",
      ],
      "outputs": {
        "monthsToGoal": {
          "help": "貯蓄目標に達するまでの月数。",
          "label": "目標達成までの月数",
        },
        "totalContributions": {
          "help": "初期貯蓄額と全ての月次積立額の合計。",
          "label": "総積立額",
        },
        "totalInterest": {
          "help": "積立額に加えて複利で増えた金額。",
          "label": "獲得利息",
        },
        "yearsToGoal": {
          "help": "同じ期間を年単位で表したもの。",
          "label": "目標達成までの年数",
        },
      },
      "short": "貯蓄目標に到達するまでの月数を計算します。",
      "title": "貯蓄目標計算機",
    },
    "ko": {
      "description": "무료 저축 목표 계산기. 목표 금액, 현재 저축액, 월 납입액, 예상 연간 수익률을 입력하면 목표 달성 시점을 확인할 수 있습니다.",
      "errors": {
        "contributionTooLow": "월 납입액은 0보다 커야 합니다.",
        "goalNotReachable": "이 조건으로는 100년 이내에 목표를 달성할 수 없습니다.",
        "targetTooLow": "목표 금액은 0보다 커야 합니다.",
      },
      "faq": [
        {
          "a": "고금리 저축 계좌는 연 3–5% 수준을 제공할 수 있습니다. 분산 투자된 주식 인덱스 펀드는 인플레이션 전 역사적으로 연 7–10%의 수익률을 기록했습니다. 단기 목표에는 4–6%, 장기 투자에는 6–8%를 사용하세요.",
          "q": "연간 수익률은 얼마로 설정해야 하나요?",
        },
        {
          "a": "아니요. 인플레이션 조정 결과를 얻으려면 명목 금리에서 예상 인플레이션율(약 2–3%)을 차감한 '실질' 수익률을 입력하세요.",
          "q": "인플레이션은 고려되나요?",
        },
      ],
      "inputs": {
        "annualReturn": {
          "help": "예상 연이율 또는 투자 수익률. 기본값: 5%.",
          "label": "연간 수익률 (%)",
        },
        "currentSavings": {
          "help": "이 목표를 위해 이미 저축한 금액.",
          "label": "현재 저축액",
        },
        "monthlyContribution": {
          "help": "매월 추가할 고정 금액.",
          "label": "월 납입액",
        },
        "targetAmount": {
          "help": "저축하려는 총 금액.",
          "label": "목표 금액",
        },
      },
      "keywords": [
        "저축 목표 계산기",
        "저축 기간 계산",
        "월 저축",
        "복리 계산",
        "저축 계획",
        "재무 계산기",
        "목돈 모으기",
      ],
      "outputs": {
        "monthsToGoal": {
          "help": "저축 목표에 도달하기까지 걸리는 월 수.",
          "label": "목표까지 걸리는 월 수",
        },
        "totalContributions": {
          "help": "초기 저축액 + 모든 월 납입액의 합계.",
          "label": "총 납입액",
        },
        "totalInterest": {
          "help": "납입액 외에 복리로 증가한 금액.",
          "label": "이자 수익",
        },
        "yearsToGoal": {
          "help": "같은 기간을 년 단위로 나타낸 것.",
          "label": "목표까지 걸리는 년 수",
        },
      },
      "short": "저축 목표를 달성하는 데 몇 달이 걸리는지 계산해 보세요.",
      "title": "저축 목표 계산기",
    },
    "ru": {
      "description": "Бесплатный калькулятор цели накоплений. Введите целевую сумму, текущие сбережения, ежемесячный взнос и ожидаемую доходность, чтобы узнать, когда вы достигнете своей цели.",
      "errors": {
        "contributionTooLow": "Ежемесячный взнос должен быть больше нуля.",
        "goalNotReachable": "С указанными параметрами цель не достижима за 100 лет.",
        "targetTooLow": "Целевая сумма должна быть больше нуля.",
      },
      "faq": [
        {
          "a": "Высокодоходные вклады могут давать 4–6 % годовых. Диверсифицированные индексные фонды исторически приносили 7–10 % до инфляции. Для краткосрочных целей используйте 4–6 %, для долгосрочных — 6–8 %.",
          "q": "Какую годовую доходность указывать?",
        },
        {
          "a": "Нет. Вычтите ожидаемую инфляцию (около 2–3 %) из номинальной ставки, чтобы получить реальную доходность.",
          "q": "Учитывается ли инфляция?",
        },
      ],
      "inputs": {
        "annualReturn": {
          "help": "Ожидаемая годовая процентная ставка или доходность. По умолчанию: 5 %.",
          "label": "Годовая доходность (%)",
        },
        "currentSavings": {
          "help": "Сумма, которую вы уже накопили.",
          "label": "Текущие сбережения",
        },
        "monthlyContribution": {
          "help": "Фиксированная сумма, добавляемая каждый месяц.",
          "label": "Ежемесячный взнос",
        },
        "targetAmount": {
          "help": "Общая сумма, которую вы хотите накопить.",
          "label": "Целевая сумма",
        },
      },
      "keywords": [
        "калькулятор накоплений",
        "цель накоплений",
        "сколько копить",
        "сложные проценты",
        "план накоплений",
        "финансовый калькулятор",
        "ежемесячные сбережения",
      ],
      "outputs": {
        "monthsToGoal": {
          "help": "Количество месяцев до достижения цели.",
          "label": "Месяцев до цели",
        },
        "totalContributions": {
          "help": "Начальные сбережения плюс все ежемесячные взносы.",
          "label": "Всего внесено",
        },
        "totalInterest": {
          "help": "Рост за счёт сложных процентов сверх ваших взносов.",
          "label": "Заработано процентов",
        },
        "yearsToGoal": {
          "help": "Тот же период в годах.",
          "label": "Лет до цели",
        },
      },
      "short": "Узнайте, сколько месяцев потребуется для достижения вашей цели по сбережениям.",
      "title": "Калькулятор цели накоплений",
    },
    "tr": {
      "description": "Ücretsiz tasarruf hedefi hesaplayıcı. Hedef tutarınızı, mevcut birikimlerinizi, aylık katkı miktarınızı ve beklenen yıllık getiriyi girerek hedefinize ne zaman ulaşacağınızı görün.",
      "errors": {
        "contributionTooLow": "Aylık katkı sıfırdan büyük olmalıdır.",
        "goalNotReachable": "Bu girdilerle hedefe 100 yıl içinde ulaşmak mümkün değil.",
        "targetTooLow": "Hedef tutar sıfırdan büyük olmalıdır.",
      },
      "faq": [
        {
          "a": "Yüksek getirili mevduat hesapları %4–5 civarında faiz sunabilir. Çeşitlendirilmiş hisse senedi endeks fonları tarihsel olarak enflasyon öncesi yıllık yaklaşık %7–10 getiri sağlamıştır. Kısa vadeli hedefler için muhafazakâr (%4–6), uzun vadeli yatırımlar için orta düzey (%6–8) bir tahmin kullanın.",
          "q": "Hangi yıllık getiri oranını kullanmalıyım?",
        },
        {
          "a": "Hayır. Enflasyona göre düzenlenmiş sonuçlar elde etmek için nominal oranından beklenen enflasyonu (yaklaşık %2–3) çıkararak 'reel' getiri oranını kullanın.",
          "q": "Hesaplayıcı enflasyonu hesaba katıyor mu?",
        },
        {
          "a": "Ortalama aylık katkı miktarınızı girin. Katkı miktarınız değiştiğinde hesaplayıcıyı yeniden çalıştırabilirsiniz.",
          "q": "Her ay aynı miktarı katkıda bulunamazsam ne yapmalıyım?",
        },
      ],
      "inputs": {
        "annualReturn": {
          "help": "Beklenen yıllık faiz veya yatırım getirisi. Varsayılan değer %5.",
          "label": "Yıllık Getiri (%)",
        },
        "currentSavings": {
          "help": "Bu hedef için halihazırda biriktirdiğiniz tutar.",
          "label": "Mevcut Birikim",
        },
        "monthlyContribution": {
          "help": "Her ay ekleyeceğiniz sabit tutar.",
          "label": "Aylık Katkı",
        },
        "targetAmount": {
          "help": "Biriktirmek istediğiniz toplam tutar.",
          "label": "Hedef Tutar",
        },
      },
      "keywords": [
        "tasarruf hedefi hesaplayıcı",
        "ne kadar sürer",
        "aylık birikim",
        "bileşik faiz",
        "tasarruf planı",
        "birikim süresi",
        "tasarruf hesaplama",
      ],
      "outputs": {
        "monthsToGoal": {
          "help": "Tasarruf hedefinize ulaşana kadar geçecek ay sayısı.",
          "label": "Hedefe Ay Sayısı",
        },
        "totalContributions": {
          "help": "Başlangıç birikimi artı tüm aylık yatırımların toplamı.",
          "label": "Toplam Katkı",
        },
        "totalInterest": {
          "help": "Katkılarınızın üzerine bileşik faizden elde edilen büyüme.",
          "label": "Kazanılan Faiz",
        },
        "yearsToGoal": {
          "help": "Aynı süre yıl cinsinden.",
          "label": "Hedefe Yıl Sayısı",
        },
      },
      "short": "Birikim hedefinize kaç ayda ulaşacağınızı öğrenin.",
      "title": "Tasarruf Hedefi Hesaplayıcı",
    },
    "zh": {
      "description": "免费储蓄目标计算器。输入目标金额、当前存款、每月存入金额和预期年收益率，即可查看何时实现储蓄目标。",
      "errors": {
        "contributionTooLow": "每月存入金额必须大于零。",
        "goalNotReachable": "在这些条件下，无法在100年内实现目标。",
        "targetTooLow": "目标金额必须大于零。",
      },
      "faq": [
        {
          "a": "高收益储蓄账户可能提供3–5%的年利率。多元化股票指数基金历史上通货膨胀前年均回报约7–10%。短期目标使用4–6%，长期投资使用6–8%。",
          "q": "应该使用多少年收益率？",
        },
        {
          "a": "不考虑。请将预期通胀率（约2–3%）从名义利率中减去，以获得实际回报率。",
          "q": "计算器是否考虑通货膨胀？",
        },
      ],
      "inputs": {
        "annualReturn": {
          "help": "预期年利率或投资回报率，默认为5%。",
          "label": "年收益率（%）",
        },
        "currentSavings": {
          "help": "您已为该目标存入的金额。",
          "label": "当前存款",
        },
        "monthlyContribution": {
          "help": "每月固定存入的金额。",
          "label": "每月存入金额",
        },
        "targetAmount": {
          "help": "您希望储蓄的总金额。",
          "label": "目标金额",
        },
      },
      "keywords": [
        "储蓄目标计算器",
        "需要多久存钱",
        "每月储蓄",
        "复利计算",
        "储蓄计划",
        "理财计算器",
        "存钱计划",
      ],
      "outputs": {
        "monthsToGoal": {
          "help": "达到储蓄目标需要的月数。",
          "label": "达成目标所需月数",
        },
        "totalContributions": {
          "help": "初始存款加上所有每月存款的总和。",
          "label": "总存入金额",
        },
        "totalInterest": {
          "help": "在存款基础上通过复利获得的增长。",
          "label": "获得的利息",
        },
        "yearsToGoal": {
          "help": "以年为单位的相同时间段。",
          "label": "达成目标所需年数",
        },
      },
      "short": "计算实现储蓄目标需要多少个月。",
      "title": "储蓄目标计算器",
    },
  },
  "icon": Any<String>,
  "inputSchema": ZodObject {
    "decode": [Function],
    "decodeAsync": [Function],
    "def": {
      "checks": [
        $ZodCheck {},
      ],
      "shape": {
        "annualReturn": ZodDefault {
          "decode": [Function],
          "decodeAsync": [Function],
          "def": {
            "defaultValue": 5,
            "innerType": ZodNumber {
              "decode": [Function],
              "decodeAsync": [Function],
              "def": {
                "checks": [
                  $ZodCheckGreaterThan {},
                  $ZodCheckLessThan {},
                ],
                "type": "number",
              },
              "default": [Function],
              "encode": [Function],
              "encodeAsync": [Function],
              "format": null,
              "isFinite": true,
              "isInt": false,
              "maxValue": 100,
              "minValue": 0,
              "parse": [Function],
              "parseAsync": [Function],
              "safeDecode": [Function],
              "safeDecodeAsync": [Function],
              "safeEncode": [Function],
              "safeEncodeAsync": [Function],
              "safeParse": [Function],
              "safeParseAsync": [Function],
              "spa": [Function],
              "toJSONSchema": [Function],
              "type": "number",
            },
            "type": "default",
          },
          "encode": [Function],
          "encodeAsync": [Function],
          "parse": [Function],
          "parseAsync": [Function],
          "removeDefault": [Function],
          "safeDecode": [Function],
          "safeDecodeAsync": [Function],
          "safeEncode": [Function],
          "safeEncodeAsync": [Function],
          "safeParse": [Function],
          "safeParseAsync": [Function],
          "spa": [Function],
          "toJSONSchema": [Function],
          "type": "default",
          "unwrap": [Function],
        },
        "currentSavings": ZodNumber {
          "decode": [Function],
          "decodeAsync": [Function],
          "def": {
            "checks": [
              $ZodCheckGreaterThan {},
            ],
            "type": "number",
          },
          "encode": [Function],
          "encodeAsync": [Function],
          "format": null,
          "isFinite": true,
          "isInt": false,
          "maxValue": Infinity,
          "minValue": 0,
          "parse": [Function],
          "parseAsync": [Function],
          "safeDecode": [Function],
          "safeDecodeAsync": [Function],
          "safeEncode": [Function],
          "safeEncodeAsync": [Function],
          "safeParse": [Function],
          "safeParseAsync": [Function],
          "spa": [Function],
          "toJSONSchema": [Function],
          "type": "number",
        },
        "monthlyContribution": ZodNumber {
          "decode": [Function],
          "decodeAsync": [Function],
          "def": {
            "checks": [
              $ZodCheckGreaterThan {},
            ],
            "type": "number",
          },
          "encode": [Function],
          "encodeAsync": [Function],
          "format": null,
          "isFinite": true,
          "isInt": false,
          "maxValue": Infinity,
          "minValue": 0,
          "parse": [Function],
          "parseAsync": [Function],
          "safeDecode": [Function],
          "safeDecodeAsync": [Function],
          "safeEncode": [Function],
          "safeEncodeAsync": [Function],
          "safeParse": [Function],
          "safeParseAsync": [Function],
          "spa": [Function],
          "toJSONSchema": [Function],
          "type": "number",
        },
        "targetAmount": ZodNumber {
          "decode": [Function],
          "decodeAsync": [Function],
          "def": {
            "checks": [
              $ZodCheckGreaterThan {},
            ],
            "type": "number",
          },
          "encode": [Function],
          "encodeAsync": [Function],
          "format": null,
          "isFinite": true,
          "isInt": false,
          "maxValue": Infinity,
          "minValue": 0,
          "parse": [Function],
          "parseAsync": [Function],
          "safeDecode": [Function],
          "safeDecodeAsync": [Function],
          "safeEncode": [Function],
          "safeEncodeAsync": [Function],
          "safeParse": [Function],
          "safeParseAsync": [Function],
          "spa": [Function],
          "toJSONSchema": [Function],
          "type": "number",
        },
      },
      "type": "object",
    },
    "encode": [Function],
    "encodeAsync": [Function],
    "parse": [Function],
    "parseAsync": [Function],
    "safeDecode": [Function],
    "safeDecodeAsync": [Function],
    "safeEncode": [Function],
    "safeEncodeAsync": [Function],
    "safeParse": [Function],
    "safeParseAsync": [Function],
    "spa": [Function],
    "toJSONSchema": [Function],
    "type": "object",
  },
  "inputs": [
    {
      "defaultValue": 10000,
      "id": "targetAmount",
      "required": true,
      "type": {
        "kind": "number",
        "max": 10000000,
        "min": 1,
        "step": 100,
        "unit": "usd",
      },
    },
    {
      "defaultValue": 0,
      "id": "currentSavings",
      "required": true,
      "type": {
        "kind": "number",
        "max": 10000000,
        "min": 0,
        "step": 100,
        "unit": "usd",
      },
    },
    {
      "defaultValue": 200,
      "id": "monthlyContribution",
      "required": true,
      "type": {
        "kind": "number",
        "max": 100000,
        "min": 1,
        "step": 50,
        "unit": "usd",
      },
    },
    {
      "defaultValue": 5,
      "id": "annualReturn",
      "required": false,
      "type": {
        "kind": "number",
        "max": 100,
        "min": 0,
        "step": 0.1,
        "unit": "percent",
      },
    },
  ],
  "meta": {
    "compareEnabled": true,
    "disclaimer": "Results are estimates based on a constant annual return. Actual investment returns vary and are not guaranteed.",
    "formulaLatex": "\\text{balance} = \\text{currentSavings} \\times (1+r)^n + \\text{PMT} \\times \\frac{(1+r)^n - 1}{r}",
    "nlEnabled": true,
    "references": [
      {
        "authority": "FINRA",
        "title": "Savings Calculator",
        "url": "https://tools.finra.org/",
      },
      {
        "authority": "SEC Investor.gov",
        "title": "Compound Interest",
        "url": "https://www.investor.gov/financial-tools-calculators/calculators/compound-interest-calculator",
      },
    ],
  },
  "outputs": [
    {
      "format": "number",
      "highlight": true,
      "id": "monthsToGoal",
      "precision": 0,
    },
    {
      "format": "number",
      "id": "yearsToGoal",
      "precision": 2,
    },
    {
      "format": "number",
      "id": "totalContributions",
      "precision": 2,
      "unit": "usd",
    },
    {
      "format": "number",
      "id": "totalInterest",
      "precision": 2,
      "unit": "usd",
    },
  ],
  "priority": Any<String>,
  "related": [
    "investment-return",
    "salary",
    "credit-card-payoff",
  ],
  "slug": Any<String>,
  "tags": [
    "savings",
    "goal",
    "compound interest",
    "finance",
    "investment",
  ],
}
`;
