// Vitest Snapshot v1, https://vitest.dev/guide/snapshot.html

exports[`BMI Kids definition — shape snapshot > snapshot: definition shape 1`] = `
{
  "category": Any<String>,
  "compute": [Function],
  "i18n": {
    "ar": {
      "description": "حاسبة مجانية لمؤشر كتلة الجسم للأطفال من سن 2 إلى 20 عامًا. أدخل العمر والجنس والطول والوزن للحصول على مؤشر كتلة الجسم وحالة الوزن وتقدير المئيني.",
      "errors": {
        "ageOutOfRange": "يجب أن يكون العمر بين 2 و20 عامًا.",
        "heightOutOfRange": "يرجى إدخال طول صحيح.",
        "weightOutOfRange": "يرجى إدخال وزن صحيح.",
      },
      "faq": [
        {
          "a": "عتبات مؤشر كتلة الجسم للبالغين لا تنطبق على الأطفال لأن نسبة الدهون في الجسم تتغير بشكل ملحوظ مع تقدم العمر وتختلف بين الذكور والإناث. يُفسَّر مؤشر كتلة الجسم للأطفال باستخدام منحنيات مئينية مخصصة للعمر والجنس.",
          "q": "لماذا لا يمكن استخدام فئات مؤشر كتلة الجسم للبالغين مع الأطفال؟",
        },
        {
          "a": "نقص الوزن: دون المئيني الخامس؛ الوزن الصحي: المئيني 5 إلى 85؛ زيادة الوزن: المئيني 85 إلى 95؛ السمنة: المئيني 95 فأكثر.",
          "q": "ما معنى تصنيفات حالة الوزن؟",
        },
        {
          "a": "ليس بالضرورة. المؤشر أداة فحص وليس تشخيصًا. قد يمتلك بعض الأطفال ذوي المؤشر المرتفع كتلة عضلية كبيرة بدلًا من فائض الدهون. يستطيع طبيب الأطفال إجراء تقييم شامل للتأكد.",
          "q": "هل المؤشر المرتفع دائمًا مشكلة صحية للطفل؟",
        },
      ],
      "inputs": {
        "age": {
          "help": "عمر الطفل بالسنوات الكاملة (من 2 إلى 20).",
          "label": "العمر (سنوات)",
        },
        "gender": {
          "help": "يحدد الجنس عتبات المئيني في منحنيات نمو CDC.",
          "label": "الجنس",
        },
        "height": {
          "help": "طول الطفل بالسنتيمتر (متري) أو البوصة (إمبراطوري).",
          "label": "الطول",
        },
        "unit": {
          "help": "اختر المتري (كجم/سم) أو الإمبراطوري (رطل/بوصة).",
          "label": "نظام الوحدات",
        },
        "weight": {
          "help": "الوزن الحالي للطفل.",
          "label": "الوزن",
        },
      },
      "keywords": [
        "حاسبة مؤشر كتلة الجسم للأطفال",
        "مؤشر كتلة الجسم للأطفال",
        "مؤشر كتلة الجسم والعمر",
        "مئيني مؤشر كتلة الجسم",
        "منحنيات نمو CDC",
        "حاسبة BMI للمراهقين",
        "وزن الأطفال الصحي",
      ],
      "options": {
        "gender": {
          "female": "أنثى (بنت)",
          "male": "ذكر (صبي)",
        },
        "unit": {
          "imperial": "إمبراطوري (رطل، بوصة)",
          "metric": "متري (كجم، سم)",
        },
      },
      "outputs": {
        "bmi": {
          "help": "الوزن(كجم) ÷ الطول(م)².",
          "label": "مؤشر كتلة الجسم",
        },
        "percentileEstimate": {
          "help": "مئيني تقريبي لمؤشر كتلة الجسم حسب العمر استنادًا إلى منحنيات CDC 2000.",
          "label": "تقدير المئيني",
        },
        "weightStatus": {
          "help": "تصنيف CDC بناءً على مئيني مؤشر كتلة الجسم للعمر.",
          "label": "حالة الوزن",
        },
      },
      "short": "احسب مؤشر كتلة الجسم المرتبط بالعمر للأطفال باستخدام مئينيات منحنيات النمو CDC.",
      "title": "حاسبة مؤشر كتلة الجسم للأطفال والمراهقين (2–20 سنة)",
    },
    "de": {
      "description": "Kostenloser Kinder-BMI-Rechner für 2–20-Jährige. Ermitteln Sie BMI, Gewichtsstatus und Perzentilschätzung Ihres Kindes anhand der CDC-Wachstumskurven.",
      "errors": {
        "ageOutOfRange": "Das Alter muss zwischen 2 und 20 Jahren liegen.",
        "heightOutOfRange": "Bitte geben Sie eine gültige Körpergröße ein.",
        "weightOutOfRange": "Bitte geben Sie ein gültiges Gewicht ein.",
      },
      "faq": [
        {
          "a": "Die BMI-Grenzwerte für Erwachsene sind für Kinder nicht geeignet, da sich der Körperfettanteil mit dem Alter erheblich verändert und zwischen Mädchen und Jungen unterscheidet. Der Kinder-BMI wird anhand alters- und geschlechtsspezifischer Perzentilkurven bewertet.",
          "q": "Warum gelten die BMI-Kategorien für Erwachsene nicht für Kinder?",
        },
        {
          "a": "Untergewicht: unter 5. Perzentile; Normalgewicht: 5. bis unter 85. Perzentile; Übergewicht: 85. bis unter 95. Perzentile; Adipositas: 95. Perzentile und darüber.",
          "q": "Was bedeuten die Gewichtsstatuskategorien?",
        },
        {
          "a": "Nicht unbedingt. BMI ist ein Screening-Instrument, kein Diagnoseinstrument. Einige Kinder mit hohem BMI haben eine hohe Muskelmasse statt überschüssigem Körperfett. Ein vollständige klinische Untersuchung durch einen Kinderarzt ist für eine genaue Beurteilung erforderlich.",
          "q": "Ist ein hoher BMI bei Kindern immer ein Gesundheitsproblem?",
        },
      ],
      "inputs": {
        "age": {
          "help": "Alter des Kindes in ganzen Jahren (2 bis 20).",
          "label": "Alter (Jahre)",
        },
        "gender": {
          "help": "Das Geschlecht beeinflusst die Perzentilschwellenwerte der CDC-Wachstumskurven.",
          "label": "Geschlecht",
        },
        "height": {
          "help": "Körpergröße des Kindes in cm (metrisch) oder Zoll (imperial).",
          "label": "Größe",
        },
        "unit": {
          "help": "Metrisch (kg/cm) oder imperial (lb/in) wählen.",
          "label": "Einheitensystem",
        },
        "weight": {
          "help": "Aktuelles Körpergewicht des Kindes.",
          "label": "Gewicht",
        },
      },
      "keywords": [
        "Kinder BMI Rechner",
        "pädiatrischer BMI",
        "BMI für Alter",
        "Kind BMI Perzentile",
        "CDC Wachstumskurve",
        "BMI Kinder berechnen",
        "Jugendliche BMI",
      ],
      "options": {
        "gender": {
          "female": "Weiblich (Mädchen)",
          "male": "Männlich (Junge)",
        },
        "unit": {
          "imperial": "Imperial (lb, Zoll)",
          "metric": "Metrisch (kg, cm)",
        },
      },
      "outputs": {
        "bmi": {
          "help": "Body-Mass-Index: Gewicht(kg) ÷ Körpergröße(m)².",
          "label": "BMI",
        },
        "percentileEstimate": {
          "help": "Ungefähre Alters-BMI-Perzentile nach CDC-2000-Wachstumskurve.",
          "label": "Perzentilschätzung",
        },
        "weightStatus": {
          "help": "CDC-Kategorie basierend auf dem Alters-BMI-Perzentil.",
          "label": "Gewichtsstatus",
        },
      },
      "short": "Berechnen Sie den Alters-BMI für Kinder anhand der CDC-Wachstumskurven-Perzentilen.",
      "title": "BMI-Rechner für Kinder und Jugendliche (2–20 Jahre)",
    },
    "en": {
      "description": "Free pediatric BMI calculator for ages 2–20. Enter age, sex, height, and weight to find your child's BMI, weight status, and growth chart percentile estimate.",
      "errors": {
        "ageOutOfRange": "Age must be between 2 and 20 years.",
        "heightOutOfRange": "Please enter a valid height.",
        "weightOutOfRange": "Please enter a valid weight.",
      },
      "faq": [
        {
          "a": "Adult BMI cutoffs (underweight <18.5, healthy 18.5–24.9, etc.) do not apply to children because body fat changes significantly with age and differs between boys and girls. Children's BMI is interpreted using age- and sex-specific percentile charts developed from large reference populations.",
          "q": "Why can't I use the adult BMI categories for children?",
        },
        {
          "a": "The CDC uses four categories: Underweight (below the 5th percentile), Healthy weight (5th to below 85th percentile), Overweight (85th to below 95th percentile), and Obese (at or above the 95th percentile). These percentiles describe how a child's BMI compares to other children of the same age and sex in the reference population.",
          "q": "What do the BMI-for-age categories mean?",
        },
        {
          "a": "Not necessarily. BMI is a screening tool, not a diagnostic test. Some children with high BMI have high muscle mass rather than excess fat. A healthcare provider can perform a full assessment including physical examination, family history, and additional measurements to determine if a child's weight is a health concern.",
          "q": "Is a high BMI always a health problem for children?",
        },
        {
          "a": "This calculator uses simplified lookup tables based on the CDC 2000 growth charts. The weight status categories (underweight/healthy/overweight/obese) are accurate. The numeric percentile estimate is approximate and uses linear interpolation. For precise clinical percentile calculation, use the CDC's official BMI-for-age calculator or a licensed growth chart tool.",
          "q": "How accurate is this calculator's percentile estimate?",
        },
        {
          "a": "Healthy children generally follow a consistent growth curve over time, tracking at a similar percentile from year to year. A sudden shift in percentile rank (e.g., jumping from the 50th to the 85th percentile within one year) is more concerning than a child who has consistently tracked at the 70th percentile for years. Regular check-ups with a paediatrician are the best way to monitor growth.",
          "q": "What is a healthy growth pattern for children?",
        },
      ],
      "inputs": {
        "age": {
          "help": "Child's age in whole years (2 to 20).",
          "label": "Age (years)",
        },
        "gender": {
          "help": "Sex affects the CDC growth chart percentile thresholds.",
          "label": "Sex",
        },
        "height": {
          "help": "Child's height in centimetres (metric) or inches (imperial).",
          "label": "Height",
        },
        "unit": {
          "help": "Choose metric (kg/cm) or imperial (lb/in).",
          "label": "Unit system",
        },
        "weight": {
          "help": "Child's current body weight.",
          "label": "Weight",
        },
      },
      "keywords": [
        "BMI calculator children",
        "pediatric BMI",
        "BMI for age",
        "child BMI percentile",
        "CDC growth chart",
        "kids BMI calculator",
        "teen BMI",
      ],
      "options": {
        "gender": {
          "female": "Female (girl)",
          "male": "Male (boy)",
        },
        "unit": {
          "imperial": "Imperial (lb, in)",
          "metric": "Metric (kg, cm)",
        },
      },
      "outputs": {
        "bmi": {
          "help": "Body Mass Index: weight(kg) ÷ height(m)².",
          "label": "BMI",
        },
        "percentileEstimate": {
          "help": "Approximate BMI-for-age percentile based on CDC 2000 growth chart cutoffs.",
          "label": "Percentile estimate",
        },
        "weightStatus": {
          "help": "CDC category based on BMI-for-age percentile.",
          "label": "Weight status",
        },
      },
      "short": "Calculate BMI-for-age for children using CDC growth chart percentiles.",
      "title": "BMI Calculator for Children & Teens (Ages 2–20)",
    },
    "es": {
      "description": "Calculadora de IMC pediátrico gratuita para edades de 2–20 años. Obtén el IMC, el estado de peso y la estimación del percentil de tu hijo según las gráficas de crecimiento CDC 2000.",
      "errors": {
        "ageOutOfRange": "La edad debe estar entre 2 y 20 años.",
        "heightOutOfRange": "Por favor introduce una altura válida.",
        "weightOutOfRange": "Por favor introduce un peso válido.",
      },
      "faq": [
        {
          "a": "Los umbrales adultos no se aplican a niños porque la grasa corporal cambia significativamente con la edad y difiere entre niños y niñas. El IMC infantil se interpreta con gráficas de percentiles específicas por edad y sexo.",
          "q": "¿Por qué no puedo usar las categorías de IMC para adultos en niños?",
        },
        {
          "a": "Bajo peso: por debajo del percentil 5; Peso saludable: percentil 5 al 85; Sobrepeso: percentil 85 al 95; Obesidad: percentil 95 o superior.",
          "q": "¿Qué significan las categorías de estado de peso?",
        },
        {
          "a": "No necesariamente. El IMC es una herramienta de cribado, no un diagnóstico. Algunos niños con IMC alto tienen mucha masa muscular en lugar de exceso de grasa. Un pediatra puede realizar una evaluación completa.",
          "q": "¿Un IMC alto siempre es un problema de salud en niños?",
        },
      ],
      "inputs": {
        "age": {
          "help": "Edad del niño en años completos (2 a 20).",
          "label": "Edad (años)",
        },
        "gender": {
          "help": "El sexo afecta los umbrales de percentil de las gráficas de crecimiento CDC.",
          "label": "Sexo",
        },
        "height": {
          "help": "Altura del niño en centímetros (métrico) o pulgadas (imperial).",
          "label": "Altura",
        },
        "unit": {
          "help": "Elige métrico (kg/cm) o imperial (lb/in).",
          "label": "Sistema de unidades",
        },
        "weight": {
          "help": "Peso corporal actual del niño.",
          "label": "Peso",
        },
      },
      "keywords": [
        "calculadora IMC niños",
        "IMC pediátrico",
        "IMC para edad",
        "percentil IMC niño",
        "gráfica crecimiento CDC",
        "calculadora IMC adolescente",
        "IMC infantil",
      ],
      "options": {
        "gender": {
          "female": "Femenino (niña)",
          "male": "Masculino (niño)",
        },
        "unit": {
          "imperial": "Imperial (lb, in)",
          "metric": "Métrico (kg, cm)",
        },
      },
      "outputs": {
        "bmi": {
          "help": "Índice de masa corporal: peso(kg) ÷ altura(m)².",
          "label": "IMC",
        },
        "percentileEstimate": {
          "help": "Percentil aproximado de IMC-para-la-edad según las gráficas CDC 2000.",
          "label": "Estimación del percentil",
        },
        "weightStatus": {
          "help": "Categoría CDC basada en el percentil de IMC-para-la-edad.",
          "label": "Estado de peso",
        },
      },
      "short": "Calcula el IMC-para-la-edad de niños usando los percentiles de las gráficas de crecimiento CDC.",
      "title": "Calculadora de IMC para niños y adolescentes (2–20 años)",
    },
    "fr": {
      "description": "Calculateur d'IMC pédiatrique gratuit pour les 2–20 ans. Obtenez l'IMC, la catégorie de poids et l'estimation du percentile selon les courbes de croissance CDC 2000.",
      "errors": {
        "ageOutOfRange": "L'âge doit être compris entre 2 et 20 ans.",
        "heightOutOfRange": "Veuillez entrer une taille valide.",
        "weightOutOfRange": "Veuillez entrer un poids valide.",
      },
      "faq": [
        {
          "a": "Les seuils adultes ne s'appliquent pas aux enfants car la masse grasse évolue significativement avec l'âge et diffère entre filles et garçons. L'IMC de l'enfant s'interprète à l'aide de courbes de percentiles spécifiques à l'âge et au sexe.",
          "q": "Pourquoi ne peut-on pas utiliser les catégories d'IMC adultes pour les enfants ?",
        },
        {
          "a": "Insuffisance pondérale : en dessous du 5ᵉ percentile ; Poids normal : 5ᵉ au 85ᵉ percentile ; Surpoids : 85ᵉ au 95ᵉ percentile ; Obésité : au-delà du 95ᵉ percentile.",
          "q": "Que signifient les catégories de statut pondéral ?",
        },
        {
          "a": "Pas nécessairement. L'IMC est un outil de dépistage, non un test diagnostique. Certains enfants avec un IMC élevé ont une masse musculaire importante plutôt que de l'excès de graisse. Un pédiatre peut réaliser une évaluation complète pour déterminer si le poids de l'enfant constitue un problème de santé.",
          "q": "Un IMC élevé est-il toujours un problème de santé pour un enfant ?",
        },
      ],
      "inputs": {
        "age": {
          "help": "Âge de l'enfant en années complètes (2 à 20).",
          "label": "Âge (années)",
        },
        "gender": {
          "help": "Le sexe influe sur les seuils de percentile des courbes de croissance CDC.",
          "label": "Sexe",
        },
        "height": {
          "help": "Taille de l'enfant en centimètres (métrique) ou en pouces (impérial).",
          "label": "Taille",
        },
        "unit": {
          "help": "Choisissez métrique (kg/cm) ou impérial (lb/po).",
          "label": "Système d'unités",
        },
        "weight": {
          "help": "Poids corporel actuel de l'enfant.",
          "label": "Poids",
        },
      },
      "keywords": [
        "calculateur IMC enfant",
        "IMC pédiatrique",
        "IMC pour âge",
        "percentile IMC enfant",
        "courbe de croissance CDC",
        "IMC adolescent",
        "calcul IMC enfant",
      ],
      "options": {
        "gender": {
          "female": "Féminin (fille)",
          "male": "Masculin (garçon)",
        },
        "unit": {
          "imperial": "Impérial (lb, po)",
          "metric": "Métrique (kg, cm)",
        },
      },
      "outputs": {
        "bmi": {
          "help": "Indice de masse corporelle : poids(kg) ÷ taille(m)².",
          "label": "IMC",
        },
        "percentileEstimate": {
          "help": "Percentile IMC-pour-âge approximatif selon les courbes de croissance CDC 2000.",
          "label": "Estimation du percentile",
        },
        "weightStatus": {
          "help": "Catégorie CDC basée sur le percentile IMC-pour-âge.",
          "label": "Statut pondéral",
        },
      },
      "short": "Calculez l'IMC-pour-âge des enfants selon les percentiles des courbes de croissance CDC.",
      "title": "Calculateur d'IMC pour enfants et adolescents (2–20 ans)",
    },
    "hi": {
      "description": "2–20 वर्ष के बच्चों के लिए निःशुल्क बाल चिकित्सा BMI कैलकुलेटर। आयु, लिंग, ऊंचाई और वज़न दर्ज करें और CDC 2000 विकास वक्र के आधार पर BMI, वज़न स्थिति और प्रतिशत अनुमान जानें।",
      "errors": {
        "ageOutOfRange": "आयु 2 से 20 वर्ष के बीच होनी चाहिए।",
        "heightOutOfRange": "कृपया एक मान्य ऊंचाई दर्ज करें।",
        "weightOutOfRange": "कृपया एक मान्य वज़न दर्ज करें।",
      },
      "faq": [
        {
          "a": "वयस्क BMI सीमाएं बच्चों पर लागू नहीं होती क्योंकि शरीर में वसा आयु के साथ काफी बदलती है और लड़कों तथा लड़कियों में भिन्न होती है। बच्चों के BMI को आयु और लिंग के अनुसार पर्सेंटाइल चार्ट से मापा जाता है।",
          "q": "बच्चों के लिए वयस्क BMI श्रेणियां क्यों उपयोग नहीं की जा सकतीं?",
        },
        {
          "a": "कम वज़न: 5वें प्रतिशत से नीचे; स्वस्थ वज़न: 5वें से 85वें प्रतिशत; अधिक वज़न: 85वें से 95वें प्रतिशत; मोटापा: 95वें प्रतिशत या उससे अधिक।",
          "q": "वज़न स्थिति श्रेणियों का अर्थ क्या है?",
        },
        {
          "a": "जरूरी नहीं। BMI एक स्क्रीनिंग उपकरण है, नैदानिक परीक्षण नहीं। कुछ उच्च BMI वाले बच्चों में अतिरिक्त वसा की बजाय उच्च मांसपेशी द्रव्यमान होता है। बाल रोग विशेषज्ञ पूर्ण मूल्यांकन कर सकते हैं।",
          "q": "क्या उच्च BMI हमेशा बच्चों के लिए स्वास्थ्य समस्या है?",
        },
      ],
      "inputs": {
        "age": {
          "help": "बच्चे की पूर्ण वर्षों में आयु (2 से 20 के बीच)।",
          "label": "आयु (वर्ष)",
        },
        "gender": {
          "help": "लिंग CDC विकास वक्र के प्रतिशत सीमाओं को प्रभावित करता है।",
          "label": "लिंग",
        },
        "height": {
          "help": "बच्चे की ऊंचाई सेंटीमीटर (मेट्रिक) या इंच (इम्पीरियल) में।",
          "label": "ऊंचाई",
        },
        "unit": {
          "help": "मेट्रिक (kg/cm) या इम्पीरियल (lb/in) चुनें।",
          "label": "माप प्रणाली",
        },
        "weight": {
          "help": "बच्चे का वर्तमान शारीरिक वज़न।",
          "label": "वज़न",
        },
      },
      "keywords": [
        "बच्चों का BMI कैलकुलेटर",
        "बाल चिकित्सा BMI",
        "आयु-आधारित BMI",
        "बच्चों का BMI प्रतिशत",
        "CDC विकास वक्र",
        "किशोर BMI",
        "बच्चों का स्वस्थ वज़न",
      ],
      "options": {
        "gender": {
          "female": "महिला (लड़की)",
          "male": "पुरुष (लड़का)",
        },
        "unit": {
          "imperial": "इम्पीरियल (lb, in)",
          "metric": "मेट्रिक (kg, cm)",
        },
      },
      "outputs": {
        "bmi": {
          "help": "बॉडी मास इंडेक्स: वज़न(kg) ÷ ऊंचाई(m)²।",
          "label": "BMI",
        },
        "percentileEstimate": {
          "help": "CDC 2000 विकास वक्र के आधार पर अनुमानित आयु-आधारित BMI प्रतिशत।",
          "label": "प्रतिशत अनुमान",
        },
        "weightStatus": {
          "help": "आयु-आधारित BMI प्रतिशत के अनुसार CDC श्रेणी।",
          "label": "वज़न स्थिति",
        },
      },
      "short": "CDC विकास वक्र प्रतिशत का उपयोग करके बच्चों की आयु-आधारित BMI गणना करें।",
      "title": "बच्चों और किशोरों के लिए BMI कैलकुलेटर (2–20 वर्ष)",
    },
    "it": {
      "description": "Calcolatore di BMI pediatrico gratuito per le età da 2 a 20 anni. Ottieni BMI, stato ponderale e stima del percentile del tuo bambino secondo le curve di crescita CDC 2000.",
      "errors": {
        "ageOutOfRange": "L'età deve essere compresa tra 2 e 20 anni.",
        "heightOutOfRange": "Inserisci un'altezza valida.",
        "weightOutOfRange": "Inserisci un peso valido.",
      },
      "faq": [
        {
          "a": "I valori soglia per gli adulti non si applicano ai bambini perché il grasso corporeo cambia significativamente con l'età e varia tra maschi e femmine. Il BMI dei bambini si interpreta usando curve percentili specifiche per età e sesso.",
          "q": "Perché non posso usare le categorie BMI adulti per i bambini?",
        },
        {
          "a": "Sottopeso: al di sotto del 5° percentile; Normopeso: 5°–85° percentile; Sovrappeso: 85°–95° percentile; Obesità: 95° percentile o superiore.",
          "q": "Cosa significano le categorie di stato ponderale?",
        },
        {
          "a": "Non necessariamente. Il BMI è uno strumento di screening, non diagnostico. Alcuni bambini con BMI elevato hanno alta massa muscolare anziché eccesso di grasso. Un pediatra può eseguire una valutazione completa.",
          "q": "Un BMI alto è sempre un problema di salute per i bambini?",
        },
      ],
      "inputs": {
        "age": {
          "help": "Età del bambino in anni interi (2–20).",
          "label": "Età (anni)",
        },
        "gender": {
          "help": "Il sesso influisce sulle soglie di percentile delle curve di crescita CDC.",
          "label": "Sesso",
        },
        "height": {
          "help": "Altezza del bambino in centimetri (metrico) o pollici (imperiale).",
          "label": "Altezza",
        },
        "unit": {
          "help": "Scegli tra metrico (kg/cm) o imperiale (lb/in).",
          "label": "Sistema di unità",
        },
        "weight": {
          "help": "Peso corporeo attuale del bambino.",
          "label": "Peso",
        },
      },
      "keywords": [
        "calcolatore BMI bambini",
        "BMI pediatrico",
        "BMI per età",
        "percentile BMI bambino",
        "curva crescita CDC",
        "calcolatore BMI adolescenti",
        "BMI infantile",
      ],
      "options": {
        "gender": {
          "female": "Femmina (bambina)",
          "male": "Maschio (bambino)",
        },
        "unit": {
          "imperial": "Imperiale (lb, in)",
          "metric": "Metrico (kg, cm)",
        },
      },
      "outputs": {
        "bmi": {
          "help": "Indice di massa corporea: peso(kg) ÷ altezza(m)².",
          "label": "BMI",
        },
        "percentileEstimate": {
          "help": "Percentile BMI-per-età approssimativo secondo le curve CDC 2000.",
          "label": "Stima del percentile",
        },
        "weightStatus": {
          "help": "Categoria CDC basata sul percentile BMI-per-età.",
          "label": "Stato ponderale",
        },
      },
      "short": "Calcola il BMI-per-età per bambini usando i percentili delle curve di crescita CDC.",
      "title": "Calcolatore di BMI per bambini e adolescenti (2–20 anni)",
    },
    "ja": {
      "description": "2〜20歳の子ども向け無料小児BMI計算機。年齢・性別・身長・体重を入力して、BMI・体重区分・CDC 2000年成長曲線に基づくパーセンタイル推定値を確認できます。",
      "errors": {
        "ageOutOfRange": "年齢は2〜20歳の範囲で入力してください。",
        "heightOutOfRange": "有効な身長を入力してください。",
        "weightOutOfRange": "有効な体重を入力してください。",
      },
      "faq": [
        {
          "a": "成人のBMI基準値は、体脂肪が年齢とともに大きく変化し、男女間でも異なるため、子どもには適用できません。小児BMIは年齢・性別別のパーセンタイル曲線を使って評価されます。",
          "q": "なぜ子どもに成人のBMI区分を使えないのですか？",
        },
        {
          "a": "低体重：5パーセンタイル未満；普通体重：5〜85パーセンタイル；過体重：85〜95パーセンタイル；肥満：95パーセンタイル以上。",
          "q": "体重区分の意味は？",
        },
        {
          "a": "そうとは限りません。BMIはスクリーニングツールであり、診断ツールではありません。BMIが高い子どもの中には、体脂肪ではなく筋肉量が多い場合もあります。小児科医による総合的な評価が推奨されます。",
          "q": "BMIが高い子どもは必ず健康上の問題がありますか？",
        },
      ],
      "inputs": {
        "age": {
          "help": "子どもの年齢（整数、2〜20歳）。",
          "label": "年齢（歳）",
        },
        "gender": {
          "help": "性別はCDC成長曲線のパーセンタイル閾値を決定します。",
          "label": "性別",
        },
        "height": {
          "help": "子どもの身長（センチメートルまたはインチ）。",
          "label": "身長",
        },
        "unit": {
          "help": "メートル法（kg/cm）またはヤード・ポンド法（lb/in）を選択。",
          "label": "単位系",
        },
        "weight": {
          "help": "子どもの現在の体重。",
          "label": "体重",
        },
      },
      "keywords": [
        "子ども BMI計算機",
        "小児 BMI",
        "年齢別 BMI",
        "子ども BMI パーセンタイル",
        "CDC 成長曲線",
        "青少年 BMI",
        "小児肥満",
      ],
      "options": {
        "gender": {
          "female": "女性（女の子）",
          "male": "男性（男の子）",
        },
        "unit": {
          "imperial": "ヤード・ポンド法（lb・in）",
          "metric": "メートル法（kg・cm）",
        },
      },
      "outputs": {
        "bmi": {
          "help": "体格指数：体重(kg) ÷ 身長(m)²。",
          "label": "BMI",
        },
        "percentileEstimate": {
          "help": "CDC 2000年成長曲線に基づく年齢別BMIの推定パーセンタイル。",
          "label": "パーセンタイル推定",
        },
        "weightStatus": {
          "help": "年齢別BMIパーセンタイルに基づくCDC分類。",
          "label": "体重区分",
        },
      },
      "short": "CDC成長曲線パーセンタイルを使って子どもの年齢別BMIを計算します。",
      "title": "子ども・青少年用BMI計算機（2〜20歳）",
    },
    "ko": {
      "description": "2~20세 어린이를 위한 무료 소아 BMI 계산기. 나이, 성별, 키, 체중을 입력하면 BMI, 체중 상태, CDC 2000년 성장 곡선 기반 백분위수 추정치를 확인할 수 있습니다.",
      "errors": {
        "ageOutOfRange": "나이는 2~20세 사이여야 합니다.",
        "heightOutOfRange": "유효한 키를 입력하세요.",
        "weightOutOfRange": "유효한 체중을 입력하세요.",
      },
      "faq": [
        {
          "a": "성인 BMI 기준값은 어린이에게 적용할 수 없습니다. 체지방은 나이에 따라 크게 변하고, 남자아이와 여자아이 간에도 차이가 있기 때문입니다. 어린이 BMI는 연령·성별별 백분위 곡선으로 평가됩니다.",
          "q": "어린이에게 성인 BMI 범주를 왜 사용할 수 없나요?",
        },
        {
          "a": "저체중: 5백분위수 미만; 건강 체중: 5~85백분위수; 과체중: 85~95백분위수; 비만: 95백분위수 이상.",
          "q": "체중 상태 분류는 무엇을 의미하나요?",
        },
        {
          "a": "반드시 그렇지는 않습니다. BMI는 선별 도구이지 진단 도구가 아닙니다. 일부 BMI가 높은 어린이는 체지방이 아닌 근육량이 많을 수 있습니다. 소아과 의사의 종합적인 평가가 권장됩니다.",
          "q": "어린이의 BMI가 높으면 항상 건강 문제인가요?",
        },
      ],
      "inputs": {
        "age": {
          "help": "아이의 만 나이(2~20세).",
          "label": "나이(세)",
        },
        "gender": {
          "help": "성별은 CDC 성장 곡선의 백분위수 기준값에 영향을 줍니다.",
          "label": "성별",
        },
        "height": {
          "help": "아이의 키(센티미터 또는 인치).",
          "label": "키",
        },
        "unit": {
          "help": "미터법(kg/cm) 또는 야드파운드법(lb/in)을 선택하세요.",
          "label": "단위 시스템",
        },
        "weight": {
          "help": "아이의 현재 체중.",
          "label": "체중",
        },
      },
      "keywords": [
        "어린이 BMI 계산기",
        "소아 BMI",
        "연령별 BMI",
        "어린이 BMI 백분위수",
        "CDC 성장 곡선",
        "청소년 BMI",
        "소아 비만",
      ],
      "options": {
        "gender": {
          "female": "여성(여자아이)",
          "male": "남성(남자아이)",
        },
        "unit": {
          "imperial": "야드파운드법(lb, in)",
          "metric": "미터법(kg, cm)",
        },
      },
      "outputs": {
        "bmi": {
          "help": "체질량지수: 체중(kg) ÷ 키(m)².",
          "label": "BMI",
        },
        "percentileEstimate": {
          "help": "CDC 2000년 성장 곡선 기반 연령별 BMI 근사 백분위수.",
          "label": "백분위수 추정",
        },
        "weightStatus": {
          "help": "연령별 BMI 백분위수에 따른 CDC 분류.",
          "label": "체중 상태",
        },
      },
      "short": "CDC 성장 곡선 백분위수를 사용하여 어린이의 연령별 BMI를 계산하세요.",
      "title": "어린이 및 청소년 BMI 계산기 (2~20세)",
    },
    "ru": {
      "description": "Бесплатный педиатрический калькулятор ИМТ для детей в возрасте 2–20 лет. Введите возраст, пол, рост и вес, чтобы получить ИМТ, весовой статус и оценку перцентиля по ростовым кривым CDC 2000.",
      "errors": {
        "ageOutOfRange": "Возраст должен быть от 2 до 20 лет.",
        "heightOutOfRange": "Введите корректное значение роста.",
        "weightOutOfRange": "Введите корректное значение массы тела.",
      },
      "faq": [
        {
          "a": "Пороговые значения для взрослых неприменимы к детям, так как содержание жира в организме значительно меняется с возрастом и различается у мальчиков и девочек. Детский ИМТ интерпретируется по возрастно- и половоспецифичным центильным кривым.",
          "q": "Почему нельзя использовать категории ИМТ для взрослых у детей?",
        },
        {
          "a": "Дефицит массы тела: ниже 5-го перцентиля; Нормальная масса: 5–85-й перцентиль; Избыточная масса: 85–95-й перцентиль; Ожирение: 95-й перцентиль и выше.",
          "q": "Что означают категории весового статуса?",
        },
        {
          "a": "Не всегда. ИМТ — инструмент скрининга, а не диагностический тест. Некоторые дети с высоким ИМТ имеют высокую мышечную массу, а не избыток жира. Педиатр может провести полноценное обследование для оценки реального состояния здоровья.",
          "q": "Всегда ли высокий ИМТ является проблемой для здоровья ребёнка?",
        },
      ],
      "inputs": {
        "age": {
          "help": "Возраст ребёнка в полных годах (от 2 до 20).",
          "label": "Возраст (лет)",
        },
        "gender": {
          "help": "Пол влияет на пороговые значения перцентилей ростовых кривых CDC.",
          "label": "Пол",
        },
        "height": {
          "help": "Рост ребёнка в сантиметрах (метрическая) или дюймах (имперская).",
          "label": "Рост",
        },
        "unit": {
          "help": "Метрическая (кг/см) или имперская (фунт/дюйм).",
          "label": "Система единиц",
        },
        "weight": {
          "help": "Текущий вес ребёнка.",
          "label": "Масса тела",
        },
      },
      "keywords": [
        "калькулятор ИМТ дети",
        "педиатрический ИМТ",
        "ИМТ для возраста",
        "перцентиль ИМТ ребёнок",
        "ростовые кривые CDC",
        "калькулятор ИМТ подросток",
        "детский ИМТ",
      ],
      "options": {
        "gender": {
          "female": "Женский (девочка)",
          "male": "Мужской (мальчик)",
        },
        "unit": {
          "imperial": "Имперская (фунт, дюйм)",
          "metric": "Метрическая (кг, см)",
        },
      },
      "outputs": {
        "bmi": {
          "help": "Индекс массы тела: вес(кг) ÷ рост(м)².",
          "label": "ИМТ",
        },
        "percentileEstimate": {
          "help": "Приблизительный перцентиль ИМТ-для-возраста по ростовым кривым CDC 2000.",
          "label": "Оценка перцентиля",
        },
        "weightStatus": {
          "help": "Категория CDC, основанная на перцентиле ИМТ-для-возраста.",
          "label": "Весовой статус",
        },
      },
      "short": "Рассчитайте ИМТ-для-возраста для детей по перцентилям ростовых кривых CDC.",
      "title": "Калькулятор ИМТ для детей и подростков (2–20 лет)",
    },
    "tr": {
      "description": "2–20 yaş arası çocuklar için ücretsiz pediatrik BMI hesaplayıcı. Çocuğunuzun BMI'sini, kilo durumunu ve büyüme eğrisi persentil tahminini öğrenin.",
      "errors": {
        "ageOutOfRange": "Yaş 2 ile 20 arasında olmalıdır.",
        "heightOutOfRange": "Lütfen geçerli bir boy girin.",
        "weightOutOfRange": "Lütfen geçerli bir kilo girin.",
      },
      "faq": [
        {
          "a": "Yetişkinler için geçerli BMI eşikleri çocuklara uygulanamaz; çünkü vücut yağ oranı yaşa ve cinsiyete göre önemli ölçüde değişir. Çocuklarda BMI, büyük referans popülasyonlarından geliştirilen yaşa ve cinsiyete özgü persentil grafikleri kullanılarak yorumlanır.",
          "q": "Neden yetişkin BMI kategorilerini çocuklar için kullanamam?",
        },
        {
          "a": "CDC dört kategori kullanır: Düşük kilolu (5. persentil altı), Sağlıklı kilo (5. ile 85. persentil arası), Fazla kilolu (85. ile 95. persentil arası) ve Obez (95. persentil ve üzeri).",
          "q": "Yaşa göre BMI kategorileri ne anlama gelir?",
        },
        {
          "a": "Mutlaka değil. BMI bir tarama aracıdır, tanı koyma aracı değildir. Yüksek BMI'li bazı çocuklarda fazla yağ değil, yüksek kas kitlesi söz konusu olabilir. Bir sağlık uzmanı, tam bir değerlendirme yaparak çocuğun kilosunun gerçekten endişe verici olup olmadığını belirleyebilir.",
          "q": "Yüksek BMI her zaman çocuklar için sağlık sorunu mudur?",
        },
      ],
      "inputs": {
        "age": {
          "help": "Çocuğun tam yıl olarak yaşı (2 ile 20 arasında).",
          "label": "Yaş (yıl)",
        },
        "gender": {
          "help": "Cinsiyet, CDC büyüme eğrisi persentil eşiklerini etkiler.",
          "label": "Cinsiyet",
        },
        "height": {
          "help": "Çocuğun boyu santimetre (metrik) veya inç (İngiliz birimi) cinsinden.",
          "label": "Boy",
        },
        "unit": {
          "help": "Metrik (kg/cm) veya İngiliz birimi (lb/inç) seçin.",
          "label": "Birim sistemi",
        },
        "weight": {
          "help": "Çocuğun mevcut vücut ağırlığı.",
          "label": "Kilo",
        },
      },
      "keywords": [
        "çocuk BMI hesaplayıcı",
        "pediatrik BMI",
        "yaşa göre BMI",
        "çocuk BMI persentili",
        "CDC büyüme eğrisi",
        "çocuk kilo hesaplama",
        "ergen BMI",
      ],
      "options": {
        "gender": {
          "female": "Kız",
          "male": "Erkek",
        },
        "unit": {
          "imperial": "İngiliz birimi (lb, inç)",
          "metric": "Metrik (kg, cm)",
        },
      },
      "outputs": {
        "bmi": {
          "help": "Vücut Kitle İndeksi: ağırlık(kg) ÷ boy(m)².",
          "label": "BMI",
        },
        "percentileEstimate": {
          "help": "CDC 2000 büyüme eğrisi eşik değerlerine dayalı yaklaşık BMI-yaş persentili.",
          "label": "Persentil tahmini",
        },
        "weightStatus": {
          "help": "Yaşa göre BMI persentile göre CDC kategorisi.",
          "label": "Kilo durumu",
        },
      },
      "short": "CDC büyüme eğrisi persentilleri ile çocuklar için yaşa göre BMI hesaplayın.",
      "title": "Çocuklar ve Gençler İçin BMI Hesaplayıcı (2–20 Yaş)",
    },
    "zh": {
      "description": "免费儿童BMI计算器，适用于2–20岁。输入年龄、性别、身高和体重，获取BMI值、体重状态和基于CDC 2000年生长曲线的百分位数估算。",
      "errors": {
        "ageOutOfRange": "年龄必须在2至20岁之间。",
        "heightOutOfRange": "请输入有效身高。",
        "weightOutOfRange": "请输入有效体重。",
      },
      "faq": [
        {
          "a": "成人BMI阈值不适用于儿童，因为体脂随年龄显著变化，男女之间也存在差异。儿童BMI使用按年龄和性别划分的百分位曲线进行评估。",
          "q": "为什么不能用成人BMI标准来评估儿童？",
        },
        {
          "a": "低体重：低于第5百分位；健康体重：第5至第85百分位；超重：第85至第95百分位；肥胖：第95百分位及以上。",
          "q": "各体重状态分类意味着什么？",
        },
        {
          "a": "不一定。BMI是筛查工具，不是诊断工具。部分BMI较高的儿童可能肌肉量较大而非体脂过多。儿科医生可以进行全面评估。",
          "q": "儿童BMI偏高一定是健康问题吗？",
        },
      ],
      "inputs": {
        "age": {
          "help": "儿童的整数年龄（2至20岁）。",
          "label": "年龄（岁）",
        },
        "gender": {
          "help": "性别影响CDC生长曲线的百分位阈值。",
          "label": "性别",
        },
        "height": {
          "help": "儿童身高，以厘米（公制）或英寸（英制）为单位。",
          "label": "身高",
        },
        "unit": {
          "help": "选择公制（kg/cm）或英制（lb/in）。",
          "label": "单位制",
        },
        "weight": {
          "help": "儿童当前体重。",
          "label": "体重",
        },
      },
      "keywords": [
        "儿童BMI计算器",
        "儿科BMI",
        "年龄别BMI",
        "儿童BMI百分位数",
        "CDC生长曲线",
        "青少年BMI",
        "儿童体重健康",
      ],
      "options": {
        "gender": {
          "female": "女（女孩）",
          "male": "男（男孩）",
        },
        "unit": {
          "imperial": "英制（lb, in）",
          "metric": "公制（kg, cm）",
        },
      },
      "outputs": {
        "bmi": {
          "help": "体质指数：体重(kg) ÷ 身高(m)²。",
          "label": "BMI",
        },
        "percentileEstimate": {
          "help": "基于CDC 2000年生长曲线的年龄别BMI近似百分位数。",
          "label": "百分位数估算",
        },
        "weightStatus": {
          "help": "基于年龄别BMI百分位的CDC分类。",
          "label": "体重状态",
        },
      },
      "short": "使用CDC生长曲线百分位数计算儿童年龄别BMI。",
      "title": "儿童和青少年BMI计算器（2–20岁）",
    },
  },
  "icon": Any<String>,
  "inputSchema": ZodObject {
    "decode": [Function],
    "decodeAsync": [Function],
    "def": {
      "shape": {
        "age": ZodNumber {
          "decode": [Function],
          "decodeAsync": [Function],
          "def": {
            "checks": [
              ZodNumberFormat {
                "decode": [Function],
                "decodeAsync": [Function],
                "def": {
                  "abort": false,
                  "check": "number_format",
                  "format": "safeint",
                  "type": "number",
                },
                "encode": [Function],
                "encodeAsync": [Function],
                "format": "safeint",
                "isFinite": true,
                "isInt": true,
                "maxValue": 9007199254740991,
                "minValue": -9007199254740991,
                "parse": [Function],
                "parseAsync": [Function],
                "safeDecode": [Function],
                "safeDecodeAsync": [Function],
                "safeEncode": [Function],
                "safeEncodeAsync": [Function],
                "safeParse": [Function],
                "safeParseAsync": [Function],
                "spa": [Function],
                "toJSONSchema": [Function],
                "type": "number",
              },
              $ZodCheckGreaterThan {},
              $ZodCheckLessThan {},
            ],
            "type": "number",
          },
          "encode": [Function],
          "encodeAsync": [Function],
          "format": "safeint",
          "isFinite": true,
          "isInt": true,
          "maxValue": 20,
          "minValue": 2,
          "parse": [Function],
          "parseAsync": [Function],
          "safeDecode": [Function],
          "safeDecodeAsync": [Function],
          "safeEncode": [Function],
          "safeEncodeAsync": [Function],
          "safeParse": [Function],
          "safeParseAsync": [Function],
          "spa": [Function],
          "toJSONSchema": [Function],
          "type": "number",
        },
        "gender": ZodEnum {
          "decode": [Function],
          "decodeAsync": [Function],
          "def": {
            "entries": {
              "female": "female",
              "male": "male",
            },
            "type": "enum",
          },
          "encode": [Function],
          "encodeAsync": [Function],
          "enum": {
            "female": "female",
            "male": "male",
          },
          "exclude": [Function],
          "extract": [Function],
          "options": [
            "male",
            "female",
          ],
          "parse": [Function],
          "parseAsync": [Function],
          "safeDecode": [Function],
          "safeDecodeAsync": [Function],
          "safeEncode": [Function],
          "safeEncodeAsync": [Function],
          "safeParse": [Function],
          "safeParseAsync": [Function],
          "spa": [Function],
          "toJSONSchema": [Function],
          "type": "enum",
        },
        "height": ZodNumber {
          "decode": [Function],
          "decodeAsync": [Function],
          "def": {
            "checks": [
              $ZodCheckGreaterThan {},
            ],
            "type": "number",
          },
          "encode": [Function],
          "encodeAsync": [Function],
          "format": null,
          "isFinite": true,
          "isInt": false,
          "maxValue": Infinity,
          "minValue": 0,
          "parse": [Function],
          "parseAsync": [Function],
          "safeDecode": [Function],
          "safeDecodeAsync": [Function],
          "safeEncode": [Function],
          "safeEncodeAsync": [Function],
          "safeParse": [Function],
          "safeParseAsync": [Function],
          "spa": [Function],
          "toJSONSchema": [Function],
          "type": "number",
        },
        "unit": ZodEnum {
          "decode": [Function],
          "decodeAsync": [Function],
          "def": {
            "entries": {
              "imperial": "imperial",
              "metric": "metric",
            },
            "type": "enum",
          },
          "encode": [Function],
          "encodeAsync": [Function],
          "enum": {
            "imperial": "imperial",
            "metric": "metric",
          },
          "exclude": [Function],
          "extract": [Function],
          "options": [
            "metric",
            "imperial",
          ],
          "parse": [Function],
          "parseAsync": [Function],
          "safeDecode": [Function],
          "safeDecodeAsync": [Function],
          "safeEncode": [Function],
          "safeEncodeAsync": [Function],
          "safeParse": [Function],
          "safeParseAsync": [Function],
          "spa": [Function],
          "toJSONSchema": [Function],
          "type": "enum",
        },
        "weight": ZodNumber {
          "decode": [Function],
          "decodeAsync": [Function],
          "def": {
            "checks": [
              $ZodCheckGreaterThan {},
            ],
            "type": "number",
          },
          "encode": [Function],
          "encodeAsync": [Function],
          "format": null,
          "isFinite": true,
          "isInt": false,
          "maxValue": Infinity,
          "minValue": 0,
          "parse": [Function],
          "parseAsync": [Function],
          "safeDecode": [Function],
          "safeDecodeAsync": [Function],
          "safeEncode": [Function],
          "safeEncodeAsync": [Function],
          "safeParse": [Function],
          "safeParseAsync": [Function],
          "spa": [Function],
          "toJSONSchema": [Function],
          "type": "number",
        },
      },
      "type": "object",
    },
    "encode": [Function],
    "encodeAsync": [Function],
    "parse": [Function],
    "parseAsync": [Function],
    "safeDecode": [Function],
    "safeDecodeAsync": [Function],
    "safeEncode": [Function],
    "safeEncodeAsync": [Function],
    "safeParse": [Function],
    "safeParseAsync": [Function],
    "spa": [Function],
    "toJSONSchema": [Function],
    "type": "object",
  },
  "inputs": [
    {
      "defaultValue": "male",
      "id": "gender",
      "required": true,
      "type": {
        "kind": "select",
        "options": [
          {
            "i18nKey": "male",
            "value": "male",
          },
          {
            "i18nKey": "female",
            "value": "female",
          },
        ],
      },
    },
    {
      "defaultValue": 10,
      "id": "age",
      "required": true,
      "type": {
        "integer": true,
        "kind": "number",
        "max": 20,
        "min": 2,
        "step": 1,
        "unit": "year",
      },
    },
    {
      "defaultValue": "metric",
      "id": "unit",
      "required": true,
      "type": {
        "kind": "select",
        "options": [
          {
            "i18nKey": "metric",
            "value": "metric",
          },
          {
            "i18nKey": "imperial",
            "value": "imperial",
          },
        ],
      },
    },
    {
      "defaultValue": 35,
      "id": "weight",
      "required": true,
      "type": {
        "kind": "number",
        "max": 250,
        "min": 5,
        "step": 0.1,
        "unit": "kg",
      },
    },
    {
      "defaultValue": 140,
      "id": "height",
      "required": true,
      "type": {
        "kind": "number",
        "max": 220,
        "min": 50,
        "step": 0.1,
        "unit": "cm",
      },
    },
  ],
  "meta": {
    "accuracyNote": "Percentile estimates use linear interpolation between embedded 5th, 85th, and 95th percentile cutoffs. Values are approximate.",
    "disclaimer": "This calculator provides a BMI percentile estimate based on simplified CDC 2000 growth chart lookups. For accurate clinical assessment, use the CDC online tool or consult a paediatrician.",
    "formulaLatex": "\\text{BMI} = \\frac{\\text{weight (kg)}}{\\text{height (m)}^2}",
    "references": [
      {
        "authority": "Centers for Disease Control and Prevention (CDC)",
        "title": "CDC BMI-for-Age Growth Charts",
        "url": "https://www.cdc.gov/growthcharts/",
      },
      {
        "authority": "National Center for Health Statistics",
        "title": "Kuczmarski RJ et al. (2002). 2000 CDC growth charts for the United States. Adv Data. 314:1–190.",
        "url": "https://www.cdc.gov/nchs/data/series/sr_11/sr11_246.pdf",
      },
    ],
  },
  "outputs": [
    {
      "format": "number",
      "highlight": true,
      "id": "bmi",
      "precision": 1,
    },
    {
      "format": "text",
      "id": "weightStatus",
    },
    {
      "format": "text",
      "id": "percentileEstimate",
    },
  ],
  "priority": Any<String>,
  "related": [
    "bmi",
    "ideal-weight",
    "pregnancy-weight",
  ],
  "slug": Any<String>,
  "tags": [
    "BMI kids",
    "pediatric BMI",
    "child BMI",
    "growth charts",
    "CDC",
    "children health",
  ],
}
`;
