// Vitest Snapshot v1, https://vitest.dev/guide/snapshot.html

exports[`Heart Rate definition — shape snapshot > snapshot: definition shape matches expectations 1`] = `
{
  "category": Any<String>,
  "compute": [Function],
  "i18n": {
    "ar": {
      "description": "حاسبة مجانية لمناطق معدل ضربات القلب. أدخل عمرك ومعدل ضربات قلبك أثناء الراحة للحصول على أقصى معدل لضربات القلب ومناطق التدريب الخمس.",
      "errors": {
        "ageOutOfRange": "يجب أن يكون العمر بين 10 و100 سنة.",
        "rhrOutOfRange": "يجب أن يكون معدل ضربات القلب أثناء الراحة بين 30 و100 نبضة/دقيقة.",
      },
      "faq": [
        {
          "a": "تحسب طريقة كارفونن مناطق معدل ضربات القلب المستهدف باستخدام احتياطي معدل ضربات القلب (الاحتياطي = الحد الأقصى − معدل الراحة): المعدل المستهدف = (الاحتياطي × نسبة الشدة) + معدل الراحة. وهي أكثر تخصيصًا من الطريقة البسيطة لأنها تأخذ في الحسبان مستوى اللياقة البدنية.",
          "q": "ما هي صيغة كارفونن؟",
        },
      ],
      "inputs": {
        "age": {
          "help": "يُستخدم لتقدير أقصى معدل لضربات القلب: 220 − العمر.",
          "label": "العمر (سنوات)",
        },
        "formula": {
          "help": "تستخدم صيغة كارفونن احتياطي معدل ضربات القلب لنتائج أكثر تخصيصًا.",
          "label": "الصيغة",
        },
        "restingHeartRate": {
          "help": "القياس صباحًا قبل النهوض. النطاق الطبيعي: 60–100.",
          "label": "معدل ضربات القلب أثناء الراحة (نبضة/دقيقة)",
        },
      },
      "keywords": [
        "حاسبة مناطق معدل ضربات القلب",
        "معدل ضربات القلب المستهدف",
        "صيغة كارفونن",
        "مناطق التدريب",
        "أقصى معدل لضربات القلب",
        "مناطق الكارديو",
        "حاسبة اللياقة البدنية",
      ],
      "options": {
        "formula": {
          "karvonen": "كارفونن (احتياطي معدل ضربات القلب)",
          "simple": "بسيطة (نسبة مئوية من الحد الأقصى)",
        },
      },
      "outputs": {
        "hrr": {
          "help": "الاحتياطي = الحد الأقصى − معدل الراحة.",
          "label": "احتياطي معدل ضربات القلب (نبضة/دقيقة)",
        },
        "maxHR": {
          "help": "الحد الأقصى المقدر = 220 − العمر.",
          "label": "أقصى معدل لضربات القلب (نبضة/دقيقة)",
        },
        "zone1Max": {
          "label": "المنطقة 1 أعلى (التعافي)",
        },
        "zone1Min": {
          "help": "شدة 50–60%.",
          "label": "المنطقة 1 أدنى (التعافي)",
        },
        "zone2Max": {
          "label": "المنطقة 2 أعلى (الأساس الهوائي)",
        },
        "zone2Min": {
          "help": "شدة 60–70%.",
          "label": "المنطقة 2 أدنى (الأساس الهوائي)",
        },
        "zone3Max": {
          "label": "المنطقة 3 أعلى (الهوائية)",
        },
        "zone3Min": {
          "help": "شدة 70–80%.",
          "label": "المنطقة 3 أدنى (الهوائية)",
        },
        "zone4Max": {
          "label": "المنطقة 4 أعلى (العتبة)",
        },
        "zone4Min": {
          "help": "شدة 80–90%.",
          "label": "المنطقة 4 أدنى (العتبة)",
        },
        "zone5Max": {
          "label": "المنطقة 5 أعلى (الحد الأقصى)",
        },
        "zone5Min": {
          "help": "شدة 90–100%.",
          "label": "المنطقة 5 أدنى (الحد الأقصى)",
        },
      },
      "short": "احسب مناطق التدريب الخمس لمعدل ضربات قلبك باستخدام طريقة كارفونن أو الطريقة البسيطة.",
      "title": "مناطق معدل ضربات القلب المستهدف — طريقة كارفونن",
    },
    "de": {
      "description": "Kostenloser Herzfrequenzzonenrechner. Geben Sie Ihr Alter und Ihre Ruheherzfrequenz ein, um Ihre maximale HF und fünf Trainingszonen zu berechnen.",
      "errors": {
        "ageOutOfRange": "Das Alter muss zwischen 10 und 100 Jahren liegen.",
        "rhrOutOfRange": "Die Ruheherzfrequenz muss zwischen 30 und 100 Schlägen/Min liegen.",
      },
      "faq": [
        {
          "a": "Die Karvonen-Methode berechnet Zielherzfrequenzzonen über die Herzfrequenzreserve (HFR = Max. HF − Ruhe-HF): Ziel-HF = (HFR × Intensität%) + Ruhe-HF. Sie ist personalisierter als die einfache Prozenzmethode, da sie die Fitness (ausgedrückt in der Ruhe-HF) berücksichtigt.",
          "q": "Was ist die Karvonen-Formel?",
        },
      ],
      "inputs": {
        "age": {
          "help": "Wird zur Schätzung der maximalen Herzfrequenz verwendet: 220 − Alter.",
          "label": "Alter (Jahre)",
        },
        "formula": {
          "help": "Karvonen nutzt die Herzfrequenzreserve für personalisierte Ergebnisse.",
          "label": "Formel",
        },
        "restingHeartRate": {
          "help": "Morgens vor dem Aufstehen messen. Normalbereich: 60–100.",
          "label": "Ruheherzfrequenz (Schläge/Min)",
        },
      },
      "keywords": [
        "Herzfrequenzzonenrechner",
        "Zielherzfrequenz",
        "Karvonen-Formel",
        "Trainingszonen",
        "maximale Herzfrequenz",
        "Kardiozonen",
        "Fitnessrechner",
      ],
      "options": {
        "formula": {
          "karvonen": "Karvonen (Herzfrequenzreserve)",
          "simple": "Einfach (% der maximalen HF)",
        },
      },
      "outputs": {
        "hrr": {
          "help": "HFR = Max. HF − Ruhe-HF.",
          "label": "Herzfrequenzreserve (Schläge/Min)",
        },
        "maxHR": {
          "help": "Geschätzte maximale HF = 220 − Alter.",
          "label": "Maximale Herzfrequenz (Schläge/Min)",
        },
        "zone1Max": {
          "label": "Zone 1 max (Erholung)",
        },
        "zone1Min": {
          "help": "50–60% Intensität.",
          "label": "Zone 1 min (Erholung)",
        },
        "zone2Max": {
          "label": "Zone 2 max (Ausdauerbasis)",
        },
        "zone2Min": {
          "help": "60–70% Intensität.",
          "label": "Zone 2 min (Ausdauerbasis)",
        },
        "zone3Max": {
          "label": "Zone 3 max (Aerob)",
        },
        "zone3Min": {
          "help": "70–80% Intensität.",
          "label": "Zone 3 min (Aerob)",
        },
        "zone4Max": {
          "label": "Zone 4 max (Schwelle)",
        },
        "zone4Min": {
          "help": "80–90% Intensität.",
          "label": "Zone 4 min (Schwelle)",
        },
        "zone5Max": {
          "label": "Zone 5 max (Maximum)",
        },
        "zone5Min": {
          "help": "90–100% Intensität.",
          "label": "Zone 5 min (Maximum)",
        },
      },
      "short": "Berechnen Sie Ihre 5 Trainingsherzfrequenzzonen mit der Karvonen-Methode oder der einfachen Prozenzmethode.",
      "title": "Herzfrequenzzonen — Karvonen-Methode",
    },
    "en": {
      "description": "Free heart rate zone calculator. Enter your age and resting heart rate to get your maximum HR and five training zones (recovery, base, aerobic, threshold, maximum) using the Karvonen or simple formula.",
      "errors": {
        "ageOutOfRange": "Age must be between 10 and 100 years.",
        "rhrOutOfRange": "Resting heart rate must be between 30 and 100 bpm.",
      },
      "faq": [
        {
          "a": "The Karvonen method calculates target heart rate zones using heart rate reserve (HRR = max HR − resting HR): Target HR = (HRR × intensity%) + resting HR. It is more personalised than the simple percentage method because it accounts for your fitness level (reflected in resting HR).",
          "q": "What is the Karvonen formula?",
        },
        {
          "a": "The formula 220 − age is an average estimate with a standard deviation of approximately ±10–12 bpm. Some individuals' true maxHR may differ significantly. For more accuracy, perform a graded exercise test under medical supervision.",
          "q": "How accurate is 220 minus age?",
        },
        {
          "a": "Karvonen is generally preferred for personalised training plans because it accounts for individual fitness. The simple formula is fine for general guidance or if you do not know your resting heart rate.",
          "q": "Which formula should I use?",
        },
        {
          "a": "Zone 2 (60–70% of max HR or equivalent Karvonen) is associated with improved mitochondrial density, fat oxidation, and aerobic base. Many endurance athletes and health experts recommend spending the majority of training time in Zone 2.",
          "q": "What is Zone 2 training?",
        },
      ],
      "inputs": {
        "age": {
          "help": "Your current age. Used to estimate maximum heart rate: 220 − age.",
          "label": "Age (years)",
        },
        "formula": {
          "help": "Karvonen uses heart rate reserve (more personalised). Simple uses a percentage of max HR only.",
          "label": "Formula",
        },
        "restingHeartRate": {
          "help": "Measure first thing in the morning before getting out of bed. Normal range: 60–100 bpm.",
          "label": "Resting heart rate (bpm)",
        },
      },
      "keywords": [
        "heart rate zone calculator",
        "target heart rate",
        "Karvonen formula",
        "training zones",
        "max heart rate",
        "cardio zones",
        "fitness calculator",
      ],
      "options": {
        "formula": {
          "karvonen": "Karvonen (Heart Rate Reserve)",
          "simple": "Simple (% of Max HR)",
        },
      },
      "outputs": {
        "hrr": {
          "help": "HRR = Max HR − Resting HR. Used in the Karvonen formula.",
          "label": "Heart rate reserve (bpm)",
        },
        "maxHR": {
          "help": "Estimated maximum HR = 220 − age.",
          "label": "Maximum heart rate (bpm)",
        },
        "zone1Max": {
          "label": "Zone 1 max (Recovery)",
        },
        "zone1Min": {
          "help": "50–60% intensity. Active recovery, very easy effort.",
          "label": "Zone 1 min (Recovery)",
        },
        "zone2Max": {
          "label": "Zone 2 max (Base aerobic)",
        },
        "zone2Min": {
          "help": "60–70% intensity. Fat-burning zone, conversational pace.",
          "label": "Zone 2 min (Base aerobic)",
        },
        "zone3Max": {
          "label": "Zone 3 max (Aerobic)",
        },
        "zone3Min": {
          "help": "70–80% intensity. Aerobic fitness improvement.",
          "label": "Zone 3 min (Aerobic)",
        },
        "zone4Max": {
          "label": "Zone 4 max (Threshold)",
        },
        "zone4Min": {
          "help": "80–90% intensity. Lactate threshold training, hard effort.",
          "label": "Zone 4 min (Threshold)",
        },
        "zone5Max": {
          "label": "Zone 5 max (Maximum)",
        },
        "zone5Min": {
          "help": "90–100% intensity. Maximum effort, short intervals only.",
          "label": "Zone 5 min (Maximum)",
        },
      },
      "short": "Calculate your 5 training heart rate zones using the Karvonen or simple percentage method.",
      "title": "Target Heart Rate Zones — Karvonen Method",
    },
    "es": {
      "description": "Calculadora gratuita de zonas de frecuencia cardíaca. Introduce tu edad y frecuencia cardíaca en reposo para obtener tu FC máxima y cinco zonas de entrenamiento.",
      "errors": {
        "ageOutOfRange": "La edad debe estar entre 10 y 100 años.",
        "rhrOutOfRange": "La frecuencia cardíaca en reposo debe estar entre 30 y 100 lpm.",
      },
      "faq": [
        {
          "a": "El método Karvonen calcula las zonas de FC objetivo usando la reserva de FC (RFC = FC máx − FC reposo): FC objetivo = (RFC × intensidad%) + FC reposo. Es más personalizado que el método simple porque tiene en cuenta la condición física (reflejada en la FC en reposo).",
          "q": "¿Qué es la fórmula Karvonen?",
        },
      ],
      "inputs": {
        "age": {
          "help": "Utilizada para estimar la FC máxima: 220 − edad.",
          "label": "Edad (años)",
        },
        "formula": {
          "help": "Karvonen usa la reserva de frecuencia cardíaca para resultados más personalizados.",
          "label": "Fórmula",
        },
        "restingHeartRate": {
          "help": "Mide por la mañana antes de levantarte. Rango normal: 60–100 lpm.",
          "label": "Frecuencia cardíaca en reposo (lpm)",
        },
      },
      "keywords": [
        "calculadora zonas frecuencia cardíaca",
        "frecuencia cardíaca objetivo",
        "fórmula Karvonen",
        "zonas de entrenamiento",
        "frecuencia cardíaca máxima",
        "zonas cardio",
        "calculadora fitness",
      ],
      "options": {
        "formula": {
          "karvonen": "Karvonen (Reserva de FC)",
          "simple": "Simple (% de FC máx)",
        },
      },
      "outputs": {
        "hrr": {
          "help": "RFC = FC máx − FC reposo.",
          "label": "Reserva de FC (lpm)",
        },
        "maxHR": {
          "help": "FC máxima estimada = 220 − edad.",
          "label": "FC máxima (lpm)",
        },
        "zone1Max": {
          "label": "Zona 1 máx (Recuperación)",
        },
        "zone1Min": {
          "help": "Intensidad 50–60%.",
          "label": "Zona 1 mín (Recuperación)",
        },
        "zone2Max": {
          "label": "Zona 2 máx (Base aeróbica)",
        },
        "zone2Min": {
          "help": "Intensidad 60–70%.",
          "label": "Zona 2 mín (Base aeróbica)",
        },
        "zone3Max": {
          "label": "Zona 3 máx (Aeróbico)",
        },
        "zone3Min": {
          "help": "Intensidad 70–80%.",
          "label": "Zona 3 mín (Aeróbico)",
        },
        "zone4Max": {
          "label": "Zona 4 máx (Umbral)",
        },
        "zone4Min": {
          "help": "Intensidad 80–90%.",
          "label": "Zona 4 mín (Umbral)",
        },
        "zone5Max": {
          "label": "Zona 5 máx (Máximo)",
        },
        "zone5Min": {
          "help": "Intensidad 90–100%.",
          "label": "Zona 5 mín (Máximo)",
        },
      },
      "short": "Calcula tus 5 zonas de entrenamiento de frecuencia cardíaca con el método Karvonen o el método simple.",
      "title": "Zonas de frecuencia cardíaca objetivo — Método Karvonen",
    },
    "fr": {
      "description": "Calculateur gratuit de zones de fréquence cardiaque. Entrez votre âge et votre fréquence cardiaque au repos pour obtenir votre FC max et vos cinq zones d'entraînement.",
      "errors": {
        "ageOutOfRange": "L'âge doit être compris entre 10 et 100 ans.",
        "rhrOutOfRange": "La fréquence cardiaque au repos doit être comprise entre 30 et 100 bpm.",
      },
      "faq": [
        {
          "a": "La méthode Karvonen calcule les zones de fréquence cardiaque cible à l'aide de la réserve de FC (RFc = FC max − FC repos) : FC cible = (RFc × intensité%) + FC repos. Elle est plus personnalisée que la méthode simple car elle tient compte de la condition physique (reflétée par la FC au repos).",
          "q": "Qu'est-ce que la formule Karvonen ?",
        },
      ],
      "inputs": {
        "age": {
          "help": "Utilisé pour estimer la FC maximale : 220 − âge.",
          "label": "Âge (années)",
        },
        "formula": {
          "help": "Karvonen utilise la réserve de fréquence cardiaque pour des résultats plus personnalisés.",
          "label": "Formule",
        },
        "restingHeartRate": {
          "help": "Mesurez le matin avant de vous lever. Plage normale : 60–100 bpm.",
          "label": "Fréquence cardiaque au repos (bpm)",
        },
      },
      "keywords": [
        "calculateur zones cardiaques",
        "fréquence cardiaque cible",
        "formule Karvonen",
        "zones d'entraînement",
        "fréquence cardiaque maximale",
        "zones cardio",
        "calculateur fitness",
      ],
      "options": {
        "formula": {
          "karvonen": "Karvonen (Réserve de FC)",
          "simple": "Simple (% de la FC max)",
        },
      },
      "outputs": {
        "hrr": {
          "help": "RFc = FC max − FC repos.",
          "label": "Réserve de FC (bpm)",
        },
        "maxHR": {
          "help": "FC max estimée = 220 − âge.",
          "label": "FC maximale (bpm)",
        },
        "zone1Max": {
          "label": "Zone 1 max (Récupération)",
        },
        "zone1Min": {
          "help": "Intensité 50–60%.",
          "label": "Zone 1 min (Récupération)",
        },
        "zone2Max": {
          "label": "Zone 2 max (Aérobie de base)",
        },
        "zone2Min": {
          "help": "Intensité 60–70%.",
          "label": "Zone 2 min (Aérobie de base)",
        },
        "zone3Max": {
          "label": "Zone 3 max (Aérobie)",
        },
        "zone3Min": {
          "help": "Intensité 70–80%.",
          "label": "Zone 3 min (Aérobie)",
        },
        "zone4Max": {
          "label": "Zone 4 max (Seuil)",
        },
        "zone4Min": {
          "help": "Intensité 80–90%.",
          "label": "Zone 4 min (Seuil)",
        },
        "zone5Max": {
          "label": "Zone 5 max (Maximum)",
        },
        "zone5Min": {
          "help": "Intensité 90–100%.",
          "label": "Zone 5 min (Maximum)",
        },
      },
      "short": "Calculez vos 5 zones d'entraînement cardiaque avec la méthode Karvonen ou la méthode simple.",
      "title": "Zones de fréquence cardiaque cible — Méthode Karvonen",
    },
    "hi": {
      "description": "मुफ़्त हृदय गति क्षेत्र कैलकुलेटर। अपनी आयु और आराम की हृदय गति दर्ज करें और अधिकतम हृदय गति और पाँच प्रशिक्षण क्षेत्र प्राप्त करें।",
      "errors": {
        "ageOutOfRange": "आयु 10 से 100 वर्ष के बीच होनी चाहिए।",
        "rhrOutOfRange": "आराम की हृदय गति 30 से 100 bpm के बीच होनी चाहिए।",
      },
      "faq": [
        {
          "a": "Karvonen विधि हृदय गति रिजर्व (HRR = अधिकतम HR − आराम HR) का उपयोग करके लक्ष्य हृदय गति क्षेत्रों की गणना करती है: लक्ष्य HR = (HRR × तीव्रता%) + आराम HR। यह सरल प्रतिशत विधि से अधिक व्यक्तिगत है क्योंकि यह फिटनेस स्तर (आराम HR में परिलक्षित) को ध्यान में रखती है।",
          "q": "Karvonen सूत्र क्या है?",
        },
      ],
      "inputs": {
        "age": {
          "help": "अधिकतम हृदय गति का अनुमान लगाने के लिए उपयोग: 220 − आयु।",
          "label": "आयु (वर्ष)",
        },
        "formula": {
          "help": "Karvonen हृदय गति रिजर्व का उपयोग करता है, जो अधिक व्यक्तिगत परिणाम देता है।",
          "label": "सूत्र",
        },
        "restingHeartRate": {
          "help": "सुबह बिस्तर से उठने से पहले मापें। सामान्य सीमा: 60–100 bpm।",
          "label": "आराम की हृदय गति (bpm)",
        },
      },
      "keywords": [
        "हृदय गति क्षेत्र कैलकुलेटर",
        "लक्ष्य हृदय गति",
        "Karvonen सूत्र",
        "प्रशिक्षण क्षेत्र",
        "अधिकतम हृदय गति",
        "कार्डियो क्षेत्र",
        "फिटनेस कैलकुलेटर",
      ],
      "options": {
        "formula": {
          "karvonen": "Karvonen (हृदय गति रिजर्व)",
          "simple": "सरल (अधिकतम HR का %)",
        },
      },
      "outputs": {
        "hrr": {
          "help": "HRR = अधिकतम HR − आराम HR।",
          "label": "हृदय गति रिजर्व (bpm)",
        },
        "maxHR": {
          "help": "अनुमानित अधिकतम HR = 220 − आयु।",
          "label": "अधिकतम हृदय गति (bpm)",
        },
        "zone1Max": {
          "label": "क्षेत्र 1 अधिकतम (पुनर्प्राप्ति)",
        },
        "zone1Min": {
          "help": "तीव्रता 50–60%।",
          "label": "क्षेत्र 1 न्यूनतम (पुनर्प्राप्ति)",
        },
        "zone2Max": {
          "label": "क्षेत्र 2 अधिकतम (एरोबिक आधार)",
        },
        "zone2Min": {
          "help": "तीव्रता 60–70%।",
          "label": "क्षेत्र 2 न्यूनतम (एरोबिक आधार)",
        },
        "zone3Max": {
          "label": "क्षेत्र 3 अधिकतम (एरोबिक)",
        },
        "zone3Min": {
          "help": "तीव्रता 70–80%।",
          "label": "क्षेत्र 3 न्यूनतम (एरोबिक)",
        },
        "zone4Max": {
          "label": "क्षेत्र 4 अधिकतम (थ्रेशोल्ड)",
        },
        "zone4Min": {
          "help": "तीव्रता 80–90%।",
          "label": "क्षेत्र 4 न्यूनतम (थ्रेशोल्ड)",
        },
        "zone5Max": {
          "label": "क्षेत्र 5 अधिकतम (अधिकतम)",
        },
        "zone5Min": {
          "help": "तीव्रता 90–100%।",
          "label": "क्षेत्र 5 न्यूनतम (अधिकतम)",
        },
      },
      "short": "Karvonen या सरल प्रतिशत विधि से अपने 5 प्रशिक्षण हृदय गति क्षेत्रों की गणना करें।",
      "title": "लक्ष्य हृदय गति क्षेत्र — Karvonen विधि",
    },
    "it": {
      "description": "Calcolatore gratuito delle zone di frequenza cardiaca. Inserisci età e frequenza cardiaca a riposo per ottenere la tua FC massima e cinque zone di allenamento.",
      "errors": {
        "ageOutOfRange": "L'età deve essere compresa tra 10 e 100 anni.",
        "rhrOutOfRange": "La frequenza cardiaca a riposo deve essere compresa tra 30 e 100 bpm.",
      },
      "faq": [
        {
          "a": "Il metodo Karvonen calcola le zone di FC target usando la riserva di FC (RFc = FC max − FC riposo): FC target = (RFc × intensità%) + FC riposo. È più personalizzato del metodo semplice perché tiene conto della forma fisica (riflessa nella FC a riposo).",
          "q": "Cos'è la formula Karvonen?",
        },
      ],
      "inputs": {
        "age": {
          "help": "Utilizzata per stimare la FC massima: 220 − età.",
          "label": "Età (anni)",
        },
        "formula": {
          "help": "Karvonen utilizza la riserva di frequenza cardiaca per risultati più personalizzati.",
          "label": "Formula",
        },
        "restingHeartRate": {
          "help": "Misura al mattino prima di alzarti. Intervallo normale: 60–100 bpm.",
          "label": "Frequenza cardiaca a riposo (bpm)",
        },
      },
      "keywords": [
        "calcolatore zone frequenza cardiaca",
        "frequenza cardiaca target",
        "formula Karvonen",
        "zone di allenamento",
        "frequenza cardiaca massima",
        "zone cardio",
        "calcolatore fitness",
      ],
      "options": {
        "formula": {
          "karvonen": "Karvonen (Riserva di FC)",
          "simple": "Semplice (% della FC max)",
        },
      },
      "outputs": {
        "hrr": {
          "help": "RFc = FC max − FC riposo.",
          "label": "Riserva di FC (bpm)",
        },
        "maxHR": {
          "help": "FC massima stimata = 220 − età.",
          "label": "FC massima (bpm)",
        },
        "zone1Max": {
          "label": "Zona 1 max (Recupero)",
        },
        "zone1Min": {
          "help": "Intensità 50–60%.",
          "label": "Zona 1 min (Recupero)",
        },
        "zone2Max": {
          "label": "Zona 2 max (Base aerobica)",
        },
        "zone2Min": {
          "help": "Intensità 60–70%.",
          "label": "Zona 2 min (Base aerobica)",
        },
        "zone3Max": {
          "label": "Zona 3 max (Aerobico)",
        },
        "zone3Min": {
          "help": "Intensità 70–80%.",
          "label": "Zona 3 min (Aerobico)",
        },
        "zone4Max": {
          "label": "Zona 4 max (Soglia)",
        },
        "zone4Min": {
          "help": "Intensità 80–90%.",
          "label": "Zona 4 min (Soglia)",
        },
        "zone5Max": {
          "label": "Zona 5 max (Massimo)",
        },
        "zone5Min": {
          "help": "Intensità 90–100%.",
          "label": "Zona 5 min (Massimo)",
        },
      },
      "short": "Calcola le tue 5 zone di allenamento della frequenza cardiaca con il metodo Karvonen o il metodo semplice.",
      "title": "Zone di frequenza cardiaca target — Metodo Karvonen",
    },
    "ja": {
      "description": "無料の心拍数ゾーン計算機。年齢と安静時心拍数を入力して最大心拍数と5つのトレーニングゾーンを確認しましょう。",
      "errors": {
        "ageOutOfRange": "年齢は10〜100歳の範囲で入力してください。",
        "rhrOutOfRange": "安静時心拍数は30〜100 bpmの範囲で入力してください。",
      },
      "faq": [
        {
          "a": "カルボーネン法は心拍数予備量（HRR = 最大心拍数 − 安静時心拍数）を用いて目標心拍数ゾーンを計算します：目標HR = (HRR × 強度%) + 安静時心拍数。安静時心拍数（フィットネスレベルを反映）を考慮するため、単純パーセント法より個別化されています。",
          "q": "カルボーネン法とは何ですか？",
        },
      ],
      "inputs": {
        "age": {
          "help": "最大心拍数の推定に使用：220 − 年齢。",
          "label": "年齢（歳）",
        },
        "formula": {
          "help": "カルボーネンは心拍数予備量を使用し、より個別化された結果を得られます。",
          "label": "計算式",
        },
        "restingHeartRate": {
          "help": "起床前に測定。正常範囲：60〜100 bpm。",
          "label": "安静時心拍数（bpm）",
        },
      },
      "keywords": [
        "心拍数ゾーン計算機",
        "目標心拍数",
        "カルボーネン法",
        "トレーニングゾーン",
        "最大心拍数",
        "有酸素ゾーン",
        "フィットネス計算機",
      ],
      "options": {
        "formula": {
          "karvonen": "カルボーネン（心拍数予備量）",
          "simple": "シンプル（最大心拍数の%）",
        },
      },
      "outputs": {
        "hrr": {
          "help": "HRR = 最大心拍数 − 安静時心拍数。",
          "label": "心拍数予備量（bpm）",
        },
        "maxHR": {
          "help": "推定最大心拍数 = 220 − 年齢。",
          "label": "最大心拍数（bpm）",
        },
        "zone1Max": {
          "label": "ゾーン1 最大値（回復）",
        },
        "zone1Min": {
          "help": "強度50〜60%。",
          "label": "ゾーン1 最小値（回復）",
        },
        "zone2Max": {
          "label": "ゾーン2 最大値（有酸素基礎）",
        },
        "zone2Min": {
          "help": "強度60〜70%。",
          "label": "ゾーン2 最小値（有酸素基礎）",
        },
        "zone3Max": {
          "label": "ゾーン3 最大値（有酸素）",
        },
        "zone3Min": {
          "help": "強度70〜80%。",
          "label": "ゾーン3 最小値（有酸素）",
        },
        "zone4Max": {
          "label": "ゾーン4 最大値（閾値）",
        },
        "zone4Min": {
          "help": "強度80〜90%。",
          "label": "ゾーン4 最小値（閾値）",
        },
        "zone5Max": {
          "label": "ゾーン5 最大値（最大）",
        },
        "zone5Min": {
          "help": "強度90〜100%。",
          "label": "ゾーン5 最小値（最大）",
        },
      },
      "short": "カルボーネン法または単純パーセント法で5つのトレーニング心拍数ゾーンを計算します。",
      "title": "目標心拍数ゾーン — カルボーネン法",
    },
    "ko": {
      "description": "무료 심박수 구간 계산기. 나이와 안정 시 심박수를 입력하면 최대 심박수와 다섯 가지 훈련 구간을 확인할 수 있습니다.",
      "errors": {
        "ageOutOfRange": "나이는 10~100세 사이여야 합니다.",
        "rhrOutOfRange": "안정 시 심박수는 30~100 bpm 사이여야 합니다.",
      },
      "faq": [
        {
          "a": "Karvonen 방법은 심박수 예비량(HRR = 최대 HR − 안정 시 HR)을 사용하여 목표 심박수 구간을 계산합니다: 목표 HR = (HRR × 강도%) + 안정 시 HR. 안정 시 심박수(개인 체력 수준 반영)를 고려하므로 단순 백분율 방법보다 더 개인화됩니다.",
          "q": "Karvonen 공식이란 무엇인가요?",
        },
      ],
      "inputs": {
        "age": {
          "help": "최대 심박수 추정에 사용: 220 − 나이.",
          "label": "나이(세)",
        },
        "formula": {
          "help": "Karvonen은 심박수 예비량을 사용하여 더 개인화된 결과를 제공합니다.",
          "label": "공식",
        },
        "restingHeartRate": {
          "help": "아침에 일어나기 전에 측정하세요. 정상 범위: 60–100 bpm.",
          "label": "안정 시 심박수 (bpm)",
        },
      },
      "keywords": [
        "심박수 구간 계산기",
        "목표 심박수",
        "Karvonen 공식",
        "훈련 구간",
        "최대 심박수",
        "유산소 구간",
        "피트니스 계산기",
      ],
      "options": {
        "formula": {
          "karvonen": "Karvonen법 (심박수 예비량)",
          "simple": "단순법 (최대 HR의 %)",
        },
      },
      "outputs": {
        "hrr": {
          "help": "HRR = 최대 HR − 안정 시 HR.",
          "label": "심박수 예비량 (bpm)",
        },
        "maxHR": {
          "help": "추정 최대 HR = 220 − 나이.",
          "label": "최대 심박수 (bpm)",
        },
        "zone1Max": {
          "label": "구간 1 최댓값 (회복)",
        },
        "zone1Min": {
          "help": "강도 50–60%.",
          "label": "구간 1 최솟값 (회복)",
        },
        "zone2Max": {
          "label": "구간 2 최댓값 (유산소 기초)",
        },
        "zone2Min": {
          "help": "강도 60–70%.",
          "label": "구간 2 최솟값 (유산소 기초)",
        },
        "zone3Max": {
          "label": "구간 3 최댓값 (유산소)",
        },
        "zone3Min": {
          "help": "강도 70–80%.",
          "label": "구간 3 최솟값 (유산소)",
        },
        "zone4Max": {
          "label": "구간 4 최댓값 (역치)",
        },
        "zone4Min": {
          "help": "강도 80–90%.",
          "label": "구간 4 최솟값 (역치)",
        },
        "zone5Max": {
          "label": "구간 5 최댓값 (최대)",
        },
        "zone5Min": {
          "help": "강도 90–100%.",
          "label": "구간 5 최솟값 (최대)",
        },
      },
      "short": "Karvonen 방법 또는 단순 백분율 방법으로 5가지 훈련 심박수 구간을 계산합니다.",
      "title": "목표 심박수 구간 — Karvonen 방법",
    },
    "ru": {
      "description": "Бесплатный калькулятор зон пульса. Введите возраст и пульс в покое, чтобы получить максимальный пульс и пять тренировочных зон.",
      "errors": {
        "ageOutOfRange": "Возраст должен быть от 10 до 100 лет.",
        "rhrOutOfRange": "Пульс в покое должен быть от 30 до 100 уд/мин.",
      },
      "faq": [
        {
          "a": "Метод Карвонена рассчитывает целевые зоны пульса через резерв сердечного ритма (РСР = Макс. пульс − Пульс покоя): Целевой пульс = (РСР × интенсивность%) + Пульс покоя. Он более персонализирован, чем простой процентный метод, поскольку учитывает уровень физической подготовки.",
          "q": "Что такое формула Карвонена?",
        },
      ],
      "inputs": {
        "age": {
          "help": "Используется для оценки максимального пульса: 220 − возраст.",
          "label": "Возраст (лет)",
        },
        "formula": {
          "help": "Карвонен использует резерв сердечного ритма для персонализированных результатов.",
          "label": "Формула",
        },
        "restingHeartRate": {
          "help": "Измерьте утром до подъёма с постели. Норма: 60–100 уд/мин.",
          "label": "Пульс в покое (уд/мин)",
        },
      },
      "keywords": [
        "калькулятор зон пульса",
        "целевой пульс",
        "формула Карвонена",
        "тренировочные зоны",
        "максимальный пульс",
        "кардиозоны",
        "калькулятор фитнеса",
      ],
      "options": {
        "formula": {
          "karvonen": "Карвонен (резерв сердечного ритма)",
          "simple": "Простой (% от макс. пульса)",
        },
      },
      "outputs": {
        "hrr": {
          "help": "РСР = Макс. пульс − Пульс покоя.",
          "label": "Резерв сердечного ритма (уд/мин)",
        },
        "maxHR": {
          "help": "Расчётный макс. пульс = 220 − возраст.",
          "label": "Максимальный пульс (уд/мин)",
        },
        "zone1Max": {
          "label": "Зона 1 макс (Восстановление)",
        },
        "zone1Min": {
          "help": "Интенсивность 50–60%.",
          "label": "Зона 1 мин (Восстановление)",
        },
        "zone2Max": {
          "label": "Зона 2 макс (Аэробная база)",
        },
        "zone2Min": {
          "help": "Интенсивность 60–70%.",
          "label": "Зона 2 мин (Аэробная база)",
        },
        "zone3Max": {
          "label": "Зона 3 макс (Аэробная)",
        },
        "zone3Min": {
          "help": "Интенсивность 70–80%.",
          "label": "Зона 3 мин (Аэробная)",
        },
        "zone4Max": {
          "label": "Зона 4 макс (Пороговая)",
        },
        "zone4Min": {
          "help": "Интенсивность 80–90%.",
          "label": "Зона 4 мин (Пороговая)",
        },
        "zone5Max": {
          "label": "Зона 5 макс (Максимальная)",
        },
        "zone5Min": {
          "help": "Интенсивность 90–100%.",
          "label": "Зона 5 мин (Максимальная)",
        },
      },
      "short": "Рассчитайте 5 тренировочных зон пульса по методу Карвонена или простому процентному методу.",
      "title": "Зоны целевого пульса — Метод Карвонена",
    },
    "tr": {
      "description": "Ücretsiz kalp atış hızı bölgesi hesaplayıcı. Yaşınızı ve dinlenme kalp atış hızınızı girerek maksimum KAH ve beş antrenman bölgenizi hesaplayın.",
      "errors": {
        "ageOutOfRange": "Yaş 10 ile 100 yıl arasında olmalıdır.",
        "rhrOutOfRange": "Dinlenme kalp atış hızı 30 ile 100 atım/dk arasında olmalıdır.",
      },
      "faq": [
        {
          "a": "Karvonen yöntemi, kalp atış hızı rezervini (KAH Rezervi = Maks. KAH − Dinlenme KAH) kullanarak hedef KAH bölgelerini hesaplar: Hedef KAH = (KAH Rezervi × yoğunluk%) + Dinlenme KAH. Dinlenme kalp atış hızını hesaba kattığı için basit yüzde yöntemine kıyasla daha kişiselleştirilmiş sonuçlar verir.",
          "q": "Karvonen formülü nedir?",
        },
      ],
      "inputs": {
        "age": {
          "help": "Maksimum kalp atış hızını tahmin etmek için kullanılır: 220 − yaş.",
          "label": "Yaş (yıl)",
        },
        "formula": {
          "help": "Karvonen, kalp atış hızı rezervini kullanarak daha kişiselleştirilmiş sonuçlar verir.",
          "label": "Formül",
        },
        "restingHeartRate": {
          "help": "Sabah yataktan kalkmadan önce ölçün. Normal aralık: 60–100 atım/dk.",
          "label": "Dinlenme kalp atış hızı (atım/dk)",
        },
      },
      "keywords": [
        "kalp atış hızı bölgesi hesaplayıcı",
        "hedef kalp atış hızı",
        "Karvonen formülü",
        "antrenman bölgeleri",
        "maksimum kalp atış hızı",
        "kardio bölgeleri",
        "fitness hesaplayıcı",
      ],
      "options": {
        "formula": {
          "karvonen": "Karvonen (KAH Rezervi)",
          "simple": "Basit (Maks. KAH yüzdesi)",
        },
      },
      "outputs": {
        "hrr": {
          "help": "KAH Rezervi = Maks. KAH − Dinlenme KAH.",
          "label": "Kalp atış hızı rezervi (atım/dk)",
        },
        "maxHR": {
          "help": "Tahmini maks. KAH = 220 − yaş.",
          "label": "Maksimum kalp atış hızı (atım/dk)",
        },
        "zone1Max": {
          "label": "Bölge 1 maks (Toparlanma)",
        },
        "zone1Min": {
          "help": "50–60% yoğunluk.",
          "label": "Bölge 1 min (Toparlanma)",
        },
        "zone2Max": {
          "label": "Bölge 2 maks (Aerobik Taban)",
        },
        "zone2Min": {
          "help": "60–70% yoğunluk.",
          "label": "Bölge 2 min (Aerobik Taban)",
        },
        "zone3Max": {
          "label": "Bölge 3 maks (Aerobik)",
        },
        "zone3Min": {
          "help": "70–80% yoğunluk.",
          "label": "Bölge 3 min (Aerobik)",
        },
        "zone4Max": {
          "label": "Bölge 4 maks (Eşik)",
        },
        "zone4Min": {
          "help": "80–90% yoğunluk.",
          "label": "Bölge 4 min (Eşik)",
        },
        "zone5Max": {
          "label": "Bölge 5 maks (Maksimum)",
        },
        "zone5Min": {
          "help": "90–100% yoğunluk.",
          "label": "Bölge 5 min (Maksimum)",
        },
      },
      "short": "Karvonen veya basit yüzde yöntemiyle 5 antrenman kalp atış hızı bölgenizi hesaplayın.",
      "title": "Hedef Kalp Atış Hızı Bölgeleri — Karvonen Yöntemi",
    },
    "zh": {
      "description": "免费心率区间计算器。输入年龄和静息心率，获取最大心率和五个训练区间。",
      "errors": {
        "ageOutOfRange": "年龄必须在10至100岁之间。",
        "rhrOutOfRange": "静息心率必须在30至100次/分之间。",
      },
      "faq": [
        {
          "a": "Karvonen方法使用心率储备（心率储备 = 最大心率 − 静息心率）计算目标心率区间：目标心率 = （心率储备 × 强度百分比）+ 静息心率。它比简单百分比法更个性化，因为它考虑了健身水平（由静息心率体现）。",
          "q": "什么是Karvonen公式？",
        },
      ],
      "inputs": {
        "age": {
          "help": "用于估算最大心率：220 − 年龄。",
          "label": "年龄（岁）",
        },
        "formula": {
          "help": "Karvonen使用心率储备，结果更个性化。",
          "label": "计算方法",
        },
        "restingHeartRate": {
          "help": "早晨起床前测量。正常范围：60–100次/分。",
          "label": "静息心率（次/分）",
        },
      },
      "keywords": [
        "心率区间计算器",
        "目标心率",
        "Karvonen公式",
        "训练区间",
        "最大心率",
        "有氧心率区间",
        "健身计算器",
      ],
      "options": {
        "formula": {
          "karvonen": "Karvonen法（心率储备）",
          "simple": "简单法（最大心率百分比）",
        },
      },
      "outputs": {
        "hrr": {
          "help": "心率储备 = 最大心率 − 静息心率。",
          "label": "心率储备（次/分）",
        },
        "maxHR": {
          "help": "估算最大心率 = 220 − 年龄。",
          "label": "最大心率（次/分）",
        },
        "zone1Max": {
          "label": "区间1最大值（恢复）",
        },
        "zone1Min": {
          "help": "50–60%强度。",
          "label": "区间1最小值（恢复）",
        },
        "zone2Max": {
          "label": "区间2最大值（有氧基础）",
        },
        "zone2Min": {
          "help": "60–70%强度。",
          "label": "区间2最小值（有氧基础）",
        },
        "zone3Max": {
          "label": "区间3最大值（有氧）",
        },
        "zone3Min": {
          "help": "70–80%强度。",
          "label": "区间3最小值（有氧）",
        },
        "zone4Max": {
          "label": "区间4最大值（阈值）",
        },
        "zone4Min": {
          "help": "80–90%强度。",
          "label": "区间4最小值（阈值）",
        },
        "zone5Max": {
          "label": "区间5最大值（最大强度）",
        },
        "zone5Min": {
          "help": "90–100%强度。",
          "label": "区间5最小值（最大强度）",
        },
      },
      "short": "使用Karvonen方法或简单百分比法计算您的5个训练心率区间。",
      "title": "目标心率区间 — Karvonen方法",
    },
  },
  "icon": Any<String>,
  "inputSchema": ZodObject {
    "_cached": {
      "keys": [
        "age",
        "restingHeartRate",
        "formula",
      ],
      "shape": {
        "age": ZodNumber {
          "_def": {
            "checks": [
              {
                "kind": "int",
                "message": undefined,
              },
              {
                "inclusive": true,
                "kind": "min",
                "message": undefined,
                "value": 10,
              },
              {
                "inclusive": true,
                "kind": "max",
                "message": undefined,
                "value": 100,
              },
            ],
            "coerce": false,
            "typeName": "ZodNumber",
          },
          "and": [Function],
          "array": [Function],
          "brand": [Function],
          "catch": [Function],
          "default": [Function],
          "describe": [Function],
          "isNullable": [Function],
          "isOptional": [Function],
          "max": [Function],
          "min": [Function],
          "nullable": [Function],
          "nullish": [Function],
          "optional": [Function],
          "or": [Function],
          "parse": [Function],
          "parseAsync": [Function],
          "pipe": [Function],
          "promise": [Function],
          "readonly": [Function],
          "refine": [Function],
          "refinement": [Function],
          "safeParse": [Function],
          "safeParseAsync": [Function],
          "spa": [Function],
          "step": [Function],
          "superRefine": [Function],
          "transform": [Function],
          "~standard": {
            "validate": [Function],
            "vendor": "zod",
            "version": 1,
          },
        },
        "formula": ZodEnum {
          "_cache": Set {
            "simple",
            "karvonen",
          },
          "_def": {
            "typeName": "ZodEnum",
            "values": [
              "simple",
              "karvonen",
            ],
          },
          "and": [Function],
          "array": [Function],
          "brand": [Function],
          "catch": [Function],
          "default": [Function],
          "describe": [Function],
          "isNullable": [Function],
          "isOptional": [Function],
          "nullable": [Function],
          "nullish": [Function],
          "optional": [Function],
          "or": [Function],
          "parse": [Function],
          "parseAsync": [Function],
          "pipe": [Function],
          "promise": [Function],
          "readonly": [Function],
          "refine": [Function],
          "refinement": [Function],
          "safeParse": [Function],
          "safeParseAsync": [Function],
          "spa": [Function],
          "superRefine": [Function],
          "transform": [Function],
          "~standard": {
            "validate": [Function],
            "vendor": "zod",
            "version": 1,
          },
        },
        "restingHeartRate": ZodNumber {
          "_def": {
            "checks": [
              {
                "kind": "int",
                "message": undefined,
              },
              {
                "inclusive": true,
                "kind": "min",
                "message": undefined,
                "value": 30,
              },
              {
                "inclusive": true,
                "kind": "max",
                "message": undefined,
                "value": 100,
              },
            ],
            "coerce": false,
            "typeName": "ZodNumber",
          },
          "and": [Function],
          "array": [Function],
          "brand": [Function],
          "catch": [Function],
          "default": [Function],
          "describe": [Function],
          "isNullable": [Function],
          "isOptional": [Function],
          "max": [Function],
          "min": [Function],
          "nullable": [Function],
          "nullish": [Function],
          "optional": [Function],
          "or": [Function],
          "parse": [Function],
          "parseAsync": [Function],
          "pipe": [Function],
          "promise": [Function],
          "readonly": [Function],
          "refine": [Function],
          "refinement": [Function],
          "safeParse": [Function],
          "safeParseAsync": [Function],
          "spa": [Function],
          "step": [Function],
          "superRefine": [Function],
          "transform": [Function],
          "~standard": {
            "validate": [Function],
            "vendor": "zod",
            "version": 1,
          },
        },
      },
    },
    "_def": {
      "catchall": ZodNever {
        "_def": {
          "typeName": "ZodNever",
        },
        "and": [Function],
        "array": [Function],
        "brand": [Function],
        "catch": [Function],
        "default": [Function],
        "describe": [Function],
        "isNullable": [Function],
        "isOptional": [Function],
        "nullable": [Function],
        "nullish": [Function],
        "optional": [Function],
        "or": [Function],
        "parse": [Function],
        "parseAsync": [Function],
        "pipe": [Function],
        "promise": [Function],
        "readonly": [Function],
        "refine": [Function],
        "refinement": [Function],
        "safeParse": [Function],
        "safeParseAsync": [Function],
        "spa": [Function],
        "superRefine": [Function],
        "transform": [Function],
        "~standard": {
          "validate": [Function],
          "vendor": "zod",
          "version": 1,
        },
      },
      "shape": [Function],
      "typeName": "ZodObject",
      "unknownKeys": "strip",
    },
    "and": [Function],
    "array": [Function],
    "augment": [Function],
    "brand": [Function],
    "catch": [Function],
    "default": [Function],
    "describe": [Function],
    "isNullable": [Function],
    "isOptional": [Function],
    "nonstrict": [Function],
    "nullable": [Function],
    "nullish": [Function],
    "optional": [Function],
    "or": [Function],
    "parse": [Function],
    "parseAsync": [Function],
    "pipe": [Function],
    "promise": [Function],
    "readonly": [Function],
    "refine": [Function],
    "refinement": [Function],
    "safeParse": [Function],
    "safeParseAsync": [Function],
    "spa": [Function],
    "superRefine": [Function],
    "transform": [Function],
    "~standard": {
      "validate": [Function],
      "vendor": "zod",
      "version": 1,
    },
  },
  "inputs": [
    {
      "defaultValue": 30,
      "id": "age",
      "required": true,
      "type": {
        "integer": true,
        "kind": "number",
        "max": 100,
        "min": 10,
        "step": 1,
        "unit": "year",
      },
    },
    {
      "defaultValue": 60,
      "id": "restingHeartRate",
      "required": true,
      "type": {
        "integer": true,
        "kind": "number",
        "max": 100,
        "min": 30,
        "step": 1,
      },
    },
    {
      "defaultValue": "karvonen",
      "id": "formula",
      "required": true,
      "type": {
        "kind": "select",
        "options": [
          {
            "i18nKey": "simple",
            "value": "simple",
          },
          {
            "i18nKey": "karvonen",
            "value": "karvonen",
          },
        ],
      },
    },
  ],
  "meta": {
    "disclaimer": "These heart rate zones are general fitness guidelines. Individual responses to exercise vary. Consult a physician before starting a new exercise program, especially if you have a cardiovascular condition.",
    "formulaLatex": "\\text{HRR} = \\text{MaxHR} - \\text{RHR};\\quad \\text{Zone} = (\\text{HRR} \\times \\%) + \\text{RHR}",
    "references": [
      {
        "authority": "Annals of Medicine and Experimental Biology Fenniae",
        "title": "Karvonen MJ et al. — The effects of training on heart rate (1957)",
        "url": "https://pubmed.ncbi.nlm.nih.gov/13470504/",
      },
      {
        "authority": "American College of Sports Medicine",
        "title": "ACSM's Guidelines for Exercise Testing and Prescription",
        "url": "https://www.acsm.org/education-resources/books/acsm-guidelines",
      },
    ],
  },
  "outputs": [
    {
      "format": "number",
      "highlight": true,
      "id": "maxHR",
      "precision": 0,
    },
    {
      "format": "number",
      "id": "hrr",
      "precision": 0,
    },
    {
      "format": "number",
      "id": "zone1Min",
      "precision": 0,
    },
    {
      "format": "number",
      "id": "zone1Max",
      "precision": 0,
    },
    {
      "format": "number",
      "id": "zone2Min",
      "precision": 0,
    },
    {
      "format": "number",
      "id": "zone2Max",
      "precision": 0,
    },
    {
      "format": "number",
      "id": "zone3Min",
      "precision": 0,
    },
    {
      "format": "number",
      "id": "zone3Max",
      "precision": 0,
    },
    {
      "format": "number",
      "id": "zone4Min",
      "precision": 0,
    },
    {
      "format": "number",
      "id": "zone4Max",
      "precision": 0,
    },
    {
      "format": "number",
      "id": "zone5Min",
      "precision": 0,
    },
    {
      "format": "number",
      "id": "zone5Max",
      "precision": 0,
    },
  ],
  "priority": Any<String>,
  "related": [
    "blood-pressure",
    "bmi",
    "tdee",
  ],
  "slug": Any<String>,
  "tags": [
    "heart rate",
    "training zones",
    "Karvonen",
    "fitness",
    "cardio",
  ],
}
`;
