// Vitest Snapshot v1, https://vitest.dev/guide/snapshot.html

exports[`Matrix — definition snapshot > matches expected calculator shape 1`] = `
{
  "category": "math",
  "compute": [Function],
  "i18n": {
    "ar": {
      "description": "حاسبة مصفوفات مجانية. قم بإجراء عمليات جمع وطرح وضرب المصفوفات وحساب المحددات.",
      "errors": {
        "invalidMatrix": "أبعاد أو قيم مصفوفة غير صالحة.",
      },
      "faq": [
        {
          "a": "يجمع ضرب المصفوفات صفوف المصفوفة الأولى مع أعمدة المصفوفة الثانية. العنصر (i، j) = مجموع منتجات الصف i والعمود j.",
          "q": "ما هو ضرب المصفوفات؟",
        },
        {
          "a": "المحدد هو قيمة عددية محسوبة من عناصر المصفوفة. بالنسبة لـ 2×2: det(A) = ad-bc. يشير إلى عكس المصفوفة.",
          "q": "ما هو المحدد؟",
        },
        {
          "a": "يضرب الضرب العنصري العناصر المقابلة. يستخدم ضرب المصفوفات قاعدة الضرب القياسي.",
          "q": "ما هو الفرق بين الضرب العنصري وضرب المصفوفات؟",
        },
      ],
      "inputs": {
        "a11": {
          "help": "العنصر عند الموضع [1,1]",
          "label": "A[1,1]",
        },
        "a12": {
          "help": "العنصر عند الموضع [1,2]",
          "label": "A[1,2]",
        },
        "a13": {
          "help": "العنصر عند الموضع [1,3]",
          "label": "A[1,3]",
        },
        "a21": {
          "help": "العنصر عند الموضع [2,1]",
          "label": "A[2,1]",
        },
        "a22": {
          "help": "العنصر عند الموضع [2,2]",
          "label": "A[2,2]",
        },
        "a23": {
          "help": "العنصر عند الموضع [2,3]",
          "label": "A[2,3]",
        },
        "a31": {
          "help": "العنصر عند الموضع [3,1]",
          "label": "A[3,1]",
        },
        "a32": {
          "help": "العنصر عند الموضع [3,2]",
          "label": "A[3,2]",
        },
        "a33": {
          "help": "العنصر عند الموضع [3,3]",
          "label": "A[3,3]",
        },
        "b11": {
          "help": "عنصر المصفوفة الثانية [1,1]",
          "label": "B[1,1]",
        },
        "b12": {
          "help": "عنصر المصفوفة الثانية [1,2]",
          "label": "B[1,2]",
        },
        "b13": {
          "help": "عنصر المصفوفة الثانية [1,3]",
          "label": "B[1,3]",
        },
        "b21": {
          "help": "عنصر المصفوفة الثانية [2,1]",
          "label": "B[2,1]",
        },
        "b22": {
          "help": "عنصر المصفوفة الثانية [2,2]",
          "label": "B[2,2]",
        },
        "b23": {
          "help": "عنصر المصفوفة الثانية [2,3]",
          "label": "B[2,3]",
        },
        "b31": {
          "help": "عنصر المصفوفة الثانية [3,1]",
          "label": "B[3,1]",
        },
        "b32": {
          "help": "عنصر المصفوفة الثانية [3,2]",
          "label": "B[3,2]",
        },
        "b33": {
          "help": "عنصر المصفوفة الثانية [3,3]",
          "label": "B[3,3]",
        },
        "matrixSize": {
          "help": "2×2 أو 3×3",
          "label": "حجم المصفوفة",
        },
        "operation": {
          "help": "اختر عملية المصفوفة",
          "label": "العملية",
        },
      },
      "keywords": [
        "حاسبة المصفوفات",
        "عمليات المصفوفات",
        "المحدد",
        "ضرب المصفوفات",
        "الجبر الخطي",
      ],
      "options": {
        "matrixSize": {
          "2x2": "2×2",
          "3x3": "3×3",
        },
        "operation": {
          "add": "إضافة",
          "determinant": "محدد",
          "multiply": "ضرب",
          "subtract": "طرح",
        },
      },
      "outputs": {
        "c11": {
          "label": "النتيجة[1,1]",
        },
        "c12": {
          "label": "النتيجة[1,2]",
        },
        "c13": {
          "label": "النتيجة[1,3]",
        },
        "c21": {
          "label": "النتيجة[2,1]",
        },
        "c22": {
          "label": "النتيجة[2,2]",
        },
        "c23": {
          "label": "النتيجة[2,3]",
        },
        "c31": {
          "label": "النتيجة[3,1]",
        },
        "c32": {
          "label": "النتيجة[3,2]",
        },
        "c33": {
          "label": "النتيجة[3,3]",
        },
        "determinant": {
          "label": "المحدد",
        },
        "result": {
          "label": "نوع النتيجة",
        },
      },
      "short": "أضف واطرح واضرب المصفوفات 2×2 و 3×3 وحساب المحددات.",
      "title": "حاسبة المصفوفات",
    },
    "de": {
      "description": "Kostenloser Matrixrechner. Führen Sie Matrixaddition, Subtraktion, Multiplikation und Determinantenberechnung durch.",
      "errors": {
        "invalidMatrix": "Ungültige Matrixdimensionen oder -werte.",
      },
      "faq": [
        {
          "a": "Matrixmultiplikation kombiniert Zeilen der ersten Matrix mit Spalten der zweiten. Element (i,j) = Summe der Produkte aus Zeile i und Spalte j.",
          "q": "Was ist Matrixmultiplikation?",
        },
        {
          "a": "Die Determinante ist ein aus Matrixelementen berechneter Skalarwert. Für 2×2: det(A) = ad-bc. Sie zeigt die Invertierbarkeit der Matrix an.",
          "q": "Was ist eine Determinante?",
        },
        {
          "a": "Elementweise multipliziert entsprechende Elemente. Matrixmultiplikation verwendet die Skalarprodukt-Regel.",
          "q": "Was ist der Unterschied zwischen elementweiser und Matrixmultiplikation?",
        },
      ],
      "inputs": {
        "a11": {
          "help": "Element an Position [1,1]",
          "label": "A[1,1]",
        },
        "a12": {
          "help": "Element an Position [1,2]",
          "label": "A[1,2]",
        },
        "a13": {
          "help": "Element an Position [1,3]",
          "label": "A[1,3]",
        },
        "a21": {
          "help": "Element an Position [2,1]",
          "label": "A[2,1]",
        },
        "a22": {
          "help": "Element an Position [2,2]",
          "label": "A[2,2]",
        },
        "a23": {
          "help": "Element an Position [2,3]",
          "label": "A[2,3]",
        },
        "a31": {
          "help": "Element an Position [3,1]",
          "label": "A[3,1]",
        },
        "a32": {
          "help": "Element an Position [3,2]",
          "label": "A[3,2]",
        },
        "a33": {
          "help": "Element an Position [3,3]",
          "label": "A[3,3]",
        },
        "b11": {
          "help": "Zweite Matrix Element [1,1]",
          "label": "B[1,1]",
        },
        "b12": {
          "help": "Zweite Matrix Element [1,2]",
          "label": "B[1,2]",
        },
        "b13": {
          "help": "Zweite Matrix Element [1,3]",
          "label": "B[1,3]",
        },
        "b21": {
          "help": "Zweite Matrix Element [2,1]",
          "label": "B[2,1]",
        },
        "b22": {
          "help": "Zweite Matrix Element [2,2]",
          "label": "B[2,2]",
        },
        "b23": {
          "help": "Zweite Matrix Element [2,3]",
          "label": "B[2,3]",
        },
        "b31": {
          "help": "Zweite Matrix Element [3,1]",
          "label": "B[3,1]",
        },
        "b32": {
          "help": "Zweite Matrix Element [3,2]",
          "label": "B[3,2]",
        },
        "b33": {
          "help": "Zweite Matrix Element [3,3]",
          "label": "B[3,3]",
        },
        "matrixSize": {
          "help": "2×2 oder 3×3",
          "label": "Matrixgröße",
        },
        "operation": {
          "help": "Wählen Sie die Matrixoperation",
          "label": "Operation",
        },
      },
      "keywords": [
        "Matrixrechner",
        "Matrixoperationen",
        "Determinante",
        "Matrixmultiplikation",
        "lineare Algebra",
      ],
      "options": {
        "matrixSize": {
          "2x2": "2×2",
          "3x3": "3×3",
        },
        "operation": {
          "add": "Addieren",
          "determinant": "Determinante",
          "multiply": "Multiplizieren",
          "subtract": "Subtrahieren",
        },
      },
      "outputs": {
        "c11": {
          "label": "Ergebnis[1,1]",
        },
        "c12": {
          "label": "Ergebnis[1,2]",
        },
        "c13": {
          "label": "Ergebnis[1,3]",
        },
        "c21": {
          "label": "Ergebnis[2,1]",
        },
        "c22": {
          "label": "Ergebnis[2,2]",
        },
        "c23": {
          "label": "Ergebnis[2,3]",
        },
        "c31": {
          "label": "Ergebnis[3,1]",
        },
        "c32": {
          "label": "Ergebnis[3,2]",
        },
        "c33": {
          "label": "Ergebnis[3,3]",
        },
        "determinant": {
          "label": "Determinante",
        },
        "result": {
          "label": "Ergebnistyp",
        },
      },
      "short": "Addieren, subtrahieren und multiplizieren Sie 2×2 und 3×3 Matrizen, berechnen Sie Determinanten.",
      "title": "Matrixrechner",
    },
    "en": {
      "description": "Free matrix calculator. Perform matrix addition, subtraction, multiplication, and determinant calculations for 2×2 and 3×3 matrices.",
      "errors": {
        "invalidMatrix": "Invalid matrix dimensions or values.",
      },
      "faq": [
        {
          "a": "Matrix multiplication combines rows of the first matrix with columns of the second. Element (i,j) = sum of products of row i and column j.",
          "q": "What is matrix multiplication?",
        },
        {
          "a": "The determinant is a scalar value computed from matrix elements. For 2×2: det(A) = ad-bc. It indicates matrix invertibility.",
          "q": "What is a determinant?",
        },
        {
          "a": "Element-wise multiplies corresponding elements. Matrix multiplication uses the dot product rule.",
          "q": "What's the difference between element-wise and matrix multiplication?",
        },
      ],
      "inputs": {
        "a11": {
          "help": "Element at row 1, column 1",
          "label": "A[1,1]",
        },
        "a12": {
          "help": "Element at row 1, column 2",
          "label": "A[1,2]",
        },
        "a13": {
          "help": "Element at row 1, column 3",
          "label": "A[1,3]",
        },
        "a21": {
          "help": "Element at row 2, column 1",
          "label": "A[2,1]",
        },
        "a22": {
          "help": "Element at row 2, column 2",
          "label": "A[2,2]",
        },
        "a23": {
          "help": "Element at row 2, column 3",
          "label": "A[2,3]",
        },
        "a31": {
          "help": "Element at row 3, column 1",
          "label": "A[3,1]",
        },
        "a32": {
          "help": "Element at row 3, column 2",
          "label": "A[3,2]",
        },
        "a33": {
          "help": "Element at row 3, column 3",
          "label": "A[3,3]",
        },
        "b11": {
          "help": "Second matrix element [1,1]",
          "label": "B[1,1]",
        },
        "b12": {
          "help": "Second matrix element [1,2]",
          "label": "B[1,2]",
        },
        "b13": {
          "help": "Second matrix element [1,3]",
          "label": "B[1,3]",
        },
        "b21": {
          "help": "Second matrix element [2,1]",
          "label": "B[2,1]",
        },
        "b22": {
          "help": "Second matrix element [2,2]",
          "label": "B[2,2]",
        },
        "b23": {
          "help": "Second matrix element [2,3]",
          "label": "B[2,3]",
        },
        "b31": {
          "help": "Second matrix element [3,1]",
          "label": "B[3,1]",
        },
        "b32": {
          "help": "Second matrix element [3,2]",
          "label": "B[3,2]",
        },
        "b33": {
          "help": "Second matrix element [3,3]",
          "label": "B[3,3]",
        },
        "matrixSize": {
          "help": "2×2 or 3×3",
          "label": "Matrix size",
        },
        "operation": {
          "help": "Choose matrix operation",
          "label": "Operation",
        },
      },
      "keywords": [
        "matrix calculator",
        "matrix operations",
        "determinant",
        "matrix multiply",
        "linear algebra",
        "matrix addition",
      ],
      "options": {
        "matrixSize": {
          "2x2": "2×2",
          "3x3": "3×3",
        },
        "operation": {
          "add": "Add",
          "determinant": "Determinant",
          "multiply": "Multiply",
          "subtract": "Subtract",
        },
      },
      "outputs": {
        "c11": {
          "label": "Result[1,1]",
        },
        "c12": {
          "label": "Result[1,2]",
        },
        "c13": {
          "label": "Result[1,3]",
        },
        "c21": {
          "label": "Result[2,1]",
        },
        "c22": {
          "label": "Result[2,2]",
        },
        "c23": {
          "label": "Result[2,3]",
        },
        "c31": {
          "label": "Result[3,1]",
        },
        "c32": {
          "label": "Result[3,2]",
        },
        "c33": {
          "label": "Result[3,3]",
        },
        "determinant": {
          "label": "Determinant",
        },
        "result": {
          "label": "Result type",
        },
      },
      "short": "Add, subtract, multiply 2×2 and 3×3 matrices, calculate determinants.",
      "title": "Matrix Calculator",
    },
    "es": {
      "description": "Calculadora de matrices gratuita. Realice sumas, restas, multiplicaciones y cálculos de determinantes de matrices.",
      "errors": {
        "invalidMatrix": "Dimensiones o valores de matriz inválidos.",
      },
      "faq": [
        {
          "a": "La multiplicación de matrices combina las filas de la primera matriz con las columnas de la segunda. Elemento (i,j) = suma de productos de fila i y columna j.",
          "q": "¿Qué es la multiplicación de matrices?",
        },
        {
          "a": "El determinante es un valor escalar calculado a partir de los elementos de la matriz. Para 2×2: det(A) = ad-bc. Indica la invertibilidad de la matriz.",
          "q": "¿Qué es un determinante?",
        },
        {
          "a": "La multiplicación por elemento multiplica elementos correspondientes. La multiplicación de matrices usa la regla del producto escalar.",
          "q": "¿Cuál es la diferencia entre multiplicación por elemento y multiplicación de matrices?",
        },
      ],
      "inputs": {
        "a11": {
          "help": "Elemento en posición [1,1]",
          "label": "A[1,1]",
        },
        "a12": {
          "help": "Elemento en posición [1,2]",
          "label": "A[1,2]",
        },
        "a13": {
          "help": "Elemento en posición [1,3]",
          "label": "A[1,3]",
        },
        "a21": {
          "help": "Elemento en posición [2,1]",
          "label": "A[2,1]",
        },
        "a22": {
          "help": "Elemento en posición [2,2]",
          "label": "A[2,2]",
        },
        "a23": {
          "help": "Elemento en posición [2,3]",
          "label": "A[2,3]",
        },
        "a31": {
          "help": "Elemento en posición [3,1]",
          "label": "A[3,1]",
        },
        "a32": {
          "help": "Elemento en posición [3,2]",
          "label": "A[3,2]",
        },
        "a33": {
          "help": "Elemento en posición [3,3]",
          "label": "A[3,3]",
        },
        "b11": {
          "help": "Elemento de segunda matriz [1,1]",
          "label": "B[1,1]",
        },
        "b12": {
          "help": "Elemento de segunda matriz [1,2]",
          "label": "B[1,2]",
        },
        "b13": {
          "help": "Elemento de segunda matriz [1,3]",
          "label": "B[1,3]",
        },
        "b21": {
          "help": "Elemento de segunda matriz [2,1]",
          "label": "B[2,1]",
        },
        "b22": {
          "help": "Elemento de segunda matriz [2,2]",
          "label": "B[2,2]",
        },
        "b23": {
          "help": "Elemento de segunda matriz [2,3]",
          "label": "B[2,3]",
        },
        "b31": {
          "help": "Elemento de segunda matriz [3,1]",
          "label": "B[3,1]",
        },
        "b32": {
          "help": "Elemento de segunda matriz [3,2]",
          "label": "B[3,2]",
        },
        "b33": {
          "help": "Elemento de segunda matriz [3,3]",
          "label": "B[3,3]",
        },
        "matrixSize": {
          "help": "2×2 o 3×3",
          "label": "Tamaño de matriz",
        },
        "operation": {
          "help": "Elija la operación matricial",
          "label": "Operación",
        },
      },
      "keywords": [
        "calculadora de matrices",
        "operaciones matriciales",
        "determinante",
        "multiplicación de matrices",
        "álgebra lineal",
      ],
      "options": {
        "matrixSize": {
          "2x2": "2×2",
          "3x3": "3×3",
        },
        "operation": {
          "add": "Sumar",
          "determinant": "Determinante",
          "multiply": "Multiplicar",
          "subtract": "Restar",
        },
      },
      "outputs": {
        "c11": {
          "label": "Resultado[1,1]",
        },
        "c12": {
          "label": "Resultado[1,2]",
        },
        "c13": {
          "label": "Resultado[1,3]",
        },
        "c21": {
          "label": "Resultado[2,1]",
        },
        "c22": {
          "label": "Resultado[2,2]",
        },
        "c23": {
          "label": "Resultado[2,3]",
        },
        "c31": {
          "label": "Resultado[3,1]",
        },
        "c32": {
          "label": "Resultado[3,2]",
        },
        "c33": {
          "label": "Resultado[3,3]",
        },
        "determinant": {
          "label": "Determinante",
        },
        "result": {
          "label": "Tipo de resultado",
        },
      },
      "short": "Sume, reste y multiplique matrices 2×2 y 3×3, calcule determinantes.",
      "title": "Calculadora de Matrices",
    },
    "fr": {
      "description": "Calculatrice matricielle gratuite. Effectuez l'addition, la soustraction, la multiplication et le calcul du déterminant de matrices.",
      "errors": {
        "invalidMatrix": "Dimensions ou valeurs de matrice invalides.",
      },
      "faq": [
        {
          "a": "La multiplication matricielle combine les lignes de la première matrice avec les colonnes de la seconde. Élément (i,j) = somme des produits de la ligne i et de la colonne j.",
          "q": "Qu'est-ce que la multiplication matricielle?",
        },
        {
          "a": "Le déterminant est une valeur scalaire calculée à partir des éléments de la matrice. Pour 2×2: det(A) = ad-bc. Il indique l'inversibilité de la matrice.",
          "q": "Qu'est-ce qu'un déterminant?",
        },
        {
          "a": "La multiplication par éléments multiplie les éléments correspondants. La multiplication matricielle utilise la règle du produit scalaire.",
          "q": "Quelle est la différence entre la multiplication par éléments et la multiplication matricielle?",
        },
      ],
      "inputs": {
        "a11": {
          "help": "Élément à la position [1,1]",
          "label": "A[1,1]",
        },
        "a12": {
          "help": "Élément à la position [1,2]",
          "label": "A[1,2]",
        },
        "a13": {
          "help": "Élément à la position [1,3]",
          "label": "A[1,3]",
        },
        "a21": {
          "help": "Élément à la position [2,1]",
          "label": "A[2,1]",
        },
        "a22": {
          "help": "Élément à la position [2,2]",
          "label": "A[2,2]",
        },
        "a23": {
          "help": "Élément à la position [2,3]",
          "label": "A[2,3]",
        },
        "a31": {
          "help": "Élément à la position [3,1]",
          "label": "A[3,1]",
        },
        "a32": {
          "help": "Élément à la position [3,2]",
          "label": "A[3,2]",
        },
        "a33": {
          "help": "Élément à la position [3,3]",
          "label": "A[3,3]",
        },
        "b11": {
          "help": "Deuxième matrice élément [1,1]",
          "label": "B[1,1]",
        },
        "b12": {
          "help": "Deuxième matrice élément [1,2]",
          "label": "B[1,2]",
        },
        "b13": {
          "help": "Deuxième matrice élément [1,3]",
          "label": "B[1,3]",
        },
        "b21": {
          "help": "Deuxième matrice élément [2,1]",
          "label": "B[2,1]",
        },
        "b22": {
          "help": "Deuxième matrice élément [2,2]",
          "label": "B[2,2]",
        },
        "b23": {
          "help": "Deuxième matrice élément [2,3]",
          "label": "B[2,3]",
        },
        "b31": {
          "help": "Deuxième matrice élément [3,1]",
          "label": "B[3,1]",
        },
        "b32": {
          "help": "Deuxième matrice élément [3,2]",
          "label": "B[3,2]",
        },
        "b33": {
          "help": "Deuxième matrice élément [3,3]",
          "label": "B[3,3]",
        },
        "matrixSize": {
          "help": "2×2 ou 3×3",
          "label": "Taille de la matrice",
        },
        "operation": {
          "help": "Choisissez l'opération matricielle",
          "label": "Opération",
        },
      },
      "keywords": [
        "calculatrice matricielle",
        "opérations matricielles",
        "déterminant",
        "multiplication matricielle",
        "algèbre linéaire",
      ],
      "options": {
        "matrixSize": {
          "2x2": "2×2",
          "3x3": "3×3",
        },
        "operation": {
          "add": "Ajouter",
          "determinant": "Déterminant",
          "multiply": "Multiplier",
          "subtract": "Soustraire",
        },
      },
      "outputs": {
        "c11": {
          "label": "Résultat[1,1]",
        },
        "c12": {
          "label": "Résultat[1,2]",
        },
        "c13": {
          "label": "Résultat[1,3]",
        },
        "c21": {
          "label": "Résultat[2,1]",
        },
        "c22": {
          "label": "Résultat[2,2]",
        },
        "c23": {
          "label": "Résultat[2,3]",
        },
        "c31": {
          "label": "Résultat[3,1]",
        },
        "c32": {
          "label": "Résultat[3,2]",
        },
        "c33": {
          "label": "Résultat[3,3]",
        },
        "determinant": {
          "label": "Déterminant",
        },
        "result": {
          "label": "Type de résultat",
        },
      },
      "short": "Additionnez, soustrayez et multipliez les matrices 2×2 et 3×3, calculez les déterminants.",
      "title": "Calculatrice Matricielle",
    },
    "hi": {
      "description": "मुफ़्त मैट्रिक्स कैलकुलेटर। मैट्रिक्स जोड़, घटाव, गुणा और सारणिक गणना करें।",
      "errors": {
        "invalidMatrix": "अमान्य मैट्रिक्स आयाम या मान।",
      },
      "faq": [
        {
          "a": "मैट्रिक्स गुणन पहले मैट्रिक्स की पंक्तियों को दूसरे के स्तंभों के साथ जोड़ता है। तत्व (i,j) = पंक्ति i और स्तंभ j के उत्पादों का योग।",
          "q": "मैट्रिक्स गुणन क्या है?",
        },
        {
          "a": "सारणिक मैट्रिक्स तत्वों से गणना की गई एक अदिश मान है। 2×2 के लिए: det(A) = ad-bc। यह मैट्रिक्स की व्युत्क्रमणीयता को दर्शाता है।",
          "q": "सारणिक क्या है?",
        },
        {
          "a": "तत्व-गुणन संबंधित तत्वों को गुणा करता है। मैट्रिक्स गुणन बिंदु-गुणन नियम का उपयोग करता है।",
          "q": "तत्व-गुणन और मैट्रिक्स गुणन में क्या अंतर है?",
        },
      ],
      "inputs": {
        "a11": {
          "help": "स्थिति [1,1] पर तत्व",
          "label": "A[1,1]",
        },
        "a12": {
          "help": "स्थिति [1,2] पर तत्व",
          "label": "A[1,2]",
        },
        "a13": {
          "help": "स्थिति [1,3] पर तत्व",
          "label": "A[1,3]",
        },
        "a21": {
          "help": "स्थिति [2,1] पर तत्व",
          "label": "A[2,1]",
        },
        "a22": {
          "help": "स्थिति [2,2] पर तत्व",
          "label": "A[2,2]",
        },
        "a23": {
          "help": "स्थिति [2,3] पर तत्व",
          "label": "A[2,3]",
        },
        "a31": {
          "help": "स्थिति [3,1] पर तत्व",
          "label": "A[3,1]",
        },
        "a32": {
          "help": "स्थिति [3,2] पर तत्व",
          "label": "A[3,2]",
        },
        "a33": {
          "help": "स्थिति [3,3] पर तत्व",
          "label": "A[3,3]",
        },
        "b11": {
          "help": "दूसरा मैट्रिक्स तत्व [1,1]",
          "label": "B[1,1]",
        },
        "b12": {
          "help": "दूसरा मैट्रिक्स तत्व [1,2]",
          "label": "B[1,2]",
        },
        "b13": {
          "help": "दूसरा मैट्रिक्स तत्व [1,3]",
          "label": "B[1,3]",
        },
        "b21": {
          "help": "दूसरा मैट्रिक्स तत्व [2,1]",
          "label": "B[2,1]",
        },
        "b22": {
          "help": "दूसरा मैट्रिक्स तत्व [2,2]",
          "label": "B[2,2]",
        },
        "b23": {
          "help": "दूसरा मैट्रिक्स तत्व [2,3]",
          "label": "B[2,3]",
        },
        "b31": {
          "help": "दूसरा मैट्रिक्स तत्व [3,1]",
          "label": "B[3,1]",
        },
        "b32": {
          "help": "दूसरा मैट्रिक्स तत्व [3,2]",
          "label": "B[3,2]",
        },
        "b33": {
          "help": "दूसरा मैट्रिक्स तत्व [3,3]",
          "label": "B[3,3]",
        },
        "matrixSize": {
          "help": "2×2 या 3×3",
          "label": "मैट्रिक्स आकार",
        },
        "operation": {
          "help": "मैट्रिक्स संचालन चुनें",
          "label": "संचालन",
        },
      },
      "keywords": [
        "मैट्रिक्स कैलकुलेटर",
        "मैट्रिक्स संचालन",
        "सारणिक",
        "मैट्रिक्स गुणन",
        "रैखिक बीजगणित",
      ],
      "options": {
        "matrixSize": {
          "2x2": "2×2",
          "3x3": "3×3",
        },
        "operation": {
          "add": "जोड़ें",
          "determinant": "सारणिक",
          "multiply": "गुणा करें",
          "subtract": "घटाएं",
        },
      },
      "outputs": {
        "c11": {
          "label": "परिणाम[1,1]",
        },
        "c12": {
          "label": "परिणाम[1,2]",
        },
        "c13": {
          "label": "परिणाम[1,3]",
        },
        "c21": {
          "label": "परिणाम[2,1]",
        },
        "c22": {
          "label": "परिणाम[2,2]",
        },
        "c23": {
          "label": "परिणाम[2,3]",
        },
        "c31": {
          "label": "परिणाम[3,1]",
        },
        "c32": {
          "label": "परिणाम[3,2]",
        },
        "c33": {
          "label": "परिणाम[3,3]",
        },
        "determinant": {
          "label": "सारणिक",
        },
        "result": {
          "label": "परिणाम प्रकार",
        },
      },
      "short": "2×2 और 3×3 मैट्रिक्स को जोड़ें, घटाएं, गुणा करें और सारणिक की गणना करें।",
      "title": "मैट्रिक्स कैलकुलेटर",
    },
    "it": {
      "description": "Calcolatore di matrici gratuito. Esegui addizioni, sottrazioni, moltiplicazioni e calcoli determinanti di matrici.",
      "errors": {
        "invalidMatrix": "Dimensioni o valori di matrice non validi.",
      },
      "faq": [
        {
          "a": "La moltiplicazione di matrici combina le righe della prima matrice con le colonne della seconda. Elemento (i,j) = somma dei prodotti di riga i e colonna j.",
          "q": "Che cos'è la moltiplicazione di matrici?",
        },
        {
          "a": "Il determinante è un valore scalare calcolato dagli elementi della matrice. Per 2×2: det(A) = ad-bc. Indica l'invertibilità della matrice.",
          "q": "Che cos'è un determinante?",
        },
        {
          "a": "La moltiplicazione per elemento moltiplica gli elementi corrispondenti. La moltiplicazione di matrici usa la regola del prodotto scalare.",
          "q": "Qual è la differenza tra moltiplicazione per elemento e moltiplicazione di matrici?",
        },
      ],
      "inputs": {
        "a11": {
          "help": "Elemento alla posizione [1,1]",
          "label": "A[1,1]",
        },
        "a12": {
          "help": "Elemento alla posizione [1,2]",
          "label": "A[1,2]",
        },
        "a13": {
          "help": "Elemento alla posizione [1,3]",
          "label": "A[1,3]",
        },
        "a21": {
          "help": "Elemento alla posizione [2,1]",
          "label": "A[2,1]",
        },
        "a22": {
          "help": "Elemento alla posizione [2,2]",
          "label": "A[2,2]",
        },
        "a23": {
          "help": "Elemento alla posizione [2,3]",
          "label": "A[2,3]",
        },
        "a31": {
          "help": "Elemento alla posizione [3,1]",
          "label": "A[3,1]",
        },
        "a32": {
          "help": "Elemento alla posizione [3,2]",
          "label": "A[3,2]",
        },
        "a33": {
          "help": "Elemento alla posizione [3,3]",
          "label": "A[3,3]",
        },
        "b11": {
          "help": "Elemento seconda matrice [1,1]",
          "label": "B[1,1]",
        },
        "b12": {
          "help": "Elemento seconda matrice [1,2]",
          "label": "B[1,2]",
        },
        "b13": {
          "help": "Elemento seconda matrice [1,3]",
          "label": "B[1,3]",
        },
        "b21": {
          "help": "Elemento seconda matrice [2,1]",
          "label": "B[2,1]",
        },
        "b22": {
          "help": "Elemento seconda matrice [2,2]",
          "label": "B[2,2]",
        },
        "b23": {
          "help": "Elemento seconda matrice [2,3]",
          "label": "B[2,3]",
        },
        "b31": {
          "help": "Elemento seconda matrice [3,1]",
          "label": "B[3,1]",
        },
        "b32": {
          "help": "Elemento seconda matrice [3,2]",
          "label": "B[3,2]",
        },
        "b33": {
          "help": "Elemento seconda matrice [3,3]",
          "label": "B[3,3]",
        },
        "matrixSize": {
          "help": "2×2 o 3×3",
          "label": "Dimensione matrice",
        },
        "operation": {
          "help": "Scegli l'operazione matriciale",
          "label": "Operazione",
        },
      },
      "keywords": [
        "calcolatore di matrici",
        "operazioni matriciali",
        "determinante",
        "moltiplicazione di matrici",
        "algebra lineare",
      ],
      "options": {
        "matrixSize": {
          "2x2": "2×2",
          "3x3": "3×3",
        },
        "operation": {
          "add": "Somma",
          "determinant": "Determinante",
          "multiply": "Moltiplica",
          "subtract": "Sottrai",
        },
      },
      "outputs": {
        "c11": {
          "label": "Risultato[1,1]",
        },
        "c12": {
          "label": "Risultato[1,2]",
        },
        "c13": {
          "label": "Risultato[1,3]",
        },
        "c21": {
          "label": "Risultato[2,1]",
        },
        "c22": {
          "label": "Risultato[2,2]",
        },
        "c23": {
          "label": "Risultato[2,3]",
        },
        "c31": {
          "label": "Risultato[3,1]",
        },
        "c32": {
          "label": "Risultato[3,2]",
        },
        "c33": {
          "label": "Risultato[3,3]",
        },
        "determinant": {
          "label": "Determinante",
        },
        "result": {
          "label": "Tipo di risultato",
        },
      },
      "short": "Somma, sottrai e moltiplica matrici 2×2 e 3×3, calcola determinanti.",
      "title": "Calcolatore di Matrici",
    },
    "ja": {
      "description": "無料の行列計算機。行列の加算、減算、乗算、行列式計算を実行します。",
      "errors": {
        "invalidMatrix": "無効な行列の寸法または値。",
      },
      "faq": [
        {
          "a": "行列乗法は、最初の行列の行を2番目の行列の列と組み合わせます。要素(i,j) = 行iと列jの積の合計。",
          "q": "行列乗法とは何ですか?",
        },
        {
          "a": "行列式は行列要素から計算されたスカラー値です。2×2の場合: det(A) = ad-bc。行列の可逆性を示します。",
          "q": "行列式とは何ですか?",
        },
        {
          "a": "要素ごとの乗法は対応する要素を乗算します。行列乗法はドット積ルールを使用します。",
          "q": "要素ごとの乗法と行列乗法の違いは何ですか?",
        },
      ],
      "inputs": {
        "a11": {
          "help": "位置 [1,1] の要素",
          "label": "A[1,1]",
        },
        "a12": {
          "help": "位置 [1,2] の要素",
          "label": "A[1,2]",
        },
        "a13": {
          "help": "位置 [1,3] の要素",
          "label": "A[1,3]",
        },
        "a21": {
          "help": "位置 [2,1] の要素",
          "label": "A[2,1]",
        },
        "a22": {
          "help": "位置 [2,2] の要素",
          "label": "A[2,2]",
        },
        "a23": {
          "help": "位置 [2,3] の要素",
          "label": "A[2,3]",
        },
        "a31": {
          "help": "位置 [3,1] の要素",
          "label": "A[3,1]",
        },
        "a32": {
          "help": "位置 [3,2] の要素",
          "label": "A[3,2]",
        },
        "a33": {
          "help": "位置 [3,3] の要素",
          "label": "A[3,3]",
        },
        "b11": {
          "help": "第2行列要素 [1,1]",
          "label": "B[1,1]",
        },
        "b12": {
          "help": "第2行列要素 [1,2]",
          "label": "B[1,2]",
        },
        "b13": {
          "help": "第2行列要素 [1,3]",
          "label": "B[1,3]",
        },
        "b21": {
          "help": "第2行列要素 [2,1]",
          "label": "B[2,1]",
        },
        "b22": {
          "help": "第2行列要素 [2,2]",
          "label": "B[2,2]",
        },
        "b23": {
          "help": "第2行列要素 [2,3]",
          "label": "B[2,3]",
        },
        "b31": {
          "help": "第2行列要素 [3,1]",
          "label": "B[3,1]",
        },
        "b32": {
          "help": "第2行列要素 [3,2]",
          "label": "B[3,2]",
        },
        "b33": {
          "help": "第2行列要素 [3,3]",
          "label": "B[3,3]",
        },
        "matrixSize": {
          "help": "2×2 または 3×3",
          "label": "行列サイズ",
        },
        "operation": {
          "help": "行列演算を選択",
          "label": "操作",
        },
      },
      "keywords": [
        "行列計算機",
        "行列操作",
        "行列式",
        "行列乗法",
        "線形代数",
      ],
      "options": {
        "matrixSize": {
          "2x2": "2×2",
          "3x3": "3×3",
        },
        "operation": {
          "add": "加算",
          "determinant": "行列式",
          "multiply": "乗算",
          "subtract": "減算",
        },
      },
      "outputs": {
        "c11": {
          "label": "結果[1,1]",
        },
        "c12": {
          "label": "結果[1,2]",
        },
        "c13": {
          "label": "結果[1,3]",
        },
        "c21": {
          "label": "結果[2,1]",
        },
        "c22": {
          "label": "結果[2,2]",
        },
        "c23": {
          "label": "結果[2,3]",
        },
        "c31": {
          "label": "結果[3,1]",
        },
        "c32": {
          "label": "結果[3,2]",
        },
        "c33": {
          "label": "結果[3,3]",
        },
        "determinant": {
          "label": "行列式",
        },
        "result": {
          "label": "結果タイプ",
        },
      },
      "short": "2×2と3×3の行列を加算、減算、乗算し、行列式を計算します。",
      "title": "行列計算機",
    },
    "ko": {
      "description": "무료 행렬 계산기. 행렬의 덧셈, 뺄셈, 곱셈 및 행렬식 계산을 수행합니다.",
      "errors": {
        "invalidMatrix": "잘못된 행렬 차원 또는 값.",
      },
      "faq": [
        {
          "a": "행렬 곱셈은 첫 번째 행렬의 행을 두 번째 행렬의 열과 결합합니다. 요소(i,j) = 행 i와 열 j의 곱의 합.",
          "q": "행렬 곱셈이란 무엇입니까?",
        },
        {
          "a": "행렬식은 행렬 요소에서 계산된 스칼라 값입니다. 2×2의 경우: det(A) = ad-bc. 행렬의 가역성을 나타냅니다.",
          "q": "행렬식이란 무엇입니까?",
        },
        {
          "a": "요소별 곱셈은 해당 요소를 곱합니다. 행렬 곱셈은 점곱 규칙을 사용합니다.",
          "q": "요소별 곱셈과 행렬 곱셈의 차이점은 무엇입니까?",
        },
      ],
      "inputs": {
        "a11": {
          "help": "위치 [1,1]의 요소",
          "label": "A[1,1]",
        },
        "a12": {
          "help": "위치 [1,2]의 요소",
          "label": "A[1,2]",
        },
        "a13": {
          "help": "위치 [1,3]의 요소",
          "label": "A[1,3]",
        },
        "a21": {
          "help": "위치 [2,1]의 요소",
          "label": "A[2,1]",
        },
        "a22": {
          "help": "위치 [2,2]의 요소",
          "label": "A[2,2]",
        },
        "a23": {
          "help": "위치 [2,3]의 요소",
          "label": "A[2,3]",
        },
        "a31": {
          "help": "위치 [3,1]의 요소",
          "label": "A[3,1]",
        },
        "a32": {
          "help": "위치 [3,2]의 요소",
          "label": "A[3,2]",
        },
        "a33": {
          "help": "위치 [3,3]의 요소",
          "label": "A[3,3]",
        },
        "b11": {
          "help": "두 번째 행렬 요소 [1,1]",
          "label": "B[1,1]",
        },
        "b12": {
          "help": "두 번째 행렬 요소 [1,2]",
          "label": "B[1,2]",
        },
        "b13": {
          "help": "두 번째 행렬 요소 [1,3]",
          "label": "B[1,3]",
        },
        "b21": {
          "help": "두 번째 행렬 요소 [2,1]",
          "label": "B[2,1]",
        },
        "b22": {
          "help": "두 번째 행렬 요소 [2,2]",
          "label": "B[2,2]",
        },
        "b23": {
          "help": "두 번째 행렬 요소 [2,3]",
          "label": "B[2,3]",
        },
        "b31": {
          "help": "두 번째 행렬 요소 [3,1]",
          "label": "B[3,1]",
        },
        "b32": {
          "help": "두 번째 행렬 요소 [3,2]",
          "label": "B[3,2]",
        },
        "b33": {
          "help": "두 번째 행렬 요소 [3,3]",
          "label": "B[3,3]",
        },
        "matrixSize": {
          "help": "2×2 또는 3×3",
          "label": "행렬 크기",
        },
        "operation": {
          "help": "행렬 연산 선택",
          "label": "연산",
        },
      },
      "keywords": [
        "행렬 계산기",
        "행렬 연산",
        "행렬식",
        "행렬 곱셈",
        "선형대수",
      ],
      "options": {
        "matrixSize": {
          "2x2": "2×2",
          "3x3": "3×3",
        },
        "operation": {
          "add": "더하기",
          "determinant": "행렬식",
          "multiply": "곱하기",
          "subtract": "빼기",
        },
      },
      "outputs": {
        "c11": {
          "label": "결과[1,1]",
        },
        "c12": {
          "label": "결과[1,2]",
        },
        "c13": {
          "label": "결과[1,3]",
        },
        "c21": {
          "label": "결과[2,1]",
        },
        "c22": {
          "label": "결과[2,2]",
        },
        "c23": {
          "label": "결과[2,3]",
        },
        "c31": {
          "label": "결과[3,1]",
        },
        "c32": {
          "label": "결과[3,2]",
        },
        "c33": {
          "label": "결과[3,3]",
        },
        "determinant": {
          "label": "행렬식",
        },
        "result": {
          "label": "결과 유형",
        },
      },
      "short": "2×2 및 3×3 행렬을 더하고, 빼고, 곱하고, 행렬식을 계산합니다.",
      "title": "행렬 계산기",
    },
    "ru": {
      "description": "Бесплатный калькулятор матриц. Выполняйте сложение, вычитание, умножение и расчет определителей матриц.",
      "errors": {
        "invalidMatrix": "Недопустимые размеры или значения матрицы.",
      },
      "faq": [
        {
          "a": "Умножение матриц объединяет строки первой матрицы со столбцами второй. Элемент (i,j) = сумма произведений строки i и столбца j.",
          "q": "Что такое умножение матриц?",
        },
        {
          "a": "Определитель — это скалярное значение, вычисленное из элементов матрицы. Для 2×2: det(A) = ad-bc. Указывает на обратимость матрицы.",
          "q": "Что такое определитель?",
        },
        {
          "a": "Поэлементное умножение умножает соответствующие элементы. Матричное умножение использует правило скалярного произведения.",
          "q": "В чем разница между поэлементным и матричным умножением?",
        },
      ],
      "inputs": {
        "a11": {
          "help": "Элемент в позиции [1,1]",
          "label": "A[1,1]",
        },
        "a12": {
          "help": "Элемент в позиции [1,2]",
          "label": "A[1,2]",
        },
        "a13": {
          "help": "Элемент в позиции [1,3]",
          "label": "A[1,3]",
        },
        "a21": {
          "help": "Элемент в позиции [2,1]",
          "label": "A[2,1]",
        },
        "a22": {
          "help": "Элемент в позиции [2,2]",
          "label": "A[2,2]",
        },
        "a23": {
          "help": "Элемент в позиции [2,3]",
          "label": "A[2,3]",
        },
        "a31": {
          "help": "Элемент в позиции [3,1]",
          "label": "A[3,1]",
        },
        "a32": {
          "help": "Элемент в позиции [3,2]",
          "label": "A[3,2]",
        },
        "a33": {
          "help": "Элемент в позиции [3,3]",
          "label": "A[3,3]",
        },
        "b11": {
          "help": "Элемент второй матрицы [1,1]",
          "label": "B[1,1]",
        },
        "b12": {
          "help": "Элемент второй матрицы [1,2]",
          "label": "B[1,2]",
        },
        "b13": {
          "help": "Элемент второй матрицы [1,3]",
          "label": "B[1,3]",
        },
        "b21": {
          "help": "Элемент второй матрицы [2,1]",
          "label": "B[2,1]",
        },
        "b22": {
          "help": "Элемент второй матрицы [2,2]",
          "label": "B[2,2]",
        },
        "b23": {
          "help": "Элемент второй матрицы [2,3]",
          "label": "B[2,3]",
        },
        "b31": {
          "help": "Элемент второй матрицы [3,1]",
          "label": "B[3,1]",
        },
        "b32": {
          "help": "Элемент второй матрицы [3,2]",
          "label": "B[3,2]",
        },
        "b33": {
          "help": "Элемент второй матрицы [3,3]",
          "label": "B[3,3]",
        },
        "matrixSize": {
          "help": "2×2 или 3×3",
          "label": "Размер матрицы",
        },
        "operation": {
          "help": "Выберите матричную операцию",
          "label": "Операция",
        },
      },
      "keywords": [
        "калькулятор матриц",
        "операции над матрицами",
        "определитель",
        "умножение матриц",
        "линейная алгебра",
      ],
      "options": {
        "matrixSize": {
          "2x2": "2×2",
          "3x3": "3×3",
        },
        "operation": {
          "add": "Сложение",
          "determinant": "Определитель",
          "multiply": "Умножение",
          "subtract": "Вычитание",
        },
      },
      "outputs": {
        "c11": {
          "label": "Результат[1,1]",
        },
        "c12": {
          "label": "Результат[1,2]",
        },
        "c13": {
          "label": "Результат[1,3]",
        },
        "c21": {
          "label": "Результат[2,1]",
        },
        "c22": {
          "label": "Результат[2,2]",
        },
        "c23": {
          "label": "Результат[2,3]",
        },
        "c31": {
          "label": "Результат[3,1]",
        },
        "c32": {
          "label": "Результат[3,2]",
        },
        "c33": {
          "label": "Результат[3,3]",
        },
        "determinant": {
          "label": "Определитель",
        },
        "result": {
          "label": "Тип результата",
        },
      },
      "short": "Складывайте, вычитайте и умножайте матрицы 2×2 и 3×3, вычисляйте определители.",
      "title": "Калькулятор Матриц",
    },
    "tr": {
      "description": "Ücretsiz matris hesaplayıcı. Matris toplama, çıkarma, çarpma ve determinant hesaplamaları yapın.",
      "errors": {
        "invalidMatrix": "Geçersiz matris boyutları veya değerleri.",
      },
      "faq": [
        {
          "a": "Matris çarpımı, birinci matrisin satırlarını ikincisinin sütunlarıyla birleştirir. Eleman (i,j) = satır i ve sütun j çarpımlarının toplamı.",
          "q": "Matris çarpımı nedir?",
        },
        {
          "a": "Determinant, matris elemanlarından hesaplanan skaler bir değerdir. 2×2 için: det(A) = ad-bc. Matrisin terslenebilirliğini gösterir.",
          "q": "Determinant nedir?",
        },
        {
          "a": "Eleman-bazında karşılık gelen elemanları çarpar. Matris çarpması nokta çarpım kuralını kullanır.",
          "q": "Eleman-bazında çarpma ve matris çarpması arasındaki fark nedir?",
        },
      ],
      "inputs": {
        "a11": {
          "help": "Satır 1, sütun 1 elemanı",
          "label": "A[1,1]",
        },
        "a12": {
          "help": "Satır 1, sütun 2 elemanı",
          "label": "A[1,2]",
        },
        "a13": {
          "help": "Satır 1, sütun 3 elemanı",
          "label": "A[1,3]",
        },
        "a21": {
          "help": "Satır 2, sütun 1 elemanı",
          "label": "A[2,1]",
        },
        "a22": {
          "help": "Satır 2, sütun 2 elemanı",
          "label": "A[2,2]",
        },
        "a23": {
          "help": "Satır 2, sütun 3 elemanı",
          "label": "A[2,3]",
        },
        "a31": {
          "help": "Satır 3, sütun 1 elemanı",
          "label": "A[3,1]",
        },
        "a32": {
          "help": "Satır 3, sütun 2 elemanı",
          "label": "A[3,2]",
        },
        "a33": {
          "help": "Satır 3, sütun 3 elemanı",
          "label": "A[3,3]",
        },
        "b11": {
          "help": "İkinci matris elemanı [1,1]",
          "label": "B[1,1]",
        },
        "b12": {
          "help": "İkinci matris elemanı [1,2]",
          "label": "B[1,2]",
        },
        "b13": {
          "help": "İkinci matris elemanı [1,3]",
          "label": "B[1,3]",
        },
        "b21": {
          "help": "İkinci matris elemanı [2,1]",
          "label": "B[2,1]",
        },
        "b22": {
          "help": "İkinci matris elemanı [2,2]",
          "label": "B[2,2]",
        },
        "b23": {
          "help": "İkinci matris elemanı [2,3]",
          "label": "B[2,3]",
        },
        "b31": {
          "help": "İkinci matris elemanı [3,1]",
          "label": "B[3,1]",
        },
        "b32": {
          "help": "İkinci matris elemanı [3,2]",
          "label": "B[3,2]",
        },
        "b33": {
          "help": "İkinci matris elemanı [3,3]",
          "label": "B[3,3]",
        },
        "matrixSize": {
          "help": "2×2 veya 3×3",
          "label": "Matris boyutu",
        },
        "operation": {
          "help": "Matris işlemini seçin",
          "label": "İşlem",
        },
      },
      "keywords": [
        "matris hesaplayıcı",
        "matris işlemleri",
        "determinant",
        "matris çarpımı",
        "doğrusal cebir",
      ],
      "options": {
        "matrixSize": {
          "2x2": "2×2",
          "3x3": "3×3",
        },
        "operation": {
          "add": "Topla",
          "determinant": "Determinant",
          "multiply": "Çarp",
          "subtract": "Çıkar",
        },
      },
      "outputs": {
        "c11": {
          "label": "Sonuç[1,1]",
        },
        "c12": {
          "label": "Sonuç[1,2]",
        },
        "c13": {
          "label": "Sonuç[1,3]",
        },
        "c21": {
          "label": "Sonuç[2,1]",
        },
        "c22": {
          "label": "Sonuç[2,2]",
        },
        "c23": {
          "label": "Sonuç[2,3]",
        },
        "c31": {
          "label": "Sonuç[3,1]",
        },
        "c32": {
          "label": "Sonuç[3,2]",
        },
        "c33": {
          "label": "Sonuç[3,3]",
        },
        "determinant": {
          "label": "Determinant",
        },
        "result": {
          "label": "Sonuç türü",
        },
      },
      "short": "2×2 ve 3×3 matrisleri toplayın, çıkarın, çarpın ve determinant hesaplayın.",
      "title": "Matris Hesaplayıcı",
    },
    "zh": {
      "description": "免费矩阵计算器。执行矩阵的加法、减法、乘法和行列式计算。",
      "errors": {
        "invalidMatrix": "无效的矩阵尺寸或值。",
      },
      "faq": [
        {
          "a": "矩阵乘法将第一个矩阵的行与第二个矩阵的列相结合。元素(i,j) = 第i行和第j列乘积的总和。",
          "q": "什么是矩阵乘法?",
        },
        {
          "a": "行列式是从矩阵元素计算出的标量值。对于2×2: det(A) = ad-bc。它表示矩阵的可逆性。",
          "q": "什么是行列式?",
        },
        {
          "a": "逐元素乘法将对应元素相乘。矩阵乘法使用点积规则。",
          "q": "逐元素乘法和矩阵乘法有什么区别?",
        },
      ],
      "inputs": {
        "a11": {
          "help": "位置 [1,1] 处的元素",
          "label": "A[1,1]",
        },
        "a12": {
          "help": "位置 [1,2] 处的元素",
          "label": "A[1,2]",
        },
        "a13": {
          "help": "位置 [1,3] 处的元素",
          "label": "A[1,3]",
        },
        "a21": {
          "help": "位置 [2,1] 处的元素",
          "label": "A[2,1]",
        },
        "a22": {
          "help": "位置 [2,2] 处的元素",
          "label": "A[2,2]",
        },
        "a23": {
          "help": "位置 [2,3] 处的元素",
          "label": "A[2,3]",
        },
        "a31": {
          "help": "位置 [3,1] 处的元素",
          "label": "A[3,1]",
        },
        "a32": {
          "help": "位置 [3,2] 处的元素",
          "label": "A[3,2]",
        },
        "a33": {
          "help": "位置 [3,3] 处的元素",
          "label": "A[3,3]",
        },
        "b11": {
          "help": "第二个矩阵元素 [1,1]",
          "label": "B[1,1]",
        },
        "b12": {
          "help": "第二个矩阵元素 [1,2]",
          "label": "B[1,2]",
        },
        "b13": {
          "help": "第二个矩阵元素 [1,3]",
          "label": "B[1,3]",
        },
        "b21": {
          "help": "第二个矩阵元素 [2,1]",
          "label": "B[2,1]",
        },
        "b22": {
          "help": "第二个矩阵元素 [2,2]",
          "label": "B[2,2]",
        },
        "b23": {
          "help": "第二个矩阵元素 [2,3]",
          "label": "B[2,3]",
        },
        "b31": {
          "help": "第二个矩阵元素 [3,1]",
          "label": "B[3,1]",
        },
        "b32": {
          "help": "第二个矩阵元素 [3,2]",
          "label": "B[3,2]",
        },
        "b33": {
          "help": "第二个矩阵元素 [3,3]",
          "label": "B[3,3]",
        },
        "matrixSize": {
          "help": "2×2 或 3×3",
          "label": "矩阵大小",
        },
        "operation": {
          "help": "选择矩阵操作",
          "label": "操作",
        },
      },
      "keywords": [
        "矩阵计算器",
        "矩阵操作",
        "行列式",
        "矩阵乘法",
        "线性代数",
      ],
      "options": {
        "matrixSize": {
          "2x2": "2×2",
          "3x3": "3×3",
        },
        "operation": {
          "add": "加法",
          "determinant": "行列式",
          "multiply": "乘法",
          "subtract": "减法",
        },
      },
      "outputs": {
        "c11": {
          "label": "结果[1,1]",
        },
        "c12": {
          "label": "结果[1,2]",
        },
        "c13": {
          "label": "结果[1,3]",
        },
        "c21": {
          "label": "结果[2,1]",
        },
        "c22": {
          "label": "结果[2,2]",
        },
        "c23": {
          "label": "结果[2,3]",
        },
        "c31": {
          "label": "结果[3,1]",
        },
        "c32": {
          "label": "结果[3,2]",
        },
        "c33": {
          "label": "结果[3,3]",
        },
        "determinant": {
          "label": "行列式",
        },
        "result": {
          "label": "结果类型",
        },
      },
      "short": "对2×2和3×3矩阵进行加、减、乘和计算行列式。",
      "title": "矩阵计算器",
    },
  },
  "icon": "grid",
  "inputSchema": ZodObject {
    "decode": [Function],
    "decodeAsync": [Function],
    "def": {
      "shape": {
        "a11": ZodNumber {
          "decode": [Function],
          "decodeAsync": [Function],
          "def": {
            "checks": [],
            "type": "number",
          },
          "encode": [Function],
          "encodeAsync": [Function],
          "format": null,
          "isFinite": true,
          "isInt": false,
          "maxValue": Infinity,
          "minValue": -Infinity,
          "parse": [Function],
          "parseAsync": [Function],
          "safeDecode": [Function],
          "safeDecodeAsync": [Function],
          "safeEncode": [Function],
          "safeEncodeAsync": [Function],
          "safeParse": [Function],
          "safeParseAsync": [Function],
          "spa": [Function],
          "toJSONSchema": [Function],
          "type": "number",
        },
        "a12": ZodOptional {
          "decode": [Function],
          "decodeAsync": [Function],
          "def": {
            "innerType": ZodNumber {
              "decode": [Function],
              "decodeAsync": [Function],
              "def": {
                "checks": [],
                "type": "number",
              },
              "encode": [Function],
              "encodeAsync": [Function],
              "format": null,
              "isFinite": true,
              "isInt": false,
              "maxValue": Infinity,
              "minValue": -Infinity,
              "optional": [Function],
              "parse": [Function],
              "parseAsync": [Function],
              "safeDecode": [Function],
              "safeDecodeAsync": [Function],
              "safeEncode": [Function],
              "safeEncodeAsync": [Function],
              "safeParse": [Function],
              "safeParseAsync": [Function],
              "spa": [Function],
              "toJSONSchema": [Function],
              "type": "number",
            },
            "type": "optional",
          },
          "encode": [Function],
          "encodeAsync": [Function],
          "parse": [Function],
          "parseAsync": [Function],
          "safeDecode": [Function],
          "safeDecodeAsync": [Function],
          "safeEncode": [Function],
          "safeEncodeAsync": [Function],
          "safeParse": [Function],
          "safeParseAsync": [Function],
          "spa": [Function],
          "toJSONSchema": [Function],
          "type": "optional",
          "unwrap": [Function],
        },
        "a13": ZodOptional {
          "decode": [Function],
          "decodeAsync": [Function],
          "def": {
            "innerType": ZodNumber {
              "decode": [Function],
              "decodeAsync": [Function],
              "def": {
                "checks": [],
                "type": "number",
              },
              "encode": [Function],
              "encodeAsync": [Function],
              "format": null,
              "isFinite": true,
              "isInt": false,
              "maxValue": Infinity,
              "minValue": -Infinity,
              "optional": [Function],
              "parse": [Function],
              "parseAsync": [Function],
              "safeDecode": [Function],
              "safeDecodeAsync": [Function],
              "safeEncode": [Function],
              "safeEncodeAsync": [Function],
              "safeParse": [Function],
              "safeParseAsync": [Function],
              "spa": [Function],
              "toJSONSchema": [Function],
              "type": "number",
            },
            "type": "optional",
          },
          "encode": [Function],
          "encodeAsync": [Function],
          "parse": [Function],
          "parseAsync": [Function],
          "safeDecode": [Function],
          "safeDecodeAsync": [Function],
          "safeEncode": [Function],
          "safeEncodeAsync": [Function],
          "safeParse": [Function],
          "safeParseAsync": [Function],
          "spa": [Function],
          "toJSONSchema": [Function],
          "type": "optional",
          "unwrap": [Function],
        },
        "a21": ZodNumber {
          "decode": [Function],
          "decodeAsync": [Function],
          "def": {
            "checks": [],
            "type": "number",
          },
          "encode": [Function],
          "encodeAsync": [Function],
          "format": null,
          "isFinite": true,
          "isInt": false,
          "maxValue": Infinity,
          "minValue": -Infinity,
          "parse": [Function],
          "parseAsync": [Function],
          "safeDecode": [Function],
          "safeDecodeAsync": [Function],
          "safeEncode": [Function],
          "safeEncodeAsync": [Function],
          "safeParse": [Function],
          "safeParseAsync": [Function],
          "spa": [Function],
          "toJSONSchema": [Function],
          "type": "number",
        },
        "a22": ZodOptional {
          "decode": [Function],
          "decodeAsync": [Function],
          "def": {
            "innerType": ZodNumber {
              "decode": [Function],
              "decodeAsync": [Function],
              "def": {
                "checks": [],
                "type": "number",
              },
              "encode": [Function],
              "encodeAsync": [Function],
              "format": null,
              "isFinite": true,
              "isInt": false,
              "maxValue": Infinity,
              "minValue": -Infinity,
              "optional": [Function],
              "parse": [Function],
              "parseAsync": [Function],
              "safeDecode": [Function],
              "safeDecodeAsync": [Function],
              "safeEncode": [Function],
              "safeEncodeAsync": [Function],
              "safeParse": [Function],
              "safeParseAsync": [Function],
              "spa": [Function],
              "toJSONSchema": [Function],
              "type": "number",
            },
            "type": "optional",
          },
          "encode": [Function],
          "encodeAsync": [Function],
          "parse": [Function],
          "parseAsync": [Function],
          "safeDecode": [Function],
          "safeDecodeAsync": [Function],
          "safeEncode": [Function],
          "safeEncodeAsync": [Function],
          "safeParse": [Function],
          "safeParseAsync": [Function],
          "spa": [Function],
          "toJSONSchema": [Function],
          "type": "optional",
          "unwrap": [Function],
        },
        "a23": ZodOptional {
          "decode": [Function],
          "decodeAsync": [Function],
          "def": {
            "innerType": ZodNumber {
              "decode": [Function],
              "decodeAsync": [Function],
              "def": {
                "checks": [],
                "type": "number",
              },
              "encode": [Function],
              "encodeAsync": [Function],
              "format": null,
              "isFinite": true,
              "isInt": false,
              "maxValue": Infinity,
              "minValue": -Infinity,
              "optional": [Function],
              "parse": [Function],
              "parseAsync": [Function],
              "safeDecode": [Function],
              "safeDecodeAsync": [Function],
              "safeEncode": [Function],
              "safeEncodeAsync": [Function],
              "safeParse": [Function],
              "safeParseAsync": [Function],
              "spa": [Function],
              "toJSONSchema": [Function],
              "type": "number",
            },
            "type": "optional",
          },
          "encode": [Function],
          "encodeAsync": [Function],
          "parse": [Function],
          "parseAsync": [Function],
          "safeDecode": [Function],
          "safeDecodeAsync": [Function],
          "safeEncode": [Function],
          "safeEncodeAsync": [Function],
          "safeParse": [Function],
          "safeParseAsync": [Function],
          "spa": [Function],
          "toJSONSchema": [Function],
          "type": "optional",
          "unwrap": [Function],
        },
        "a31": ZodOptional {
          "decode": [Function],
          "decodeAsync": [Function],
          "def": {
            "innerType": ZodNumber {
              "decode": [Function],
              "decodeAsync": [Function],
              "def": {
                "checks": [],
                "type": "number",
              },
              "encode": [Function],
              "encodeAsync": [Function],
              "format": null,
              "isFinite": true,
              "isInt": false,
              "maxValue": Infinity,
              "minValue": -Infinity,
              "optional": [Function],
              "parse": [Function],
              "parseAsync": [Function],
              "safeDecode": [Function],
              "safeDecodeAsync": [Function],
              "safeEncode": [Function],
              "safeEncodeAsync": [Function],
              "safeParse": [Function],
              "safeParseAsync": [Function],
              "spa": [Function],
              "toJSONSchema": [Function],
              "type": "number",
            },
            "type": "optional",
          },
          "encode": [Function],
          "encodeAsync": [Function],
          "parse": [Function],
          "parseAsync": [Function],
          "safeDecode": [Function],
          "safeDecodeAsync": [Function],
          "safeEncode": [Function],
          "safeEncodeAsync": [Function],
          "safeParse": [Function],
          "safeParseAsync": [Function],
          "spa": [Function],
          "toJSONSchema": [Function],
          "type": "optional",
          "unwrap": [Function],
        },
        "a32": ZodOptional {
          "decode": [Function],
          "decodeAsync": [Function],
          "def": {
            "innerType": ZodNumber {
              "decode": [Function],
              "decodeAsync": [Function],
              "def": {
                "checks": [],
                "type": "number",
              },
              "encode": [Function],
              "encodeAsync": [Function],
              "format": null,
              "isFinite": true,
              "isInt": false,
              "maxValue": Infinity,
              "minValue": -Infinity,
              "optional": [Function],
              "parse": [Function],
              "parseAsync": [Function],
              "safeDecode": [Function],
              "safeDecodeAsync": [Function],
              "safeEncode": [Function],
              "safeEncodeAsync": [Function],
              "safeParse": [Function],
              "safeParseAsync": [Function],
              "spa": [Function],
              "toJSONSchema": [Function],
              "type": "number",
            },
            "type": "optional",
          },
          "encode": [Function],
          "encodeAsync": [Function],
          "parse": [Function],
          "parseAsync": [Function],
          "safeDecode": [Function],
          "safeDecodeAsync": [Function],
          "safeEncode": [Function],
          "safeEncodeAsync": [Function],
          "safeParse": [Function],
          "safeParseAsync": [Function],
          "spa": [Function],
          "toJSONSchema": [Function],
          "type": "optional",
          "unwrap": [Function],
        },
        "a33": ZodOptional {
          "decode": [Function],
          "decodeAsync": [Function],
          "def": {
            "innerType": ZodNumber {
              "decode": [Function],
              "decodeAsync": [Function],
              "def": {
                "checks": [],
                "type": "number",
              },
              "encode": [Function],
              "encodeAsync": [Function],
              "format": null,
              "isFinite": true,
              "isInt": false,
              "maxValue": Infinity,
              "minValue": -Infinity,
              "optional": [Function],
              "parse": [Function],
              "parseAsync": [Function],
              "safeDecode": [Function],
              "safeDecodeAsync": [Function],
              "safeEncode": [Function],
              "safeEncodeAsync": [Function],
              "safeParse": [Function],
              "safeParseAsync": [Function],
              "spa": [Function],
              "toJSONSchema": [Function],
              "type": "number",
            },
            "type": "optional",
          },
          "encode": [Function],
          "encodeAsync": [Function],
          "parse": [Function],
          "parseAsync": [Function],
          "safeDecode": [Function],
          "safeDecodeAsync": [Function],
          "safeEncode": [Function],
          "safeEncodeAsync": [Function],
          "safeParse": [Function],
          "safeParseAsync": [Function],
          "spa": [Function],
          "toJSONSchema": [Function],
          "type": "optional",
          "unwrap": [Function],
        },
        "b11": ZodOptional {
          "decode": [Function],
          "decodeAsync": [Function],
          "def": {
            "innerType": ZodNumber {
              "decode": [Function],
              "decodeAsync": [Function],
              "def": {
                "checks": [],
                "type": "number",
              },
              "encode": [Function],
              "encodeAsync": [Function],
              "format": null,
              "isFinite": true,
              "isInt": false,
              "maxValue": Infinity,
              "minValue": -Infinity,
              "optional": [Function],
              "parse": [Function],
              "parseAsync": [Function],
              "safeDecode": [Function],
              "safeDecodeAsync": [Function],
              "safeEncode": [Function],
              "safeEncodeAsync": [Function],
              "safeParse": [Function],
              "safeParseAsync": [Function],
              "spa": [Function],
              "toJSONSchema": [Function],
              "type": "number",
            },
            "type": "optional",
          },
          "encode": [Function],
          "encodeAsync": [Function],
          "parse": [Function],
          "parseAsync": [Function],
          "safeDecode": [Function],
          "safeDecodeAsync": [Function],
          "safeEncode": [Function],
          "safeEncodeAsync": [Function],
          "safeParse": [Function],
          "safeParseAsync": [Function],
          "spa": [Function],
          "toJSONSchema": [Function],
          "type": "optional",
          "unwrap": [Function],
        },
        "b12": ZodOptional {
          "decode": [Function],
          "decodeAsync": [Function],
          "def": {
            "innerType": ZodNumber {
              "decode": [Function],
              "decodeAsync": [Function],
              "def": {
                "checks": [],
                "type": "number",
              },
              "encode": [Function],
              "encodeAsync": [Function],
              "format": null,
              "isFinite": true,
              "isInt": false,
              "maxValue": Infinity,
              "minValue": -Infinity,
              "optional": [Function],
              "parse": [Function],
              "parseAsync": [Function],
              "safeDecode": [Function],
              "safeDecodeAsync": [Function],
              "safeEncode": [Function],
              "safeEncodeAsync": [Function],
              "safeParse": [Function],
              "safeParseAsync": [Function],
              "spa": [Function],
              "toJSONSchema": [Function],
              "type": "number",
            },
            "type": "optional",
          },
          "encode": [Function],
          "encodeAsync": [Function],
          "parse": [Function],
          "parseAsync": [Function],
          "safeDecode": [Function],
          "safeDecodeAsync": [Function],
          "safeEncode": [Function],
          "safeEncodeAsync": [Function],
          "safeParse": [Function],
          "safeParseAsync": [Function],
          "spa": [Function],
          "toJSONSchema": [Function],
          "type": "optional",
          "unwrap": [Function],
        },
        "b13": ZodOptional {
          "decode": [Function],
          "decodeAsync": [Function],
          "def": {
            "innerType": ZodNumber {
              "decode": [Function],
              "decodeAsync": [Function],
              "def": {
                "checks": [],
                "type": "number",
              },
              "encode": [Function],
              "encodeAsync": [Function],
              "format": null,
              "isFinite": true,
              "isInt": false,
              "maxValue": Infinity,
              "minValue": -Infinity,
              "optional": [Function],
              "parse": [Function],
              "parseAsync": [Function],
              "safeDecode": [Function],
              "safeDecodeAsync": [Function],
              "safeEncode": [Function],
              "safeEncodeAsync": [Function],
              "safeParse": [Function],
              "safeParseAsync": [Function],
              "spa": [Function],
              "toJSONSchema": [Function],
              "type": "number",
            },
            "type": "optional",
          },
          "encode": [Function],
          "encodeAsync": [Function],
          "parse": [Function],
          "parseAsync": [Function],
          "safeDecode": [Function],
          "safeDecodeAsync": [Function],
          "safeEncode": [Function],
          "safeEncodeAsync": [Function],
          "safeParse": [Function],
          "safeParseAsync": [Function],
          "spa": [Function],
          "toJSONSchema": [Function],
          "type": "optional",
          "unwrap": [Function],
        },
        "b21": ZodOptional {
          "decode": [Function],
          "decodeAsync": [Function],
          "def": {
            "innerType": ZodNumber {
              "decode": [Function],
              "decodeAsync": [Function],
              "def": {
                "checks": [],
                "type": "number",
              },
              "encode": [Function],
              "encodeAsync": [Function],
              "format": null,
              "isFinite": true,
              "isInt": false,
              "maxValue": Infinity,
              "minValue": -Infinity,
              "optional": [Function],
              "parse": [Function],
              "parseAsync": [Function],
              "safeDecode": [Function],
              "safeDecodeAsync": [Function],
              "safeEncode": [Function],
              "safeEncodeAsync": [Function],
              "safeParse": [Function],
              "safeParseAsync": [Function],
              "spa": [Function],
              "toJSONSchema": [Function],
              "type": "number",
            },
            "type": "optional",
          },
          "encode": [Function],
          "encodeAsync": [Function],
          "parse": [Function],
          "parseAsync": [Function],
          "safeDecode": [Function],
          "safeDecodeAsync": [Function],
          "safeEncode": [Function],
          "safeEncodeAsync": [Function],
          "safeParse": [Function],
          "safeParseAsync": [Function],
          "spa": [Function],
          "toJSONSchema": [Function],
          "type": "optional",
          "unwrap": [Function],
        },
        "b22": ZodOptional {
          "decode": [Function],
          "decodeAsync": [Function],
          "def": {
            "innerType": ZodNumber {
              "decode": [Function],
              "decodeAsync": [Function],
              "def": {
                "checks": [],
                "type": "number",
              },
              "encode": [Function],
              "encodeAsync": [Function],
              "format": null,
              "isFinite": true,
              "isInt": false,
              "maxValue": Infinity,
              "minValue": -Infinity,
              "optional": [Function],
              "parse": [Function],
              "parseAsync": [Function],
              "safeDecode": [Function],
              "safeDecodeAsync": [Function],
              "safeEncode": [Function],
              "safeEncodeAsync": [Function],
              "safeParse": [Function],
              "safeParseAsync": [Function],
              "spa": [Function],
              "toJSONSchema": [Function],
              "type": "number",
            },
            "type": "optional",
          },
          "encode": [Function],
          "encodeAsync": [Function],
          "parse": [Function],
          "parseAsync": [Function],
          "safeDecode": [Function],
          "safeDecodeAsync": [Function],
          "safeEncode": [Function],
          "safeEncodeAsync": [Function],
          "safeParse": [Function],
          "safeParseAsync": [Function],
          "spa": [Function],
          "toJSONSchema": [Function],
          "type": "optional",
          "unwrap": [Function],
        },
        "b23": ZodOptional {
          "decode": [Function],
          "decodeAsync": [Function],
          "def": {
            "innerType": ZodNumber {
              "decode": [Function],
              "decodeAsync": [Function],
              "def": {
                "checks": [],
                "type": "number",
              },
              "encode": [Function],
              "encodeAsync": [Function],
              "format": null,
              "isFinite": true,
              "isInt": false,
              "maxValue": Infinity,
              "minValue": -Infinity,
              "optional": [Function],
              "parse": [Function],
              "parseAsync": [Function],
              "safeDecode": [Function],
              "safeDecodeAsync": [Function],
              "safeEncode": [Function],
              "safeEncodeAsync": [Function],
              "safeParse": [Function],
              "safeParseAsync": [Function],
              "spa": [Function],
              "toJSONSchema": [Function],
              "type": "number",
            },
            "type": "optional",
          },
          "encode": [Function],
          "encodeAsync": [Function],
          "parse": [Function],
          "parseAsync": [Function],
          "safeDecode": [Function],
          "safeDecodeAsync": [Function],
          "safeEncode": [Function],
          "safeEncodeAsync": [Function],
          "safeParse": [Function],
          "safeParseAsync": [Function],
          "spa": [Function],
          "toJSONSchema": [Function],
          "type": "optional",
          "unwrap": [Function],
        },
        "b31": ZodOptional {
          "decode": [Function],
          "decodeAsync": [Function],
          "def": {
            "innerType": ZodNumber {
              "decode": [Function],
              "decodeAsync": [Function],
              "def": {
                "checks": [],
                "type": "number",
              },
              "encode": [Function],
              "encodeAsync": [Function],
              "format": null,
              "isFinite": true,
              "isInt": false,
              "maxValue": Infinity,
              "minValue": -Infinity,
              "optional": [Function],
              "parse": [Function],
              "parseAsync": [Function],
              "safeDecode": [Function],
              "safeDecodeAsync": [Function],
              "safeEncode": [Function],
              "safeEncodeAsync": [Function],
              "safeParse": [Function],
              "safeParseAsync": [Function],
              "spa": [Function],
              "toJSONSchema": [Function],
              "type": "number",
            },
            "type": "optional",
          },
          "encode": [Function],
          "encodeAsync": [Function],
          "parse": [Function],
          "parseAsync": [Function],
          "safeDecode": [Function],
          "safeDecodeAsync": [Function],
          "safeEncode": [Function],
          "safeEncodeAsync": [Function],
          "safeParse": [Function],
          "safeParseAsync": [Function],
          "spa": [Function],
          "toJSONSchema": [Function],
          "type": "optional",
          "unwrap": [Function],
        },
        "b32": ZodOptional {
          "decode": [Function],
          "decodeAsync": [Function],
          "def": {
            "innerType": ZodNumber {
              "decode": [Function],
              "decodeAsync": [Function],
              "def": {
                "checks": [],
                "type": "number",
              },
              "encode": [Function],
              "encodeAsync": [Function],
              "format": null,
              "isFinite": true,
              "isInt": false,
              "maxValue": Infinity,
              "minValue": -Infinity,
              "optional": [Function],
              "parse": [Function],
              "parseAsync": [Function],
              "safeDecode": [Function],
              "safeDecodeAsync": [Function],
              "safeEncode": [Function],
              "safeEncodeAsync": [Function],
              "safeParse": [Function],
              "safeParseAsync": [Function],
              "spa": [Function],
              "toJSONSchema": [Function],
              "type": "number",
            },
            "type": "optional",
          },
          "encode": [Function],
          "encodeAsync": [Function],
          "parse": [Function],
          "parseAsync": [Function],
          "safeDecode": [Function],
          "safeDecodeAsync": [Function],
          "safeEncode": [Function],
          "safeEncodeAsync": [Function],
          "safeParse": [Function],
          "safeParseAsync": [Function],
          "spa": [Function],
          "toJSONSchema": [Function],
          "type": "optional",
          "unwrap": [Function],
        },
        "b33": ZodOptional {
          "decode": [Function],
          "decodeAsync": [Function],
          "def": {
            "innerType": ZodNumber {
              "decode": [Function],
              "decodeAsync": [Function],
              "def": {
                "checks": [],
                "type": "number",
              },
              "encode": [Function],
              "encodeAsync": [Function],
              "format": null,
              "isFinite": true,
              "isInt": false,
              "maxValue": Infinity,
              "minValue": -Infinity,
              "optional": [Function],
              "parse": [Function],
              "parseAsync": [Function],
              "safeDecode": [Function],
              "safeDecodeAsync": [Function],
              "safeEncode": [Function],
              "safeEncodeAsync": [Function],
              "safeParse": [Function],
              "safeParseAsync": [Function],
              "spa": [Function],
              "toJSONSchema": [Function],
              "type": "number",
            },
            "type": "optional",
          },
          "encode": [Function],
          "encodeAsync": [Function],
          "parse": [Function],
          "parseAsync": [Function],
          "safeDecode": [Function],
          "safeDecodeAsync": [Function],
          "safeEncode": [Function],
          "safeEncodeAsync": [Function],
          "safeParse": [Function],
          "safeParseAsync": [Function],
          "spa": [Function],
          "toJSONSchema": [Function],
          "type": "optional",
          "unwrap": [Function],
        },
        "matrixSize": ZodEnum {
          "decode": [Function],
          "decodeAsync": [Function],
          "def": {
            "entries": {
              "2x2": "2x2",
              "3x3": "3x3",
            },
            "type": "enum",
          },
          "encode": [Function],
          "encodeAsync": [Function],
          "enum": {
            "2x2": "2x2",
            "3x3": "3x3",
          },
          "exclude": [Function],
          "extract": [Function],
          "options": [
            "2x2",
            "3x3",
          ],
          "parse": [Function],
          "parseAsync": [Function],
          "safeDecode": [Function],
          "safeDecodeAsync": [Function],
          "safeEncode": [Function],
          "safeEncodeAsync": [Function],
          "safeParse": [Function],
          "safeParseAsync": [Function],
          "spa": [Function],
          "toJSONSchema": [Function],
          "type": "enum",
        },
        "operation": ZodEnum {
          "decode": [Function],
          "decodeAsync": [Function],
          "def": {
            "entries": {
              "add": "add",
              "determinant": "determinant",
              "multiply": "multiply",
              "subtract": "subtract",
            },
            "type": "enum",
          },
          "encode": [Function],
          "encodeAsync": [Function],
          "enum": {
            "add": "add",
            "determinant": "determinant",
            "multiply": "multiply",
            "subtract": "subtract",
          },
          "exclude": [Function],
          "extract": [Function],
          "options": [
            "add",
            "subtract",
            "multiply",
            "determinant",
          ],
          "parse": [Function],
          "parseAsync": [Function],
          "safeDecode": [Function],
          "safeDecodeAsync": [Function],
          "safeEncode": [Function],
          "safeEncodeAsync": [Function],
          "safeParse": [Function],
          "safeParseAsync": [Function],
          "spa": [Function],
          "toJSONSchema": [Function],
          "type": "enum",
        },
      },
      "type": "object",
    },
    "encode": [Function],
    "encodeAsync": [Function],
    "parse": [Function],
    "parseAsync": [Function],
    "safeDecode": [Function],
    "safeDecodeAsync": [Function],
    "safeEncode": [Function],
    "safeEncodeAsync": [Function],
    "safeParse": [Function],
    "safeParseAsync": [Function],
    "spa": [Function],
    "toJSONSchema": [Function],
    "type": "object",
  },
  "inputs": [
    {
      "defaultValue": "add",
      "id": "operation",
      "required": true,
      "type": {
        "kind": "select",
        "options": [
          {
            "i18nKey": "add",
            "value": "add",
          },
          {
            "i18nKey": "subtract",
            "value": "subtract",
          },
          {
            "i18nKey": "multiply",
            "value": "multiply",
          },
          {
            "i18nKey": "determinant",
            "value": "determinant",
          },
        ],
      },
    },
    {
      "defaultValue": "2x2",
      "id": "matrixSize",
      "required": true,
      "type": {
        "kind": "select",
        "options": [
          {
            "i18nKey": "2x2",
            "value": "2x2",
          },
          {
            "i18nKey": "3x3",
            "value": "3x3",
          },
        ],
      },
    },
    {
      "defaultValue": 1,
      "id": "a11",
      "required": true,
      "type": {
        "kind": "number",
        "step": 0.1,
      },
    },
    {
      "defaultValue": 2,
      "id": "a12",
      "required": false,
      "type": {
        "kind": "number",
        "step": 0.1,
      },
    },
    {
      "defaultValue": 0,
      "id": "a13",
      "required": false,
      "type": {
        "kind": "number",
        "step": 0.1,
      },
    },
    {
      "defaultValue": 3,
      "id": "a21",
      "required": true,
      "type": {
        "kind": "number",
        "step": 0.1,
      },
    },
    {
      "defaultValue": 4,
      "id": "a22",
      "required": false,
      "type": {
        "kind": "number",
        "step": 0.1,
      },
    },
    {
      "defaultValue": 0,
      "id": "a23",
      "required": false,
      "type": {
        "kind": "number",
        "step": 0.1,
      },
    },
    {
      "defaultValue": 0,
      "id": "a31",
      "required": false,
      "type": {
        "kind": "number",
        "step": 0.1,
      },
    },
    {
      "defaultValue": 0,
      "id": "a32",
      "required": false,
      "type": {
        "kind": "number",
        "step": 0.1,
      },
    },
    {
      "defaultValue": 0,
      "id": "a33",
      "required": false,
      "type": {
        "kind": "number",
        "step": 0.1,
      },
    },
    {
      "defaultValue": 5,
      "id": "b11",
      "required": false,
      "type": {
        "kind": "number",
        "step": 0.1,
      },
    },
    {
      "defaultValue": 6,
      "id": "b12",
      "required": false,
      "type": {
        "kind": "number",
        "step": 0.1,
      },
    },
    {
      "defaultValue": 0,
      "id": "b13",
      "required": false,
      "type": {
        "kind": "number",
        "step": 0.1,
      },
    },
    {
      "defaultValue": 7,
      "id": "b21",
      "required": false,
      "type": {
        "kind": "number",
        "step": 0.1,
      },
    },
    {
      "defaultValue": 8,
      "id": "b22",
      "required": false,
      "type": {
        "kind": "number",
        "step": 0.1,
      },
    },
    {
      "defaultValue": 0,
      "id": "b23",
      "required": false,
      "type": {
        "kind": "number",
        "step": 0.1,
      },
    },
    {
      "defaultValue": 0,
      "id": "b31",
      "required": false,
      "type": {
        "kind": "number",
        "step": 0.1,
      },
    },
    {
      "defaultValue": 0,
      "id": "b32",
      "required": false,
      "type": {
        "kind": "number",
        "step": 0.1,
      },
    },
    {
      "defaultValue": 0,
      "id": "b33",
      "required": false,
      "type": {
        "kind": "number",
        "step": 0.1,
      },
    },
  ],
  "meta": {
    "formulaLatex": "\\det(A) = ad-bc \\text{ (2×2)}; \\text{expansion by minors (3×3)}",
    "references": [
      {
        "authority": "Wikipedia",
        "title": "Matrix (mathematics)",
        "url": "https://en.wikipedia.org/wiki/Matrix_(mathematics)",
      },
      {
        "authority": "Wikipedia",
        "title": "Determinant — Linear Algebra",
        "url": "https://en.wikipedia.org/wiki/Determinant",
      },
    ],
  },
  "outputs": [
    {
      "format": "text",
      "id": "result",
    },
    {
      "format": "number",
      "id": "determinant",
      "precision": 4,
    },
    {
      "format": "number",
      "id": "c11",
      "precision": 2,
    },
    {
      "format": "number",
      "id": "c12",
      "precision": 2,
    },
    {
      "format": "number",
      "id": "c13",
      "precision": 2,
    },
    {
      "format": "number",
      "id": "c21",
      "precision": 2,
    },
    {
      "format": "number",
      "id": "c22",
      "precision": 2,
    },
    {
      "format": "number",
      "id": "c23",
      "precision": 2,
    },
    {
      "format": "number",
      "id": "c31",
      "precision": 2,
    },
    {
      "format": "number",
      "id": "c32",
      "precision": 2,
    },
    {
      "format": "number",
      "id": "c33",
      "precision": 2,
    },
  ],
  "priority": "P2",
  "related": [
    "ratio",
    "percentage",
  ],
  "slug": "matrix",
  "tags": [
    "math",
    "matrix",
    "linear algebra",
    "determinant",
  ],
}
`;
