// Vitest Snapshot v1, https://vitest.dev/guide/snapshot.html

exports[`Power Factor definition — shape snapshot > snapshot matches 1`] = `
{
  "category": Any<String>,
  "compute": [Function],
  "i18n": {
    "ar": {
      "description": "حاسبة معامل القدرة المجانية. احسب معامل القدرة من القدرة الفعلية والتفاعلية، أو أوجد kW وkVAR من kVA ومعامل القدرة، أو احسب المكثف اللازم للتصحيح.",
      "errors": {
        "invalidMode": "يرجى اختيار وضع حساب صالح.",
        "targetPfTooLow": "يجب أن يكون معامل القدرة المستهدف أعلى من الحالي.",
      },
      "faq": [
        {
          "a": "معامل القدرة هو نسبة القدرة الفعلية (kW) إلى القدرة الظاهرة (kVA). معامل قدرة 1.0 يعني أن جميع الطاقة المقدمة تؤدي عملاً مفيداً.",
          "q": "ما هو معامل القدرة؟",
        },
        {
          "a": "تفرض شركات الكهرباء رسوماً على العملاء الصناعيين ذوي معامل القدرة المنخفض، لأن التيار التفاعلي يتدفق في الأسلاك دون أداء عمل مفيد. تحسين معامل القدرة بالمكثفات يقلل الفواتير وأحجام المعدات.",
          "q": "لماذا يعد معامل القدرة مهماً؟",
        },
        {
          "a": "الأحمال الحثية تمتص القدرة التفاعلية. المكثفات توفر القدرة التفاعلية محلياً، مما يقلل التيار التفاعلي المسحوب من الشبكة.",
          "q": "كيف يعمل تصحيح معامل القدرة؟",
        },
      ],
      "inputs": {
        "currentPf": {
          "help": "معامل القدرة الموجود للمنشأة قبل التصحيح.",
          "label": "معامل القدرة الحالي",
        },
        "frequencyHz": {
          "help": "تردد الإمداد: 50Hz (أوروبا وآسيا) أو 60Hz (الأمريكتان).",
          "label": "التردد (Hz)",
        },
        "kva": {
          "help": "إجمالي الطاقة المسحوبة من الشبكة — المجموع المتجهي لـ kW وkVAR.",
          "label": "القدرة الظاهرة (kVA)",
        },
        "mode": {
          "help": "اختر ما تريد حسابه: معامل القدرة من قيم الطاقة، أو مكونات الطاقة من معامل القدرة، أو مكثف التصحيح.",
          "label": "وضع الحساب",
        },
        "pf": {
          "help": "نسبة القدرة الفعلية إلى الظاهرة (0 إلى 1). معامل قدرة 1 يعني حملاً مقاومياً خالصاً.",
          "label": "معامل القدرة",
        },
        "reactivePowerKvar": {
          "help": "الطاقة التي تتذبذب بين المصدر والحمل (مخزنة في الملفات/المكثفات).",
          "label": "القدرة التفاعلية (kVAR)",
        },
        "realPowerKw": {
          "help": "الطاقة المفيدة الفعلية التي يستهلكها الحمل.",
          "label": "القدرة الفعلية (kW)",
        },
        "targetPf": {
          "help": "معامل القدرة المطلوب بعد التصحيح (يجب أن يكون أعلى من الحالي).",
          "label": "معامل القدرة المستهدف",
        },
        "voltageV": {
          "help": "جهد الخط-خط (أو خط-محايد للأنظمة الأحادية الطور).",
          "label": "جهد النظام (V)",
        },
      },
      "keywords": [
        "حاسبة معامل القدرة",
        "حاسبة kVA kW kVAR",
        "مكثف تصحيح معامل القدرة",
        "القدرة التفاعلية",
        "القدرة الظاهرة",
        "حاسبة cos phi",
        "حاسبة الطاقة الكهربائية",
      ],
      "options": {
        "frequencyHz": {
          "50hz": "50 هرتز (أوروبا / آسيا)",
          "60hz": "60 هرتز (الأمريكتان)",
        },
        "mode": {
          "correction": "حساب مكثف تصحيح معامل القدرة",
          "pf_from_power": "حساب معامل القدرة من القدرة الفعلية والتفاعلية",
          "power_from_pf": "حساب kW وkVAR من kVA ومعامل القدرة",
        },
      },
      "outputs": {
        "apparentPowerKva": {
          "help": "إجمالي الطاقة التي يجب أن تقدمها الشبكة: S = √(P² + Q²).",
          "label": "القدرة الظاهرة (kVA)",
        },
        "correctionCapacitorMicrofarad": {
          "help": "السعة اللازمة لتحسين معامل القدرة: C = Q_cap / (2π × f × V²).",
          "label": "مكثف التصحيح (µF)",
        },
        "kvarRequired": {
          "help": "القدرة التفاعلية التي يجب أن تقدمها بطارية المكثفات: Q_cap = P × (tan φ1 - tan φ2).",
          "label": "kVAR المطلوبة للتصحيح",
        },
        "phaseAngleDeg": {
          "help": "الزاوية بين موجات الجهد والتيار: φ = arccos(معامل القدرة).",
          "label": "زاوية الطور (°)",
        },
        "powerFactorPf": {
          "help": "معامل القدرة = cos(φ) = P/S. القيم القريبة من 1 تشير إلى استخدام فعال للطاقة.",
          "label": "معامل القدرة",
        },
        "reactivePowerKvar": {
          "help": "الطاقة غير المنتجة التي تُمغنط الأحمال الحثية: Q = √(S² - P²).",
          "label": "القدرة التفاعلية (kVAR)",
        },
        "realPowerKw": {
          "help": "الطاقة المفيدة الفعلية التي تؤدي عملاً.",
          "label": "القدرة الفعلية (kW)",
        },
      },
      "short": "احسب معامل القدرة وkVA وkVAR ومكثف التصحيح لأنظمة التيار المتردد.",
      "title": "حاسبة معامل القدرة",
    },
    "de": {
      "description": "Kostenloser Leistungsfaktor-Rechner. Berechnen Sie cos(φ) aus Wirk- und Blindleistung, Wirkleistung aus kVA und cos(φ), oder den Kondensator zur Leistungsfaktor-Kompensation.",
      "errors": {
        "invalidMode": "Bitte wählen Sie einen gültigen Berechnungsmodus.",
        "targetPfTooLow": "Ziel-cos(φ) muss größer als aktueller cos(φ) sein.",
      },
      "faq": [
        {
          "a": "Der Leistungsfaktor cos(φ) ist das Verhältnis von Wirkleistung (kW) zu Scheinleistung (kVA). Er misst, wie effizient elektrische Energie in nutzbare Arbeit umgewandelt wird.",
          "q": "Was ist der Leistungsfaktor?",
        },
        {
          "a": "Versorger belasten Industriekunden mit Blindleistungsgebühren, da Blindstrom Leitungen belastet, ohne Arbeit zu verrichten. Kompensation mit Kondensatoren reduziert Kosten und Anlagengröße.",
          "q": "Warum ist der Leistungsfaktor wichtig?",
        },
        {
          "a": "Induktive Verbraucher (Motoren, Transformatoren) nehmen Blindleistung auf. Kondensatoren liefern Blindleistung lokal und reduzieren so den Blindstrombezug aus dem Netz.",
          "q": "Wie funktioniert die Leistungsfaktor-Kompensation?",
        },
      ],
      "inputs": {
        "currentPf": {
          "help": "Vorhandener Leistungsfaktor der Anlage vor der Kompensation.",
          "label": "Aktueller Leistungsfaktor",
        },
        "frequencyHz": {
          "help": "Netzfrequenz: 50 Hz (Europa, Asien) oder 60 Hz (Amerika).",
          "label": "Frequenz (Hz)",
        },
        "kva": {
          "help": "Gesamte vom Netz gelieferte Leistung — Vektorsumme aus kW und kVAR.",
          "label": "Scheinleistung (kVA)",
        },
        "mode": {
          "help": "Wählen Sie, was berechnet werden soll: cos(φ) aus Leistungswerten, Leistungskomponenten aus cos(φ) oder Kompensationskondensator.",
          "label": "Berechnungsmodus",
        },
        "pf": {
          "help": "Verhältnis von Wirkleistung zu Scheinleistung (0 bis 1). cos(φ) = 1 bedeutet rein ohmscher Verbraucher.",
          "label": "Leistungsfaktor",
        },
        "reactivePowerKvar": {
          "help": "Leistung, die zwischen Quelle und Last pendelt (gespeichert in Induktivitäten/Kapazitäten).",
          "label": "Blindleistung (kVAR)",
        },
        "realPowerKw": {
          "help": "Tatsächlich nutzbare, vom Verbraucher aufgenommene Leistung.",
          "label": "Wirkleistung (kW)",
        },
        "targetPf": {
          "help": "Gewünschter Leistungsfaktor nach Kondensatorkompensation (muss höher als aktueller cos(φ) sein).",
          "label": "Ziel-Leistungsfaktor",
        },
        "voltageV": {
          "help": "Leiter-zu-Leiter (oder Leiter-zu-Neutral bei Einphasensystemen) Netzspannung.",
          "label": "Systemspannung (V)",
        },
      },
      "keywords": [
        "Leistungsfaktor Rechner",
        "kVA kW kVAR Rechner",
        "Leistungsfaktor Kompensation Kondensator",
        "Blindleistung",
        "Scheinleistung",
        "cos phi Rechner",
        "Elektro Leistungsrechner",
      ],
      "options": {
        "frequencyHz": {
          "50hz": "50 Hz (Europa / Asien)",
          "60hz": "60 Hz (Amerika)",
        },
        "mode": {
          "correction": "Kompensationskondensator berechnen",
          "pf_from_power": "cos(φ) aus Wirk- und Blindleistung berechnen",
          "power_from_pf": "kW und kVAR aus kVA und cos(φ) berechnen",
        },
      },
      "outputs": {
        "apparentPowerKva": {
          "help": "Vom Netz gelieferte Gesamtleistung: S = √(P² + Q²).",
          "label": "Scheinleistung (kVA)",
        },
        "correctionCapacitorMicrofarad": {
          "help": "Erforderliche Kapazität: C = Q_kap / (2π × f × V²).",
          "label": "Kompensationskondensator (µF)",
        },
        "kvarRequired": {
          "help": "Vom Kondensatorbank bereitzustellende Blindleistung: Q_kap = P × (tan φ1 - tan φ2).",
          "label": "Benötigte kVAR zur Kompensation",
        },
        "phaseAngleDeg": {
          "help": "Winkel zwischen Strom- und Spannungskurve: φ = arccos(cos(φ)).",
          "label": "Phasenwinkel (°)",
        },
        "powerFactorPf": {
          "help": "cos(φ) = P/S. Werte nahe 1 zeigen effizienten Stromeinsatz.",
          "label": "Leistungsfaktor",
        },
        "reactivePowerKvar": {
          "help": "Nicht arbeitende Leistung für induktive Magnetisierung: Q = √(S² - P²).",
          "label": "Blindleistung (kVAR)",
        },
        "realPowerKw": {
          "help": "Nutzbare Leistung, die tatsächlich Arbeit verrichtet.",
          "label": "Wirkleistung (kW)",
        },
      },
      "short": "Berechnen Sie Leistungsfaktor, kVA, kVAR und Kompensationskondensator für AC-Systeme.",
      "title": "Leistungsfaktor-Rechner",
    },
    "en": {
      "description": "Free power factor calculator. Compute PF from real and reactive power, find kW and kVAR from kVA and PF, or calculate the capacitor needed for power factor correction.",
      "errors": {
        "invalidMode": "Please select a valid calculation mode.",
        "targetPfTooLow": "Target PF must be greater than current PF.",
      },
      "faq": [
        {
          "a": "Power factor (PF) is the ratio of real power (kW) to apparent power (kVA). It measures how efficiently electrical energy is being converted to useful work. A PF of 1.0 (unity) means all the supplied power does useful work; a low PF means significant reactive power is drawn from the supply.",
          "q": "What is power factor?",
        },
        {
          "a": "Utilities charge industrial customers for low power factor because reactive current flows in the supply cables and transformers without doing useful work, causing losses and requiring oversized equipment. Improving PF with capacitors reduces electricity bills and equipment size.",
          "q": "Why is power factor important?",
        },
        {
          "a": "Inductive loads (motors, transformers) absorb reactive power (lagging PF). Capacitors supply reactive power locally, reducing the reactive current drawn from the grid. The net effect is that the supply sees a higher PF, reducing kVA demand.",
          "q": "How does power factor correction work?",
        },
        {
          "a": "Most utilities require industrial customers to maintain PF above 0.90 or 0.95. Residential loads typically have PF between 0.85 and 0.95. Unity (1.0) is ideal but practically achieved only with unity-PF power supplies.",
          "q": "What is a good power factor?",
        },
      ],
      "inputs": {
        "currentPf": {
          "help": "Existing power factor of the installation before correction.",
          "label": "Current Power Factor",
        },
        "frequencyHz": {
          "help": "Supply frequency: 50Hz (Europe, Asia) or 60Hz (Americas).",
          "label": "Frequency (Hz)",
        },
        "kva": {
          "help": "Total power drawn from the supply — the vector sum of kW and kVAR.",
          "label": "Apparent Power (kVA)",
        },
        "mode": {
          "help": "Choose what to calculate: PF from power values, power components from PF, or correction capacitor.",
          "label": "Calculation Mode",
        },
        "pf": {
          "help": "Ratio of real power to apparent power (0 to 1). A PF of 1 means pure resistive load.",
          "label": "Power Factor",
        },
        "reactivePowerKvar": {
          "help": "Power that oscillates between source and load (stored in inductors/capacitors).",
          "label": "Reactive Power (kVAR)",
        },
        "realPowerKw": {
          "help": "Actual useful power consumed by the load. Also called active power.",
          "label": "Real Power (kW)",
        },
        "targetPf": {
          "help": "Desired power factor after capacitor correction (must be higher than current PF).",
          "label": "Target Power Factor",
        },
        "voltageV": {
          "help": "Line-to-line (or line-to-neutral for single-phase) supply voltage.",
          "label": "System Voltage (V)",
        },
      },
      "keywords": [
        "power factor calculator",
        "kVA kW kVAR calculator",
        "power factor correction capacitor",
        "reactive power",
        "apparent power",
        "cos phi calculator",
        "electrical power calculator",
      ],
      "options": {
        "frequencyHz": {
          "50hz": "50 Hz (Europe / Asia)",
          "60hz": "60 Hz (Americas)",
        },
        "mode": {
          "correction": "Calculate PF correction capacitor",
          "pf_from_power": "Calculate PF from real & reactive power",
          "power_from_pf": "Calculate kW & kVAR from kVA & PF",
        },
      },
      "outputs": {
        "apparentPowerKva": {
          "help": "Total power the supply must deliver: S = √(P² + Q²).",
          "label": "Apparent Power (kVA)",
        },
        "correctionCapacitorMicrofarad": {
          "help": "Capacitance needed to improve PF: C = Q_cap / (2π × f × V²).",
          "label": "Correction Capacitor (µF)",
        },
        "kvarRequired": {
          "help": "Reactive power the capacitor bank must supply: Q_cap = P × (tan φ1 - tan φ2).",
          "label": "kVAR Required for Correction",
        },
        "phaseAngleDeg": {
          "help": "Angle between voltage and current waveforms: φ = arccos(PF).",
          "label": "Phase Angle (°)",
        },
        "powerFactorPf": {
          "help": "PF = cos(φ) = P/S. Values close to 1 indicate efficient use of electrical supply.",
          "label": "Power Factor",
        },
        "reactivePowerKvar": {
          "help": "Non-working power that magnetizes inductive loads: Q = √(S² - P²).",
          "label": "Reactive Power (kVAR)",
        },
        "realPowerKw": {
          "help": "Actual useful power that does work (heats, rotates, illuminates).",
          "label": "Real Power (kW)",
        },
      },
      "short": "Calculate power factor, kVA, kVAR, and correction capacitor for AC electrical systems.",
      "title": "Power Factor Calculator",
    },
    "es": {
      "description": "Calculadora de factor de potencia gratuita. Calcula FP desde potencias activa y reactiva, encuentra kW y kVAR desde kVA y FP, o calcula el condensador necesario para la corrección.",
      "errors": {
        "invalidMode": "Selecciona un modo de cálculo válido.",
        "targetPfTooLow": "El FP objetivo debe ser mayor que el FP actual.",
      },
      "faq": [
        {
          "a": "El factor de potencia (FP) es la relación entre la potencia activa (kW) y la potencia aparente (kVA). Un FP de 1,0 significa que toda la potencia suministrada realiza trabajo útil.",
          "q": "¿Qué es el factor de potencia?",
        },
        {
          "a": "Las compañías eléctricas penalizan a los clientes industriales con bajo FP porque la corriente reactiva circula por cables y transformadores sin hacer trabajo útil. Mejorar el FP con condensadores reduce facturas y equipos.",
          "q": "¿Por qué es importante el factor de potencia?",
        },
        {
          "a": "Las cargas inductivas absorben potencia reactiva. Los condensadores suministran localmente esta potencia reactiva, reduciendo la corriente reactiva tomada de la red.",
          "q": "¿Cómo funciona la corrección del factor de potencia?",
        },
      ],
      "inputs": {
        "currentPf": {
          "help": "Factor de potencia existente de la instalación antes de la corrección.",
          "label": "Factor de potencia actual",
        },
        "frequencyHz": {
          "help": "Frecuencia de red: 50 Hz (Europa, Asia) o 60 Hz (Américas).",
          "label": "Frecuencia (Hz)",
        },
        "kva": {
          "help": "Potencia total suministrada por la red — suma vectorial de kW y kVAR.",
          "label": "Potencia aparente (kVA)",
        },
        "mode": {
          "help": "Elige qué calcular: FP desde valores de potencia, componentes desde FP, o condensador de corrección.",
          "label": "Modo de cálculo",
        },
        "pf": {
          "help": "Relación de potencia activa a aparente (0 a 1). FP = 1 significa carga puramente resistiva.",
          "label": "Factor de potencia",
        },
        "reactivePowerKvar": {
          "help": "Potencia que oscila entre fuente y carga (almacenada en inductores/condensadores).",
          "label": "Potencia reactiva (kVAR)",
        },
        "realPowerKw": {
          "help": "Potencia útil real consumida por la carga.",
          "label": "Potencia activa (kW)",
        },
        "targetPf": {
          "help": "Factor de potencia deseado tras la corrección (debe ser mayor que el FP actual).",
          "label": "Factor de potencia objetivo",
        },
        "voltageV": {
          "help": "Tensión fase-fase (o fase-neutro para monofásico).",
          "label": "Tensión del sistema (V)",
        },
      },
      "keywords": [
        "calculadora factor de potencia",
        "calculadora kVA kW kVAR",
        "condensador corrección factor de potencia",
        "potencia reactiva",
        "potencia aparente",
        "calculadora cos phi",
        "calculadora potencia eléctrica",
      ],
      "options": {
        "frequencyHz": {
          "50hz": "50 Hz (Europa / Asia)",
          "60hz": "60 Hz (Américas)",
        },
        "mode": {
          "correction": "Calcular condensador de corrección del FP",
          "pf_from_power": "Calcular FP desde potencias activa y reactiva",
          "power_from_pf": "Calcular kW y kVAR desde kVA y FP",
        },
      },
      "outputs": {
        "apparentPowerKva": {
          "help": "Potencia total suministrada: S = √(P² + Q²).",
          "label": "Potencia aparente (kVA)",
        },
        "correctionCapacitorMicrofarad": {
          "help": "Capacitancia necesaria: C = Q_cap / (2π × f × V²).",
          "label": "Condensador de corrección (µF)",
        },
        "kvarRequired": {
          "help": "Potencia reactiva que debe suministrar el banco de condensadores: Q_cap = P × (tan φ1 - tan φ2).",
          "label": "kVAR necesarios para corrección",
        },
        "phaseAngleDeg": {
          "help": "Ángulo entre formas de onda de tensión y corriente: φ = arccos(FP).",
          "label": "Ángulo de fase (°)",
        },
        "powerFactorPf": {
          "help": "FP = cos(φ) = P/S. Valores cercanos a 1 indican uso eficiente del suministro.",
          "label": "Factor de potencia",
        },
        "reactivePowerKvar": {
          "help": "Potencia no productiva que magnetiza cargas inductivas: Q = √(S² - P²).",
          "label": "Potencia reactiva (kVAR)",
        },
        "realPowerKw": {
          "help": "Potencia útil que realiza trabajo real.",
          "label": "Potencia activa (kW)",
        },
      },
      "short": "Calcula el factor de potencia, kVA, kVAR y el condensador de corrección para sistemas AC.",
      "title": "Calculadora de factor de potencia",
    },
    "fr": {
      "description": "Calculateur de facteur de puissance gratuit. Calculez cos(φ) à partir des puissances actives et réactives, trouvez kW et kVAR à partir de kVA et cos(φ), ou calculez le condensateur nécessaire à la correction.",
      "errors": {
        "invalidMode": "Veuillez sélectionner un mode de calcul valide.",
        "targetPfTooLow": "Le FP cible doit être supérieur au FP actuel.",
      },
      "faq": [
        {
          "a": "Le facteur de puissance (FP) est le rapport de la puissance active (kW) à la puissance apparente (kVA). Un FP de 1,0 signifie que toute la puissance fournie est utile.",
          "q": "Qu'est-ce que le facteur de puissance ?",
        },
        {
          "a": "Les fournisseurs d'énergie facturent les clients industriels pour un faible FP car le courant réactif charge les câbles sans effectuer de travail utile. Améliorer le FP réduit les factures et la taille des équipements.",
          "q": "Pourquoi le facteur de puissance est-il important ?",
        },
        {
          "a": "Les charges inductives absorbent de la puissance réactive. Les condensateurs fournissent localement cette puissance réactive, réduisant le courant réactif tiré du réseau.",
          "q": "Comment fonctionne la correction du facteur de puissance ?",
        },
      ],
      "inputs": {
        "currentPf": {
          "help": "Facteur de puissance existant de l'installation avant correction.",
          "label": "Facteur de puissance actuel",
        },
        "frequencyHz": {
          "help": "Fréquence du réseau : 50 Hz (Europe, Asie) ou 60 Hz (Amériques).",
          "label": "Fréquence (Hz)",
        },
        "kva": {
          "help": "Puissance totale fournie par le réseau — somme vectorielle de kW et kVAR.",
          "label": "Puissance apparente (kVA)",
        },
        "mode": {
          "help": "Choisissez ce à calculer : FP à partir des puissances, composantes de puissance à partir du FP, ou condensateur de correction.",
          "label": "Mode de calcul",
        },
        "pf": {
          "help": "Rapport de la puissance active à la puissance apparente (0 à 1). FP = 1 signifie charge purement résistive.",
          "label": "Facteur de puissance",
        },
        "reactivePowerKvar": {
          "help": "Puissance oscillant entre la source et la charge (stockée dans inductances/condensateurs).",
          "label": "Puissance réactive (kVAR)",
        },
        "realPowerKw": {
          "help": "Puissance utile réellement consommée par la charge.",
          "label": "Puissance active (kW)",
        },
        "targetPf": {
          "help": "Facteur de puissance souhaité après correction (doit être supérieur au FP actuel).",
          "label": "Facteur de puissance cible",
        },
        "voltageV": {
          "help": "Tension phase-phase (ou phase-neutre pour monophasé).",
          "label": "Tension du réseau (V)",
        },
      },
      "keywords": [
        "calculateur facteur de puissance",
        "calculateur kVA kW kVAR",
        "condensateur correction facteur de puissance",
        "puissance réactive",
        "puissance apparente",
        "calculateur cos phi",
        "calculateur puissance électrique",
      ],
      "options": {
        "frequencyHz": {
          "50hz": "50 Hz (Europe / Asie)",
          "60hz": "60 Hz (Amériques)",
        },
        "mode": {
          "correction": "Calculer le condensateur de correction du FP",
          "pf_from_power": "Calculer FP à partir des puissances actives et réactives",
          "power_from_pf": "Calculer kW et kVAR à partir de kVA et FP",
        },
      },
      "outputs": {
        "apparentPowerKva": {
          "help": "Puissance totale fournie par le réseau : S = √(P² + Q²).",
          "label": "Puissance apparente (kVA)",
        },
        "correctionCapacitorMicrofarad": {
          "help": "Capacité nécessaire pour améliorer le FP : C = Q_cap / (2π × f × V²).",
          "label": "Condensateur de correction (µF)",
        },
        "kvarRequired": {
          "help": "Puissance réactive à fournir par la batterie de condensateurs : Q_cap = P × (tan φ1 - tan φ2).",
          "label": "kVAR nécessaires à la correction",
        },
        "phaseAngleDeg": {
          "help": "Angle entre les formes d'onde tension et courant : φ = arccos(FP).",
          "label": "Angle de phase (°)",
        },
        "powerFactorPf": {
          "help": "FP = cos(φ) = P/S. Des valeurs proches de 1 indiquent une utilisation efficace du réseau.",
          "label": "Facteur de puissance",
        },
        "reactivePowerKvar": {
          "help": "Puissance non productive magnétisant les charges inductives : Q = √(S² - P²).",
          "label": "Puissance réactive (kVAR)",
        },
        "realPowerKw": {
          "help": "Puissance utile qui effectue un travail réel.",
          "label": "Puissance active (kW)",
        },
      },
      "short": "Calculez le facteur de puissance, kVA, kVAR et le condensateur de correction pour systèmes AC.",
      "title": "Calculateur de facteur de puissance",
    },
    "hi": {
      "description": "मुफ़्त पावर फैक्टर कैलकुलेटर। वास्तविक और प्रतिक्रियाशील शक्ति से PF गणना करें, kVA और PF से kW और kVAR निकालें, या पावर फैक्टर सुधार के लिए आवश्यक कैपेसिटर की गणना करें।",
      "errors": {
        "invalidMode": "कृपया एक मान्य गणना मोड चुनें।",
        "targetPfTooLow": "लक्ष्य PF वर्तमान PF से अधिक होना चाहिए।",
      },
      "faq": [
        {
          "a": "पावर फैक्टर (PF) वास्तविक शक्ति (kW) और आभासी शक्ति (kVA) का अनुपात है। PF=1.0 का अर्थ है कि सभी आपूर्ति शक्ति उपयोगी काम करती है।",
          "q": "पावर फैक्टर क्या है?",
        },
        {
          "a": "बिजली कंपनियां कम PF वाले औद्योगिक ग्राहकों से अतिरिक्त शुल्क लेती हैं क्योंकि प्रतिक्रियाशील धारा केबल में बिना उपयोगी काम किए बहती है। कैपेसिटर से PF सुधारने से बिजली बिल और उपकरण का आकार कम होता है।",
          "q": "पावर फैक्टर क्यों महत्वपूर्ण है?",
        },
        {
          "a": "प्रेरक भार (मोटर, ट्रांसफार्मर) प्रतिक्रियाशील शक्ति अवशोषित करते हैं। कैपेसिटर स्थानीय रूप से प्रतिक्रियाशील शक्ति प्रदान करते हैं, जिससे ग्रिड से खींची जाने वाली प्रतिक्रियाशील धारा कम होती है।",
          "q": "पावर फैक्टर सुधार कैसे काम करता है?",
        },
      ],
      "inputs": {
        "currentPf": {
          "help": "सुधार से पहले इंस्टॉलेशन का मौजूदा पावर फैक्टर।",
          "label": "वर्तमान पावर फैक्टर",
        },
        "frequencyHz": {
          "help": "सप्लाई आवृत्ति: 50Hz (यूरोप, एशिया) या 60Hz (अमेरिका)।",
          "label": "आवृत्ति (Hz)",
        },
        "kva": {
          "help": "आपूर्ति से ली गई कुल शक्ति — kW और kVAR का वेक्टर योग।",
          "label": "आभासी शक्ति (kVA)",
        },
        "mode": {
          "help": "चुनें क्या गणना करना है: शक्ति मानों से PF, PF से शक्ति घटक, या सुधार कैपेसिटर।",
          "label": "गणना मोड",
        },
        "pf": {
          "help": "वास्तविक शक्ति का आभासी शक्ति से अनुपात (0 से 1)। PF=1 शुद्ध प्रतिरोधक लोड है।",
          "label": "पावर फैक्टर",
        },
        "reactivePowerKvar": {
          "help": "शक्ति जो स्रोत और लोड के बीच दोलन करती है (इंडक्टर/कैपेसिटर में संग्रहीत)।",
          "label": "प्रतिक्रियाशील शक्ति (kVAR)",
        },
        "realPowerKw": {
          "help": "लोड द्वारा वास्तव में उपभोग की गई उपयोगी शक्ति। सक्रिय शक्ति भी कहते हैं।",
          "label": "वास्तविक शक्ति (kW)",
        },
        "targetPf": {
          "help": "कैपेसिटर सुधार के बाद वांछित पावर फैक्टर (वर्तमान PF से अधिक होना चाहिए)।",
          "label": "लक्ष्य पावर फैक्टर",
        },
        "voltageV": {
          "help": "लाइन-टू-लाइन (या एकल-फेज के लिए लाइन-टू-न्यूट्रल) सप्लाई वोल्टेज।",
          "label": "सिस्टम वोल्टेज (V)",
        },
      },
      "keywords": [
        "पावर फैक्टर कैलकुलेटर",
        "kVA kW kVAR कैलकुलेटर",
        "पावर फैक्टर सुधार कैपेसिटर",
        "प्रतिक्रियाशील शक्ति",
        "आभासी शक्ति",
        "cos phi कैलकुलेटर",
        "विद्युत शक्ति कैलकुलेटर",
      ],
      "options": {
        "frequencyHz": {
          "50hz": "50 Hz (यूरोप / एशिया)",
          "60hz": "60 Hz (अमेरिका)",
        },
        "mode": {
          "correction": "PF सुधार कैपेसिटर गणना करें",
          "pf_from_power": "वास्तविक और प्रतिक्रियाशील शक्ति से PF गणना करें",
          "power_from_pf": "kVA और PF से kW और kVAR गणना करें",
        },
      },
      "outputs": {
        "apparentPowerKva": {
          "help": "आपूर्ति को प्रदान करनी होगी: S = √(P² + Q²)।",
          "label": "आभासी शक्ति (kVA)",
        },
        "correctionCapacitorMicrofarad": {
          "help": "PF सुधार के लिए आवश्यक धारिता: C = Q_cap / (2π × f × V²)।",
          "label": "सुधार कैपेसिटर (µF)",
        },
        "kvarRequired": {
          "help": "कैपेसिटर बैंक को प्रदान करनी होगी: Q_cap = P × (tan φ1 - tan φ2)।",
          "label": "सुधार के लिए आवश्यक kVAR",
        },
        "phaseAngleDeg": {
          "help": "वोल्टेज और करंट तरंगों के बीच का कोण: φ = arccos(PF)।",
          "label": "फेज कोण (°)",
        },
        "powerFactorPf": {
          "help": "PF = cos(φ) = P/S। 1 के करीब मान कुशल विद्युत उपयोग दर्शाते हैं।",
          "label": "पावर फैक्टर",
        },
        "reactivePowerKvar": {
          "help": "प्रेरक भार को चुम्बकित करने वाली अनुत्पादक शक्ति: Q = √(S² - P²)।",
          "label": "प्रतिक्रियाशील शक्ति (kVAR)",
        },
        "realPowerKw": {
          "help": "वास्तविक उपयोगी शक्ति जो काम करती है।",
          "label": "वास्तविक शक्ति (kW)",
        },
      },
      "short": "AC विद्युत प्रणालियों के लिए पावर फैक्टर, kVA, kVAR और सुधार कैपेसिटर की गणना करें।",
      "title": "पावर फैक्टर कैलकुलेटर",
    },
    "it": {
      "description": "Calcolatore gratuito del fattore di potenza. Calcola FP da potenza attiva e reattiva, trova kW e kVAR da kVA e FP, o calcola il condensatore per la correzione del fattore di potenza.",
      "errors": {
        "invalidMode": "Seleziona una modalità di calcolo valida.",
        "targetPfTooLow": "Il FP target deve essere maggiore del FP attuale.",
      },
      "faq": [
        {
          "a": "Il fattore di potenza (FP) è il rapporto tra potenza attiva (kW) e potenza apparente (kVA). Un FP di 1,0 significa che tutta la potenza fornita compie lavoro utile.",
          "q": "Cos'è il fattore di potenza?",
        },
        {
          "a": "I fornitori di energia penalizzano i clienti industriali con basso FP perché la corrente reattiva percorre cavi e trasformatori senza compiere lavoro utile. Migliorare il FP con condensatori riduce le bollette e le dimensioni dei componenti.",
          "q": "Perché il fattore di potenza è importante?",
        },
        {
          "a": "I carichi induttivi assorbono potenza reattiva. I condensatori forniscono localmente questa potenza reattiva, riducendo la corrente reattiva prelevata dalla rete.",
          "q": "Come funziona la correzione del fattore di potenza?",
        },
      ],
      "inputs": {
        "currentPf": {
          "help": "Fattore di potenza esistente dell'impianto prima della correzione.",
          "label": "Fattore di potenza attuale",
        },
        "frequencyHz": {
          "help": "Frequenza di rete: 50 Hz (Europa, Asia) o 60 Hz (Americhe).",
          "label": "Frequenza (Hz)",
        },
        "kva": {
          "help": "Potenza totale fornita dalla rete — somma vettoriale di kW e kVAR.",
          "label": "Potenza apparente (kVA)",
        },
        "mode": {
          "help": "Scegli cosa calcolare: FP da valori di potenza, componenti di potenza da FP, o condensatore di correzione.",
          "label": "Modalità di calcolo",
        },
        "pf": {
          "help": "Rapporto tra potenza attiva e apparente (0 a 1). FP = 1 significa carico puramente resistivo.",
          "label": "Fattore di potenza",
        },
        "reactivePowerKvar": {
          "help": "Potenza che oscilla tra sorgente e carico (immagazzinata in induttori/condensatori).",
          "label": "Potenza reattiva (kVAR)",
        },
        "realPowerKw": {
          "help": "Potenza utile realmente consumata dal carico.",
          "label": "Potenza attiva (kW)",
        },
        "targetPf": {
          "help": "Fattore di potenza desiderato dopo la correzione (deve essere maggiore del FP attuale).",
          "label": "Fattore di potenza target",
        },
        "voltageV": {
          "help": "Tensione fase-fase (o fase-neutro per monofase).",
          "label": "Tensione di sistema (V)",
        },
      },
      "keywords": [
        "calcolatore fattore di potenza",
        "calcolatore kVA kW kVAR",
        "condensatore correzione fattore di potenza",
        "potenza reattiva",
        "potenza apparente",
        "calcolatore cos phi",
        "calcolatore potenza elettrica",
      ],
      "options": {
        "frequencyHz": {
          "50hz": "50 Hz (Europa / Asia)",
          "60hz": "60 Hz (Americhe)",
        },
        "mode": {
          "correction": "Calcola il condensatore di correzione del FP",
          "pf_from_power": "Calcola FP da potenza attiva e reattiva",
          "power_from_pf": "Calcola kW e kVAR da kVA e FP",
        },
      },
      "outputs": {
        "apparentPowerKva": {
          "help": "Potenza totale fornita: S = √(P² + Q²).",
          "label": "Potenza apparente (kVA)",
        },
        "correctionCapacitorMicrofarad": {
          "help": "Capacità necessaria: C = Q_cap / (2π × f × V²).",
          "label": "Condensatore di correzione (µF)",
        },
        "kvarRequired": {
          "help": "Potenza reattiva che deve fornire il banco di condensatori: Q_cap = P × (tan φ1 - tan φ2).",
          "label": "kVAR necessari per la correzione",
        },
        "phaseAngleDeg": {
          "help": "Angolo tra forme d'onda di tensione e corrente: φ = arccos(FP).",
          "label": "Angolo di fase (°)",
        },
        "powerFactorPf": {
          "help": "FP = cos(φ) = P/S. Valori vicini a 1 indicano uso efficiente del suministro.",
          "label": "Fattore di potenza",
        },
        "reactivePowerKvar": {
          "help": "Potenza non produttiva che magnetizza i carichi induttivi: Q = √(S² - P²).",
          "label": "Potenza reattiva (kVAR)",
        },
        "realPowerKw": {
          "help": "Potenza utile che compie lavoro reale.",
          "label": "Potenza attiva (kW)",
        },
      },
      "short": "Calcola il fattore di potenza, kVA, kVAR e il condensatore di correzione per sistemi AC.",
      "title": "Calcolatore del fattore di potenza",
    },
    "ja": {
      "description": "無料の力率計算機。有効電力と無効電力から力率を計算、kVAと力率からkWとkVARを求め、または力率改善に必要なコンデンサを計算します。",
      "errors": {
        "invalidMode": "有効な計算モードを選択してください。",
        "targetPfTooLow": "目標力率は現在の力率より大きくなければなりません。",
      },
      "faq": [
        {
          "a": "力率（PF）は有効電力（kW）と皮相電力（kVA）の比です。力率1.0はすべての供給電力が有効な仕事をしていることを意味します。",
          "q": "力率とは何ですか？",
        },
        {
          "a": "電力会社は低力率の産業顧客に追加料金を課します。無効電流は電線を流れながら有効な仕事をせず損失を生じます。コンデンサで力率を改善すると電力料金と設備規模が削減できます。",
          "q": "力率はなぜ重要ですか？",
        },
        {
          "a": "誘導負荷（モーター・変圧器）は無効電力を消費します。コンデンサが無効電力を局所供給することで系統からの無効電流を減らし、結果として見かけの力率が改善します。",
          "q": "力率改善の仕組みは？",
        },
      ],
      "inputs": {
        "currentPf": {
          "help": "改善前の設備の既存力率。",
          "label": "現在の力率",
        },
        "frequencyHz": {
          "help": "電源周波数：50Hz（欧州・アジア）または60Hz（南北アメリカ）。",
          "label": "周波数（Hz）",
        },
        "kva": {
          "help": "電源から取る総電力——kWとkVARのベクトル和。",
          "label": "皮相電力（kVA）",
        },
        "mode": {
          "help": "計算内容を選択：電力値から力率、力率から電力成分、または改善コンデンサ。",
          "label": "計算モード",
        },
        "pf": {
          "help": "有効電力と皮相電力の比（0〜1）。力率=1は純抵抗負荷を意味します。",
          "label": "力率",
        },
        "reactivePowerKvar": {
          "help": "電源と負荷の間を往来する電力（コイル/コンデンサに蓄積）。",
          "label": "無効電力（kVAR）",
        },
        "realPowerKw": {
          "help": "負荷が実際に消費する有効電力（仕事をする電力）。",
          "label": "有効電力（kW）",
        },
        "targetPf": {
          "help": "コンデンサ補償後の目標力率（現在の力率より大きくなければなりません）。",
          "label": "目標力率",
        },
        "voltageV": {
          "help": "線間電圧（単相は線対地電圧）。",
          "label": "系統電圧（V）",
        },
      },
      "keywords": [
        "力率計算機",
        "kVA kW kVAR計算",
        "力率改善コンデンサ",
        "無効電力",
        "皮相電力",
        "cos phi計算",
        "電力計算機",
      ],
      "options": {
        "frequencyHz": {
          "50hz": "50 Hz（欧州・アジア）",
          "60hz": "60 Hz（南北アメリカ）",
        },
        "mode": {
          "correction": "力率改善コンデンサを計算",
          "pf_from_power": "有効・無効電力から力率を計算",
          "power_from_pf": "kVAと力率からkWとkVARを計算",
        },
      },
      "outputs": {
        "apparentPowerKva": {
          "help": "電源が供給すべき総電力：S = √(P² + Q²)。",
          "label": "皮相電力（kVA）",
        },
        "correctionCapacitorMicrofarad": {
          "help": "力率改善に必要な静電容量：C = Q_cap / (2π × f × V²)。",
          "label": "改善コンデンサ（µF）",
        },
        "kvarRequired": {
          "help": "コンデンサバンクが供給すべき無効電力：Q_cap = P × (tan φ1 - tan φ2)。",
          "label": "改善に必要なkVAR",
        },
        "phaseAngleDeg": {
          "help": "電圧と電流波形の位相差：φ = arccos(力率)。",
          "label": "位相角（°）",
        },
        "powerFactorPf": {
          "help": "力率 = cos(φ) = P/S。1に近い値は電源の効率的利用を示します。",
          "label": "力率",
        },
        "reactivePowerKvar": {
          "help": "誘導負荷を磁化する仕事をしない電力：Q = √(S² - P²)。",
          "label": "無効電力（kVAR）",
        },
        "realPowerKw": {
          "help": "実際に仕事をする有効電力。",
          "label": "有効電力（kW）",
        },
      },
      "short": "交流システムの力率・kVA・kVAR・力率改善コンデンサを計算します。",
      "title": "力率計算機",
    },
    "ko": {
      "description": "무료 역률 계산기. 유효 전력과 무효 전력에서 역률을 계산하거나, kVA와 역률에서 kW와 kVAR를 구하거나, 역률 보상에 필요한 커패시터를 계산하세요.",
      "errors": {
        "invalidMode": "유효한 계산 모드를 선택하세요.",
        "targetPfTooLow": "목표 역률은 현재 역률보다 높아야 합니다.",
      },
      "faq": [
        {
          "a": "역률(PF)은 유효 전력(kW)과 피상 전력(kVA)의 비율입니다. 역률 1.0은 공급된 모든 전력이 유용한 일을 한다는 의미입니다.",
          "q": "역률이란 무엇인가요?",
        },
        {
          "a": "전력회사는 역률이 낮은 산업 고객에게 추가 요금을 부과합니다. 무효 전류가 유용한 일 없이 전선에 흐르기 때문입니다. 커패시터로 역률을 개선하면 전기요금과 설비 규모를 줄일 수 있습니다.",
          "q": "역률이 중요한 이유는 무엇인가요?",
        },
        {
          "a": "유도성 부하(모터, 변압기)는 무효 전력을 흡수합니다. 커패시터가 무효 전력을 로컬로 공급하여 전력망에서 끌어오는 무효 전류를 줄입니다.",
          "q": "역률 보상은 어떻게 작동하나요?",
        },
      ],
      "inputs": {
        "currentPf": {
          "help": "보상 전 설비의 현재 역률.",
          "label": "현재 역률",
        },
        "frequencyHz": {
          "help": "공급 주파수: 50Hz(유럽, 아시아) 또는 60Hz(아메리카).",
          "label": "주파수(Hz)",
        },
        "kva": {
          "help": "전원에서 끌어오는 총 전력 — kW와 kVAR의 벡터 합.",
          "label": "피상 전력(kVA)",
        },
        "mode": {
          "help": "계산할 내용 선택: 전력값에서 역률, 역률에서 전력 성분, 또는 보상 커패시터.",
          "label": "계산 모드",
        },
        "pf": {
          "help": "유효 전력 대 피상 전력의 비율(0~1). 역률=1은 순수 저항 부하를 의미합니다.",
          "label": "역률",
        },
        "reactivePowerKvar": {
          "help": "전원과 부하 사이를 오가는 전력(인덕터/커패시터에 저장).",
          "label": "무효 전력(kVAR)",
        },
        "realPowerKw": {
          "help": "부하가 실제로 소비하는 유용한 전력(능동 전력).",
          "label": "유효 전력(kW)",
        },
        "targetPf": {
          "help": "커패시터 보상 후 원하는 역률(현재 역률보다 높아야 함).",
          "label": "목표 역률",
        },
        "voltageV": {
          "help": "선간 전압(단상 시스템은 선-중성점 전압).",
          "label": "시스템 전압(V)",
        },
      },
      "keywords": [
        "역률 계산기",
        "kVA kW kVAR 계산기",
        "역률 보상 커패시터",
        "무효 전력",
        "피상 전력",
        "cos phi 계산기",
        "전력 계산기",
      ],
      "options": {
        "frequencyHz": {
          "50hz": "50 Hz(유럽/아시아)",
          "60hz": "60 Hz(아메리카)",
        },
        "mode": {
          "correction": "역률 보상 커패시터 계산",
          "pf_from_power": "유효 및 무효 전력에서 역률 계산",
          "power_from_pf": "kVA와 역률에서 kW와 kVAR 계산",
        },
      },
      "outputs": {
        "apparentPowerKva": {
          "help": "전원이 공급해야 하는 총 전력: S = √(P² + Q²).",
          "label": "피상 전력(kVA)",
        },
        "correctionCapacitorMicrofarad": {
          "help": "역률 개선에 필요한 정전용량: C = Q_cap / (2π × f × V²).",
          "label": "보상 커패시터(µF)",
        },
        "kvarRequired": {
          "help": "커패시터 뱅크가 공급해야 할 무효 전력: Q_cap = P × (tan φ1 - tan φ2).",
          "label": "보상에 필요한 kVAR",
        },
        "phaseAngleDeg": {
          "help": "전압과 전류 파형 사이의 각도: φ = arccos(역률).",
          "label": "위상각(°)",
        },
        "powerFactorPf": {
          "help": "역률 = cos(φ) = P/S. 1에 가까운 값은 전원의 효율적 사용을 나타냅니다.",
          "label": "역률",
        },
        "reactivePowerKvar": {
          "help": "유도성 부하를 자화시키는 비생산적 전력: Q = √(S² - P²).",
          "label": "무효 전력(kVAR)",
        },
        "realPowerKw": {
          "help": "실제로 일을 하는 유용한 전력.",
          "label": "유효 전력(kW)",
        },
      },
      "short": "교류 시스템의 역률, kVA, kVAR 및 역률 보상 커패시터를 계산하세요.",
      "title": "역률 계산기",
    },
    "ru": {
      "description": "Бесплатный калькулятор коэффициента мощности. Рассчитайте cos(φ) из активной и реактивной мощности, найдите кВт и кВАр из кВА и cos(φ), или рассчитайте конденсатор для компенсации.",
      "errors": {
        "invalidMode": "Пожалуйста, выберите корректный режим расчёта.",
        "targetPfTooLow": "Целевой КМ должен быть выше текущего КМ.",
      },
      "faq": [
        {
          "a": "Коэффициент мощности (cos φ) — отношение активной мощности (кВт) к полной мощности (кВА). КМ = 1,0 означает, что вся подводимая мощность совершает полезную работу.",
          "q": "Что такое коэффициент мощности?",
        },
        {
          "a": "Энергокомпании начисляют дополнительную плату клиентам с низким КМ, поскольку реактивный ток нагружает линии без полезной работы. Компенсация конденсаторами снижает счета и размеры оборудования.",
          "q": "Почему коэффициент мощности важен?",
        },
        {
          "a": "Индуктивные нагрузки потребляют реактивную мощность. Конденсаторы обеспечивают её локально, снижая потребление реактивного тока из сети.",
          "q": "Как работает компенсация реактивной мощности?",
        },
      ],
      "inputs": {
        "currentPf": {
          "help": "Существующий коэффициент мощности установки до компенсации.",
          "label": "Текущий коэффициент мощности",
        },
        "frequencyHz": {
          "help": "Частота питания: 50 Гц (Европа, Азия) или 60 Гц (Америка).",
          "label": "Частота (Гц)",
        },
        "kva": {
          "help": "Суммарная мощность от источника питания — векторная сумма кВт и кВАр.",
          "label": "Полная мощность (кВА)",
        },
        "mode": {
          "help": "Выберите, что рассчитывать: cos(φ) из мощностей, составляющие мощности из cos(φ), или конденсатор компенсации.",
          "label": "Режим расчёта",
        },
        "pf": {
          "help": "Отношение активной мощности к полной (от 0 до 1). КМ = 1 означает чисто активную нагрузку.",
          "label": "Коэффициент мощности",
        },
        "reactivePowerKvar": {
          "help": "Мощность, колеблющаяся между источником и нагрузкой (накапливается в катушках/конденсаторах).",
          "label": "Реактивная мощность (кВАр)",
        },
        "realPowerKw": {
          "help": "Реальная полезная мощность, потребляемая нагрузкой.",
          "label": "Активная мощность (кВт)",
        },
        "targetPf": {
          "help": "Желаемый коэффициент мощности после компенсации (должен быть выше текущего).",
          "label": "Целевой коэффициент мощности",
        },
        "voltageV": {
          "help": "Линейное напряжение (или фазное для однофазных систем).",
          "label": "Напряжение системы (В)",
        },
      },
      "keywords": [
        "калькулятор коэффициента мощности",
        "калькулятор кВА кВт кВАр",
        "конденсатор компенсации реактивной мощности",
        "реактивная мощность",
        "полная мощность",
        "калькулятор cos phi",
        "калькулятор электрической мощности",
      ],
      "options": {
        "frequencyHz": {
          "50hz": "50 Гц (Европа / Азия)",
          "60hz": "60 Гц (Америка)",
        },
        "mode": {
          "correction": "Рассчитать конденсатор компенсации cos(φ)",
          "pf_from_power": "Рассчитать cos(φ) из активной и реактивной мощности",
          "power_from_pf": "Рассчитать кВт и кВАр из кВА и cos(φ)",
        },
      },
      "outputs": {
        "apparentPowerKva": {
          "help": "Суммарная мощность, которую должен обеспечить источник: S = √(P² + Q²).",
          "label": "Полная мощность (кВА)",
        },
        "correctionCapacitorMicrofarad": {
          "help": "Необходимая ёмкость: C = Q_кон / (2π × f × V²).",
          "label": "Компенсирующий конденсатор (мкФ)",
        },
        "kvarRequired": {
          "help": "Реактивная мощность, которую должна обеспечить батарея конденсаторов: Q_кон = P × (tan φ1 - tan φ2).",
          "label": "кВАр для компенсации",
        },
        "phaseAngleDeg": {
          "help": "Угол между формами волн напряжения и тока: φ = arccos(КМ).",
          "label": "Угол сдвига фаз (°)",
        },
        "powerFactorPf": {
          "help": "КМ = cos(φ) = P/S. Значения, близкие к 1, свидетельствуют об эффективном использовании электроэнергии.",
          "label": "Коэффициент мощности",
        },
        "reactivePowerKvar": {
          "help": "Непроизводительная мощность для намагничивания индуктивных нагрузок: Q = √(S² - P²).",
          "label": "Реактивная мощность (кВАр)",
        },
        "realPowerKw": {
          "help": "Полезная мощность, совершающая реальную работу.",
          "label": "Активная мощность (кВт)",
        },
      },
      "short": "Рассчитайте коэффициент мощности, кВА, кВАр и конденсатор для компенсации в AC-системах.",
      "title": "Калькулятор коэффициента мощности",
    },
    "tr": {
      "description": "Ücretsiz güç faktörü hesaplayıcı. Gerçek ve reaktif güçten GF hesaplayın, kVA ve GF'den kW/kVAR bulun veya güç faktörü düzeltmesi için gereken kondansatörü hesaplayın.",
      "errors": {
        "invalidMode": "Lütfen geçerli bir hesaplama modu seçin.",
        "targetPfTooLow": "Hedef GF, mevcut GF'den yüksek olmalıdır.",
      },
      "faq": [
        {
          "a": "Güç faktörü (GF), gerçek gücün (kW) görünür güce (kVA) oranıdır. GF=1 tüm sağlanan gücün faydalı iş yaptığı anlamına gelir; düşük GF, kaynaktan önemli miktarda reaktif akım çekildiği anlamına gelir.",
          "q": "Güç faktörü nedir?",
        },
        {
          "a": "Düşük güç faktörlü müşterilerden ek ücret alınır; çünkü reaktif akım, faydalı iş yapmadan kablo ve transformatörlerde kayıplara neden olur. Kondansatörlerle GF'yi iyileştirmek elektrik faturalarını ve ekipman boyutunu azaltır.",
          "q": "Güç faktörü neden önemlidir?",
        },
        {
          "a": "İndüktif yükler (motorlar, transformatörler) reaktif güç emer (geciken GF). Kondansatörler reaktif gücü yerel olarak sağlayarak şebekeden çekilen reaktif akımı azaltır.",
          "q": "Güç faktörü düzeltmesi nasıl çalışır?",
        },
      ],
      "inputs": {
        "currentPf": {
          "help": "Düzeltmeden önce tesisin mevcut güç faktörü.",
          "label": "Mevcut Güç Faktörü",
        },
        "frequencyHz": {
          "help": "Besleme frekansı: 50Hz (Avrupa, Asya) veya 60Hz (Amerika).",
          "label": "Frekans (Hz)",
        },
        "kva": {
          "help": "Kaynaktan çekilen toplam güç — kW ve kVAR'ın vektör toplamı.",
          "label": "Görünür Güç (kVA)",
        },
        "mode": {
          "help": "Hesaplamak istediğinizi seçin: güç değerlerinden GF, GF'den güç bileşenleri veya düzeltme kondansatörü.",
          "label": "Hesaplama Modu",
        },
        "pf": {
          "help": "Gerçek gücün görünür güce oranı (0-1). GF=1 saf dirençli yük anlamına gelir.",
          "label": "Güç Faktörü",
        },
        "reactivePowerKvar": {
          "help": "Kaynak ve yük arasında salınan güç (indüktörler/kondansatörlerde depolanan).",
          "label": "Reaktif Güç (kVAR)",
        },
        "realPowerKw": {
          "help": "Yük tarafından tüketilen gerçek faydalı güç. Aktif güç olarak da bilinir.",
          "label": "Gerçek Güç (kW)",
        },
        "targetPf": {
          "help": "Kondansatör düzeltmesinden sonra istenen güç faktörü (mevcut GF'den yüksek olmalı).",
          "label": "Hedef Güç Faktörü",
        },
        "voltageV": {
          "help": "Faz-faz (veya tek fazlı sistemler için faz-nötr) besleme gerilimi.",
          "label": "Sistem Gerilimi (V)",
        },
      },
      "keywords": [
        "güç faktörü hesaplayıcı",
        "kVA kW kVAR hesaplayıcı",
        "güç faktörü düzeltme kondansatörü",
        "reaktif güç",
        "görünür güç",
        "cos phi hesaplayıcı",
        "elektrik güç hesaplayıcı",
      ],
      "options": {
        "frequencyHz": {
          "50hz": "50 Hz (Avrupa / Asya)",
          "60hz": "60 Hz (Amerika)",
        },
        "mode": {
          "correction": "GF düzeltme kondansatörünü hesapla",
          "pf_from_power": "Gerçek ve reaktif güçten GF hesapla",
          "power_from_pf": "kVA ve GF'den kW ve kVAR hesapla",
        },
      },
      "outputs": {
        "apparentPowerKva": {
          "help": "Kaynağın sağlaması gereken toplam güç: S = √(P² + Q²).",
          "label": "Görünür Güç (kVA)",
        },
        "correctionCapacitorMicrofarad": {
          "help": "GF'yi iyileştirmek için gereken kapasitans: C = Q_kap / (2π × f × V²).",
          "label": "Düzeltme Kondansatörü (µF)",
        },
        "kvarRequired": {
          "help": "Kondansatör bankasının sağlaması gereken reaktif güç: Q_kap = P × (tan φ1 - tan φ2).",
          "label": "Düzeltme için Gereken kVAR",
        },
        "phaseAngleDeg": {
          "help": "Gerilim ve akım dalgaları arasındaki açı: φ = arccos(GF).",
          "label": "Faz Açısı (°)",
        },
        "powerFactorPf": {
          "help": "GF = cos(φ) = P/S. 1'e yakın değerler elektrik kaynağının verimli kullanıldığını gösterir.",
          "label": "Güç Faktörü",
        },
        "reactivePowerKvar": {
          "help": "İndüktif yükleri mıknatıslayan iş yapmayan güç: Q = √(S² - P²).",
          "label": "Reaktif Güç (kVAR)",
        },
        "realPowerKw": {
          "help": "Gerçek faydalı güç (ısıtır, döndürür, aydınlatır).",
          "label": "Gerçek Güç (kW)",
        },
      },
      "short": "AC elektrik sistemleri için güç faktörü, kVA, kVAR ve düzeltme kondansatörü hesaplayın.",
      "title": "Güç Faktörü Hesaplayıcı",
    },
    "zh": {
      "description": "免费功率因数计算器。从有功和无功功率计算功率因数，从kVA和功率因数求kW和kVAR，或计算功率因数校正所需电容。",
      "errors": {
        "invalidMode": "请选择有效的计算模式。",
        "targetPfTooLow": "目标功率因数必须高于当前功率因数。",
      },
      "faq": [
        {
          "a": "功率因数（PF）是有功功率（kW）与视在功率（kVA）的比值。功率因数1.0表示所有供电都做有用功。",
          "q": "什么是功率因数？",
        },
        {
          "a": "电力公司对低功率因数工业用户收取额外费用，因为无功电流在导线中流动而不做有用功。用电容改善功率因数可降低电费和设备尺寸。",
          "q": "为什么功率因数重要？",
        },
        {
          "a": "感性负载（电机、变压器）吸收无功功率。电容器就地提供无功功率，减少从电网取用的无功电流，净效果是电网看到更高的功率因数。",
          "q": "功率因数校正如何工作？",
        },
      ],
      "inputs": {
        "currentPf": {
          "help": "校正前装置的现有功率因数。",
          "label": "当前功率因数",
        },
        "frequencyHz": {
          "help": "电源频率：50Hz（欧洲、亚洲）或60Hz（美洲）。",
          "label": "频率（Hz）",
        },
        "kva": {
          "help": "从电源取用的总功率——kW和kVAR的向量和。",
          "label": "视在功率（kVA）",
        },
        "mode": {
          "help": "选择计算内容：从功率值求功率因数、从功率因数求功率分量，或计算校正电容。",
          "label": "计算模式",
        },
        "pf": {
          "help": "有功功率与视在功率之比（0到1）。功率因数=1表示纯电阻负载。",
          "label": "功率因数",
        },
        "reactivePowerKvar": {
          "help": "在电源和负载之间振荡的功率（储存在电感/电容中）。",
          "label": "无功功率（kVAR）",
        },
        "realPowerKw": {
          "help": "负载实际消耗的有用功率，也称主动功率。",
          "label": "有功功率（kW）",
        },
        "targetPf": {
          "help": "电容校正后期望的功率因数（必须高于当前功率因数）。",
          "label": "目标功率因数",
        },
        "voltageV": {
          "help": "线间电压（单相系统为线对地电压）。",
          "label": "系统电压（V）",
        },
      },
      "keywords": [
        "功率因数计算器",
        "kVA kW kVAR计算器",
        "功率因数校正电容",
        "无功功率",
        "视在功率",
        "cos phi计算器",
        "电力计算器",
      ],
      "options": {
        "frequencyHz": {
          "50hz": "50 Hz（欧洲/亚洲）",
          "60hz": "60 Hz（美洲）",
        },
        "mode": {
          "correction": "计算功率因数校正电容",
          "pf_from_power": "从有功和无功功率计算功率因数",
          "power_from_pf": "从kVA和功率因数计算kW和kVAR",
        },
      },
      "outputs": {
        "apparentPowerKva": {
          "help": "电源必须提供的总功率：S = √(P² + Q²)。",
          "label": "视在功率（kVA）",
        },
        "correctionCapacitorMicrofarad": {
          "help": "提高功率因数所需的电容：C = Q_cap / (2π × f × V²)。",
          "label": "校正电容（µF）",
        },
        "kvarRequired": {
          "help": "电容器组须提供的无功功率：Q_cap = P × (tan φ1 - tan φ2)。",
          "label": "校正所需kVAR",
        },
        "phaseAngleDeg": {
          "help": "电压和电流波形之间的角度：φ = arccos(功率因数)。",
          "label": "相位角（°）",
        },
        "powerFactorPf": {
          "help": "功率因数 = cos(φ) = P/S。接近1的值表示电源利用效率高。",
          "label": "功率因数",
        },
        "reactivePowerKvar": {
          "help": "磁化感性负载的非做功功率：Q = √(S² - P²)。",
          "label": "无功功率（kVAR）",
        },
        "realPowerKw": {
          "help": "实际做功的有用功率。",
          "label": "有功功率（kW）",
        },
      },
      "short": "计算交流系统的功率因数、kVA、kVAR和校正电容。",
      "title": "功率因数计算器",
    },
  },
  "icon": Any<String>,
  "inputSchema": ZodEffects {
    "_def": {
      "effect": {
        "refinement": [Function],
        "type": "refinement",
      },
      "schema": ZodObject {
        "_cached": {
          "keys": [
            "mode",
            "realPowerKw",
            "reactivePowerKvar",
            "kva",
            "pf",
            "currentPf",
            "targetPf",
            "voltageV",
            "frequencyHz",
          ],
          "shape": {
            "currentPf": ZodOptional {
              "_def": {
                "description": undefined,
                "errorMap": [Function],
                "innerType": ZodNumber {
                  "_def": {
                    "checks": [
                      {
                        "inclusive": true,
                        "kind": "min",
                        "message": undefined,
                        "value": 0.01,
                      },
                      {
                        "inclusive": true,
                        "kind": "max",
                        "message": undefined,
                        "value": 1,
                      },
                    ],
                    "coerce": false,
                    "typeName": "ZodNumber",
                  },
                  "and": [Function],
                  "array": [Function],
                  "brand": [Function],
                  "catch": [Function],
                  "default": [Function],
                  "describe": [Function],
                  "isNullable": [Function],
                  "isOptional": [Function],
                  "max": [Function],
                  "min": [Function],
                  "nullable": [Function],
                  "nullish": [Function],
                  "optional": [Function],
                  "or": [Function],
                  "parse": [Function],
                  "parseAsync": [Function],
                  "pipe": [Function],
                  "promise": [Function],
                  "readonly": [Function],
                  "refine": [Function],
                  "refinement": [Function],
                  "safeParse": [Function],
                  "safeParseAsync": [Function],
                  "spa": [Function],
                  "step": [Function],
                  "superRefine": [Function],
                  "transform": [Function],
                  "~standard": {
                    "validate": [Function],
                    "vendor": "zod",
                    "version": 1,
                  },
                },
                "typeName": "ZodOptional",
              },
              "and": [Function],
              "array": [Function],
              "brand": [Function],
              "catch": [Function],
              "default": [Function],
              "describe": [Function],
              "isNullable": [Function],
              "isOptional": [Function],
              "nullable": [Function],
              "nullish": [Function],
              "optional": [Function],
              "or": [Function],
              "parse": [Function],
              "parseAsync": [Function],
              "pipe": [Function],
              "promise": [Function],
              "readonly": [Function],
              "refine": [Function],
              "refinement": [Function],
              "safeParse": [Function],
              "safeParseAsync": [Function],
              "spa": [Function],
              "superRefine": [Function],
              "transform": [Function],
              "~standard": {
                "validate": [Function],
                "vendor": "zod",
                "version": 1,
              },
            },
            "frequencyHz": ZodOptional {
              "_def": {
                "description": undefined,
                "errorMap": [Function],
                "innerType": ZodEnum {
                  "_def": {
                    "typeName": "ZodEnum",
                    "values": [
                      "50",
                      "60",
                    ],
                  },
                  "and": [Function],
                  "array": [Function],
                  "brand": [Function],
                  "catch": [Function],
                  "default": [Function],
                  "describe": [Function],
                  "isNullable": [Function],
                  "isOptional": [Function],
                  "nullable": [Function],
                  "nullish": [Function],
                  "optional": [Function],
                  "or": [Function],
                  "parse": [Function],
                  "parseAsync": [Function],
                  "pipe": [Function],
                  "promise": [Function],
                  "readonly": [Function],
                  "refine": [Function],
                  "refinement": [Function],
                  "safeParse": [Function],
                  "safeParseAsync": [Function],
                  "spa": [Function],
                  "superRefine": [Function],
                  "transform": [Function],
                  "~standard": {
                    "validate": [Function],
                    "vendor": "zod",
                    "version": 1,
                  },
                },
                "typeName": "ZodOptional",
              },
              "and": [Function],
              "array": [Function],
              "brand": [Function],
              "catch": [Function],
              "default": [Function],
              "describe": [Function],
              "isNullable": [Function],
              "isOptional": [Function],
              "nullable": [Function],
              "nullish": [Function],
              "optional": [Function],
              "or": [Function],
              "parse": [Function],
              "parseAsync": [Function],
              "pipe": [Function],
              "promise": [Function],
              "readonly": [Function],
              "refine": [Function],
              "refinement": [Function],
              "safeParse": [Function],
              "safeParseAsync": [Function],
              "spa": [Function],
              "superRefine": [Function],
              "transform": [Function],
              "~standard": {
                "validate": [Function],
                "vendor": "zod",
                "version": 1,
              },
            },
            "kva": ZodOptional {
              "_def": {
                "description": undefined,
                "errorMap": [Function],
                "innerType": ZodNumber {
                  "_def": {
                    "checks": [
                      {
                        "inclusive": true,
                        "kind": "min",
                        "message": undefined,
                        "value": 0,
                      },
                      {
                        "inclusive": true,
                        "kind": "max",
                        "message": undefined,
                        "value": 1000000,
                      },
                    ],
                    "coerce": false,
                    "typeName": "ZodNumber",
                  },
                  "and": [Function],
                  "array": [Function],
                  "brand": [Function],
                  "catch": [Function],
                  "default": [Function],
                  "describe": [Function],
                  "isNullable": [Function],
                  "isOptional": [Function],
                  "max": [Function],
                  "min": [Function],
                  "nullable": [Function],
                  "nullish": [Function],
                  "optional": [Function],
                  "or": [Function],
                  "parse": [Function],
                  "parseAsync": [Function],
                  "pipe": [Function],
                  "promise": [Function],
                  "readonly": [Function],
                  "refine": [Function],
                  "refinement": [Function],
                  "safeParse": [Function],
                  "safeParseAsync": [Function],
                  "spa": [Function],
                  "step": [Function],
                  "superRefine": [Function],
                  "transform": [Function],
                  "~standard": {
                    "validate": [Function],
                    "vendor": "zod",
                    "version": 1,
                  },
                },
                "typeName": "ZodOptional",
              },
              "and": [Function],
              "array": [Function],
              "brand": [Function],
              "catch": [Function],
              "default": [Function],
              "describe": [Function],
              "isNullable": [Function],
              "isOptional": [Function],
              "nullable": [Function],
              "nullish": [Function],
              "optional": [Function],
              "or": [Function],
              "parse": [Function],
              "parseAsync": [Function],
              "pipe": [Function],
              "promise": [Function],
              "readonly": [Function],
              "refine": [Function],
              "refinement": [Function],
              "safeParse": [Function],
              "safeParseAsync": [Function],
              "spa": [Function],
              "superRefine": [Function],
              "transform": [Function],
              "~standard": {
                "validate": [Function],
                "vendor": "zod",
                "version": 1,
              },
            },
            "mode": ZodEnum {
              "_cache": Set {
                "pf_from_power",
                "power_from_pf",
                "correction",
              },
              "_def": {
                "typeName": "ZodEnum",
                "values": [
                  "pf_from_power",
                  "power_from_pf",
                  "correction",
                ],
              },
              "and": [Function],
              "array": [Function],
              "brand": [Function],
              "catch": [Function],
              "default": [Function],
              "describe": [Function],
              "isNullable": [Function],
              "isOptional": [Function],
              "nullable": [Function],
              "nullish": [Function],
              "optional": [Function],
              "or": [Function],
              "parse": [Function],
              "parseAsync": [Function],
              "pipe": [Function],
              "promise": [Function],
              "readonly": [Function],
              "refine": [Function],
              "refinement": [Function],
              "safeParse": [Function],
              "safeParseAsync": [Function],
              "spa": [Function],
              "superRefine": [Function],
              "transform": [Function],
              "~standard": {
                "validate": [Function],
                "vendor": "zod",
                "version": 1,
              },
            },
            "pf": ZodOptional {
              "_def": {
                "description": undefined,
                "errorMap": [Function],
                "innerType": ZodNumber {
                  "_def": {
                    "checks": [
                      {
                        "inclusive": true,
                        "kind": "min",
                        "message": undefined,
                        "value": 0.01,
                      },
                      {
                        "inclusive": true,
                        "kind": "max",
                        "message": undefined,
                        "value": 1,
                      },
                    ],
                    "coerce": false,
                    "typeName": "ZodNumber",
                  },
                  "and": [Function],
                  "array": [Function],
                  "brand": [Function],
                  "catch": [Function],
                  "default": [Function],
                  "describe": [Function],
                  "isNullable": [Function],
                  "isOptional": [Function],
                  "max": [Function],
                  "min": [Function],
                  "nullable": [Function],
                  "nullish": [Function],
                  "optional": [Function],
                  "or": [Function],
                  "parse": [Function],
                  "parseAsync": [Function],
                  "pipe": [Function],
                  "promise": [Function],
                  "readonly": [Function],
                  "refine": [Function],
                  "refinement": [Function],
                  "safeParse": [Function],
                  "safeParseAsync": [Function],
                  "spa": [Function],
                  "step": [Function],
                  "superRefine": [Function],
                  "transform": [Function],
                  "~standard": {
                    "validate": [Function],
                    "vendor": "zod",
                    "version": 1,
                  },
                },
                "typeName": "ZodOptional",
              },
              "and": [Function],
              "array": [Function],
              "brand": [Function],
              "catch": [Function],
              "default": [Function],
              "describe": [Function],
              "isNullable": [Function],
              "isOptional": [Function],
              "nullable": [Function],
              "nullish": [Function],
              "optional": [Function],
              "or": [Function],
              "parse": [Function],
              "parseAsync": [Function],
              "pipe": [Function],
              "promise": [Function],
              "readonly": [Function],
              "refine": [Function],
              "refinement": [Function],
              "safeParse": [Function],
              "safeParseAsync": [Function],
              "spa": [Function],
              "superRefine": [Function],
              "transform": [Function],
              "~standard": {
                "validate": [Function],
                "vendor": "zod",
                "version": 1,
              },
            },
            "reactivePowerKvar": ZodOptional {
              "_def": {
                "description": undefined,
                "errorMap": [Function],
                "innerType": ZodNumber {
                  "_def": {
                    "checks": [
                      {
                        "inclusive": true,
                        "kind": "min",
                        "message": undefined,
                        "value": -1000000,
                      },
                      {
                        "inclusive": true,
                        "kind": "max",
                        "message": undefined,
                        "value": 1000000,
                      },
                    ],
                    "coerce": false,
                    "typeName": "ZodNumber",
                  },
                  "and": [Function],
                  "array": [Function],
                  "brand": [Function],
                  "catch": [Function],
                  "default": [Function],
                  "describe": [Function],
                  "isNullable": [Function],
                  "isOptional": [Function],
                  "max": [Function],
                  "min": [Function],
                  "nullable": [Function],
                  "nullish": [Function],
                  "optional": [Function],
                  "or": [Function],
                  "parse": [Function],
                  "parseAsync": [Function],
                  "pipe": [Function],
                  "promise": [Function],
                  "readonly": [Function],
                  "refine": [Function],
                  "refinement": [Function],
                  "safeParse": [Function],
                  "safeParseAsync": [Function],
                  "spa": [Function],
                  "step": [Function],
                  "superRefine": [Function],
                  "transform": [Function],
                  "~standard": {
                    "validate": [Function],
                    "vendor": "zod",
                    "version": 1,
                  },
                },
                "typeName": "ZodOptional",
              },
              "and": [Function],
              "array": [Function],
              "brand": [Function],
              "catch": [Function],
              "default": [Function],
              "describe": [Function],
              "isNullable": [Function],
              "isOptional": [Function],
              "nullable": [Function],
              "nullish": [Function],
              "optional": [Function],
              "or": [Function],
              "parse": [Function],
              "parseAsync": [Function],
              "pipe": [Function],
              "promise": [Function],
              "readonly": [Function],
              "refine": [Function],
              "refinement": [Function],
              "safeParse": [Function],
              "safeParseAsync": [Function],
              "spa": [Function],
              "superRefine": [Function],
              "transform": [Function],
              "~standard": {
                "validate": [Function],
                "vendor": "zod",
                "version": 1,
              },
            },
            "realPowerKw": ZodOptional {
              "_def": {
                "description": undefined,
                "errorMap": [Function],
                "innerType": ZodNumber {
                  "_def": {
                    "checks": [
                      {
                        "inclusive": true,
                        "kind": "min",
                        "message": undefined,
                        "value": 0,
                      },
                      {
                        "inclusive": true,
                        "kind": "max",
                        "message": undefined,
                        "value": 1000000,
                      },
                    ],
                    "coerce": false,
                    "typeName": "ZodNumber",
                  },
                  "and": [Function],
                  "array": [Function],
                  "brand": [Function],
                  "catch": [Function],
                  "default": [Function],
                  "describe": [Function],
                  "isNullable": [Function],
                  "isOptional": [Function],
                  "max": [Function],
                  "min": [Function],
                  "nullable": [Function],
                  "nullish": [Function],
                  "optional": [Function],
                  "or": [Function],
                  "parse": [Function],
                  "parseAsync": [Function],
                  "pipe": [Function],
                  "promise": [Function],
                  "readonly": [Function],
                  "refine": [Function],
                  "refinement": [Function],
                  "safeParse": [Function],
                  "safeParseAsync": [Function],
                  "spa": [Function],
                  "step": [Function],
                  "superRefine": [Function],
                  "transform": [Function],
                  "~standard": {
                    "validate": [Function],
                    "vendor": "zod",
                    "version": 1,
                  },
                },
                "typeName": "ZodOptional",
              },
              "and": [Function],
              "array": [Function],
              "brand": [Function],
              "catch": [Function],
              "default": [Function],
              "describe": [Function],
              "isNullable": [Function],
              "isOptional": [Function],
              "nullable": [Function],
              "nullish": [Function],
              "optional": [Function],
              "or": [Function],
              "parse": [Function],
              "parseAsync": [Function],
              "pipe": [Function],
              "promise": [Function],
              "readonly": [Function],
              "refine": [Function],
              "refinement": [Function],
              "safeParse": [Function],
              "safeParseAsync": [Function],
              "spa": [Function],
              "superRefine": [Function],
              "transform": [Function],
              "~standard": {
                "validate": [Function],
                "vendor": "zod",
                "version": 1,
              },
            },
            "targetPf": ZodOptional {
              "_def": {
                "description": undefined,
                "errorMap": [Function],
                "innerType": ZodNumber {
                  "_def": {
                    "checks": [
                      {
                        "inclusive": true,
                        "kind": "min",
                        "message": undefined,
                        "value": 0.01,
                      },
                      {
                        "inclusive": true,
                        "kind": "max",
                        "message": undefined,
                        "value": 1,
                      },
                    ],
                    "coerce": false,
                    "typeName": "ZodNumber",
                  },
                  "and": [Function],
                  "array": [Function],
                  "brand": [Function],
                  "catch": [Function],
                  "default": [Function],
                  "describe": [Function],
                  "isNullable": [Function],
                  "isOptional": [Function],
                  "max": [Function],
                  "min": [Function],
                  "nullable": [Function],
                  "nullish": [Function],
                  "optional": [Function],
                  "or": [Function],
                  "parse": [Function],
                  "parseAsync": [Function],
                  "pipe": [Function],
                  "promise": [Function],
                  "readonly": [Function],
                  "refine": [Function],
                  "refinement": [Function],
                  "safeParse": [Function],
                  "safeParseAsync": [Function],
                  "spa": [Function],
                  "step": [Function],
                  "superRefine": [Function],
                  "transform": [Function],
                  "~standard": {
                    "validate": [Function],
                    "vendor": "zod",
                    "version": 1,
                  },
                },
                "typeName": "ZodOptional",
              },
              "and": [Function],
              "array": [Function],
              "brand": [Function],
              "catch": [Function],
              "default": [Function],
              "describe": [Function],
              "isNullable": [Function],
              "isOptional": [Function],
              "nullable": [Function],
              "nullish": [Function],
              "optional": [Function],
              "or": [Function],
              "parse": [Function],
              "parseAsync": [Function],
              "pipe": [Function],
              "promise": [Function],
              "readonly": [Function],
              "refine": [Function],
              "refinement": [Function],
              "safeParse": [Function],
              "safeParseAsync": [Function],
              "spa": [Function],
              "superRefine": [Function],
              "transform": [Function],
              "~standard": {
                "validate": [Function],
                "vendor": "zod",
                "version": 1,
              },
            },
            "voltageV": ZodOptional {
              "_def": {
                "description": undefined,
                "errorMap": [Function],
                "innerType": ZodNumber {
                  "_def": {
                    "checks": [
                      {
                        "inclusive": true,
                        "kind": "min",
                        "message": undefined,
                        "value": 100,
                      },
                      {
                        "inclusive": true,
                        "kind": "max",
                        "message": undefined,
                        "value": 13800,
                      },
                    ],
                    "coerce": false,
                    "typeName": "ZodNumber",
                  },
                  "and": [Function],
                  "array": [Function],
                  "brand": [Function],
                  "catch": [Function],
                  "default": [Function],
                  "describe": [Function],
                  "isNullable": [Function],
                  "isOptional": [Function],
                  "max": [Function],
                  "min": [Function],
                  "nullable": [Function],
                  "nullish": [Function],
                  "optional": [Function],
                  "or": [Function],
                  "parse": [Function],
                  "parseAsync": [Function],
                  "pipe": [Function],
                  "promise": [Function],
                  "readonly": [Function],
                  "refine": [Function],
                  "refinement": [Function],
                  "safeParse": [Function],
                  "safeParseAsync": [Function],
                  "spa": [Function],
                  "step": [Function],
                  "superRefine": [Function],
                  "transform": [Function],
                  "~standard": {
                    "validate": [Function],
                    "vendor": "zod",
                    "version": 1,
                  },
                },
                "typeName": "ZodOptional",
              },
              "and": [Function],
              "array": [Function],
              "brand": [Function],
              "catch": [Function],
              "default": [Function],
              "describe": [Function],
              "isNullable": [Function],
              "isOptional": [Function],
              "nullable": [Function],
              "nullish": [Function],
              "optional": [Function],
              "or": [Function],
              "parse": [Function],
              "parseAsync": [Function],
              "pipe": [Function],
              "promise": [Function],
              "readonly": [Function],
              "refine": [Function],
              "refinement": [Function],
              "safeParse": [Function],
              "safeParseAsync": [Function],
              "spa": [Function],
              "superRefine": [Function],
              "transform": [Function],
              "~standard": {
                "validate": [Function],
                "vendor": "zod",
                "version": 1,
              },
            },
          },
        },
        "_def": {
          "catchall": ZodNever {
            "_def": {
              "typeName": "ZodNever",
            },
            "and": [Function],
            "array": [Function],
            "brand": [Function],
            "catch": [Function],
            "default": [Function],
            "describe": [Function],
            "isNullable": [Function],
            "isOptional": [Function],
            "nullable": [Function],
            "nullish": [Function],
            "optional": [Function],
            "or": [Function],
            "parse": [Function],
            "parseAsync": [Function],
            "pipe": [Function],
            "promise": [Function],
            "readonly": [Function],
            "refine": [Function],
            "refinement": [Function],
            "safeParse": [Function],
            "safeParseAsync": [Function],
            "spa": [Function],
            "superRefine": [Function],
            "transform": [Function],
            "~standard": {
              "validate": [Function],
              "vendor": "zod",
              "version": 1,
            },
          },
          "shape": [Function],
          "typeName": "ZodObject",
          "unknownKeys": "strip",
        },
        "and": [Function],
        "array": [Function],
        "augment": [Function],
        "brand": [Function],
        "catch": [Function],
        "default": [Function],
        "describe": [Function],
        "isNullable": [Function],
        "isOptional": [Function],
        "nonstrict": [Function],
        "nullable": [Function],
        "nullish": [Function],
        "optional": [Function],
        "or": [Function],
        "parse": [Function],
        "parseAsync": [Function],
        "pipe": [Function],
        "promise": [Function],
        "readonly": [Function],
        "refine": [Function],
        "refinement": [Function],
        "safeParse": [Function],
        "safeParseAsync": [Function],
        "spa": [Function],
        "superRefine": [Function],
        "transform": [Function],
        "~standard": {
          "validate": [Function],
          "vendor": "zod",
          "version": 1,
        },
      },
      "typeName": "ZodEffects",
    },
    "and": [Function],
    "array": [Function],
    "brand": [Function],
    "catch": [Function],
    "default": [Function],
    "describe": [Function],
    "isNullable": [Function],
    "isOptional": [Function],
    "nullable": [Function],
    "nullish": [Function],
    "optional": [Function],
    "or": [Function],
    "parse": [Function],
    "parseAsync": [Function],
    "pipe": [Function],
    "promise": [Function],
    "readonly": [Function],
    "refine": [Function],
    "refinement": [Function],
    "safeParse": [Function],
    "safeParseAsync": [Function],
    "spa": [Function],
    "superRefine": [Function],
    "transform": [Function],
    "~standard": {
      "validate": [Function],
      "vendor": "zod",
      "version": 1,
    },
  },
  "inputs": [
    {
      "defaultValue": "pf_from_power",
      "id": "mode",
      "required": true,
      "type": {
        "kind": "select",
        "options": [
          {
            "i18nKey": "pf_from_power",
            "value": "pf_from_power",
          },
          {
            "i18nKey": "power_from_pf",
            "value": "power_from_pf",
          },
          {
            "i18nKey": "correction",
            "value": "correction",
          },
        ],
      },
    },
    {
      "defaultValue": 75,
      "id": "realPowerKw",
      "required": false,
      "type": {
        "kind": "number",
        "max": 1000000,
        "min": 0,
        "step": 0.1,
        "unit": "kw",
      },
    },
    {
      "defaultValue": 50,
      "id": "reactivePowerKvar",
      "required": false,
      "type": {
        "kind": "number",
        "max": 1000000,
        "min": -1000000,
        "step": 0.1,
      },
    },
    {
      "defaultValue": 100,
      "id": "kva",
      "required": false,
      "type": {
        "kind": "number",
        "max": 1000000,
        "min": 0,
        "step": 0.1,
      },
    },
    {
      "defaultValue": 0.85,
      "id": "pf",
      "required": false,
      "type": {
        "kind": "number",
        "max": 1,
        "min": 0.01,
        "step": 0.01,
        "unit": "ratio",
      },
    },
    {
      "defaultValue": 0.7,
      "id": "currentPf",
      "required": false,
      "type": {
        "kind": "number",
        "max": 1,
        "min": 0.01,
        "step": 0.01,
        "unit": "ratio",
      },
    },
    {
      "defaultValue": 0.95,
      "id": "targetPf",
      "required": false,
      "type": {
        "kind": "number",
        "max": 1,
        "min": 0.01,
        "step": 0.01,
        "unit": "ratio",
      },
    },
    {
      "defaultValue": 230,
      "id": "voltageV",
      "required": false,
      "type": {
        "kind": "number",
        "max": 13800,
        "min": 100,
        "step": 1,
        "unit": "volt",
      },
    },
    {
      "defaultValue": "50",
      "id": "frequencyHz",
      "required": false,
      "type": {
        "kind": "select",
        "options": [
          {
            "i18nKey": "50hz",
            "value": "50",
          },
          {
            "i18nKey": "60hz",
            "value": "60",
          },
        ],
      },
    },
  ],
  "meta": {
    "disclaimer": "Power factor correction values assume linear loads and fundamental frequency. Harmonics from non-linear loads (VFDs, UPS, etc.) require specialized harmonic analysis.",
    "formulaLatex": "PF = \\cos(\\phi) = \\frac{P}{S},\\quad Q_{cap} = P(\\tan\\phi_1 - \\tan\\phi_2)",
    "references": [
      {
        "authority": "Institute of Electrical and Electronics Engineers (IEEE)",
        "title": "IEEE Standard for Power Factor and Reactive Power",
        "url": "https://standards.ieee.org/ieee/1459/3388/",
      },
      {
        "authority": "International Electrotechnical Commission (IEC)",
        "title": "IEC 61000-3-2 — Limits for Harmonic Current Emissions",
        "url": "https://www.iec.ch/",
      },
    ],
  },
  "outputs": [
    {
      "format": "number",
      "highlight": true,
      "id": "powerFactorPf",
      "precision": 3,
      "unit": "ratio",
    },
    {
      "format": "number",
      "id": "realPowerKw",
      "precision": 2,
      "unit": "kw",
    },
    {
      "format": "number",
      "id": "apparentPowerKva",
      "precision": 2,
    },
    {
      "format": "number",
      "id": "reactivePowerKvar",
      "precision": 2,
    },
    {
      "format": "number",
      "id": "phaseAngleDeg",
      "precision": 1,
    },
    {
      "format": "number",
      "id": "correctionCapacitorMicrofarad",
      "precision": 1,
    },
    {
      "format": "number",
      "id": "kvarRequired",
      "precision": 2,
    },
  ],
  "priority": Any<String>,
  "related": [
    "ohms-law",
    "wire-gauge",
    "led-resistor",
  ],
  "slug": Any<String>,
  "tags": [
    "power factor",
    "kVA",
    "kVAR",
    "reactive power",
    "capacitor",
    "electrical",
  ],
}
`;
