// Vitest Snapshot v1, https://vitest.dev/guide/snapshot.html

exports[`Concrete definition — shape snapshot > snapshot matches 1`] = `
{
  "category": Any<String>,
  "compute": [Function],
  "i18n": {
    "ar": {
      "description": "حاسبة مجانية لحجم الخرسانة لمشاريع البناء. أدخل أبعاد البلاطات أو الأعمدة أو الأسطوانات أو الأساسات للحصول على الحجم بالمتر المكعب والياردة المكعبة وعدد أكياس الإسمنت اللازمة.",
      "errors": {
        "missingDimensions": "يرجى توفير جميع الأبعاد المطلوبة للشكل المحدد.",
      },
      "faq": [
        {
          "a": "لخلط 1:2:3 المعياري، تُحتاج نحو 8 أكياس بوزن 40 كجم لكل متر مكعب من الخرسانة. أضف 5–10% للهدر.",
          "q": "كم عدد أكياس الإسمنت لكل متر مكعب؟",
        },
      ],
      "inputs": {
        "diameter": {
          "help": "قطر العنصر الأسطواني (م أو قدم).",
          "label": "القطر",
        },
        "height": {
          "help": "ارتفاع العمود أو الأسطوانة (م أو قدم).",
          "label": "الارتفاع",
        },
        "length": {
          "help": "طول العنصر (م أو قدم).",
          "label": "الطول",
        },
        "shape": {
          "help": "اختر نوع العنصر الخرساني.",
          "label": "الشكل",
        },
        "thickness": {
          "help": "سُمك البلاطة أو عمق الأساس (م أو قدم).",
          "label": "السُّمك / العمق",
        },
        "unit": {
          "help": "متري (متر) أو إمبراطوري (قدم).",
          "label": "نظام الوحدات",
        },
        "width": {
          "help": "عرض العنصر (م أو قدم).",
          "label": "العرض",
        },
      },
      "keywords": [
        "حاسبة حجم الخرسانة",
        "حاسبة أكياس الإسمنت",
        "حسابات البناء",
        "حجم البلاطة الخرسانية",
      ],
      "options": {
        "shape": {
          "column": "عمود مستطيل",
          "cylinder": "أسطوانة / عمود دائري",
          "footing": "أساس (مستطيل)",
          "slab": "بلاطة",
        },
        "unit": {
          "imperial": "إمبراطوري (قدم)",
          "metric": "متري (م)",
        },
      },
      "outputs": {
        "bags40kg": {
          "help": "العدد التقديري من أكياس الإسمنت 40 كجم (خلط 1:2:3).",
          "label": "أكياس 40 كجم",
        },
        "bags60lb": {
          "help": "العدد التقديري من أكياس 60 رطل (المعيار الأمريكي).",
          "label": "أكياس 60 رطل",
        },
        "volumeM3": {
          "help": "حجم الخرسانة بالمتر المكعب.",
          "label": "الحجم (م³)",
        },
        "volumeYd3": {
          "help": "حجم الخرسانة بالياردة المكعبة.",
          "label": "الحجم (yd³)",
        },
      },
      "short": "احسب حجم الخرسانة وعدد أكياس الإسمنت للبلاطات والأعمدة والأسطوانات والأساسات.",
      "title": "حاسبة حجم الخرسانة",
    },
    "de": {
      "description": "Kostenloser Betonvolumen-Rechner für Bauprojekte. Geben Sie die Maße für Platten, Stützen, Zylinder oder Fundamente ein und erhalten Sie das Betonvolumen in m³ und yd³ sowie die benötigte Anzahl Zementsäcke.",
      "errors": {
        "missingDimensions": "Bitte geben Sie alle erforderlichen Maße für die gewählte Form ein.",
      },
      "faq": [
        {
          "a": "Für eine Standard-1:2:3-Mischung werden ca. 8 Säcke à 40 kg Zement pro Kubikmeter Beton benötigt. Addieren Sie 5–10 % für Verluste.",
          "q": "Wie viele Zementsäcke brauche ich pro m³?",
        },
      ],
      "inputs": {
        "diameter": {
          "help": "Durchmesser des zylindrischen Elements (m oder ft).",
          "label": "Durchmesser",
        },
        "height": {
          "help": "Höhe der Stütze oder des Zylinders (m oder ft).",
          "label": "Höhe",
        },
        "length": {
          "help": "Länge des Elements (m oder ft).",
          "label": "Länge",
        },
        "shape": {
          "help": "Wählen Sie den Betonelement-Typ.",
          "label": "Form",
        },
        "thickness": {
          "help": "Plattendicke oder Fundamenttiefe (m oder ft).",
          "label": "Dicke / Tiefe",
        },
        "unit": {
          "help": "Metrisch (Meter) oder imperial (Fuß).",
          "label": "Einheitensystem",
        },
        "width": {
          "help": "Breite des Elements (m oder ft).",
          "label": "Breite",
        },
      },
      "keywords": [
        "Betonvolumen Rechner",
        "Zementsäcke Rechner",
        "Betonplatten Rechner",
        "Betonkalkulator",
        "Fundamentbeton",
        "Baurechner",
      ],
      "options": {
        "shape": {
          "column": "Rechteckstütze",
          "cylinder": "Zylinder / Rundstütze",
          "footing": "Fundament (rechteckig)",
          "slab": "Platte",
        },
        "unit": {
          "imperial": "Imperial (ft)",
          "metric": "Metrisch (m)",
        },
      },
      "outputs": {
        "bags40kg": {
          "help": "Geschätzte Anzahl 40-kg-Zementsäcke (1:2:3-Mischung).",
          "label": "40-kg-Säcke",
        },
        "bags60lb": {
          "help": "Geschätzte Anzahl 60-lb-Zementsäcke (US-Standard).",
          "label": "60-lb-Säcke",
        },
        "volumeM3": {
          "help": "Betonvolumen in Kubikmeter.",
          "label": "Volumen (m³)",
        },
        "volumeYd3": {
          "help": "Betonvolumen in Kubikyard.",
          "label": "Volumen (yd³)",
        },
      },
      "short": "Betonvolumen und Zementsäcke für Platten, Stützen, Zylinder und Fundamente berechnen.",
      "title": "Betonvolumen Rechner",
    },
    "en": {
      "description": "Free concrete volume calculator for construction projects. Enter dimensions for slabs, columns, cylinders, or footings and get the concrete volume in m³ and yd³, plus the number of cement bags needed.",
      "errors": {
        "missingDimensions": "Please provide all required dimensions for the selected shape.",
      },
      "faq": [
        {
          "a": "For a standard 1:2:3 mix (cement:sand:aggregate), approximately 8 bags of 40 kg cement are needed per cubic metre of concrete. Always add 5–10% for waste.",
          "q": "How many bags of cement do I need per m³?",
        },
        {
          "a": "Yes. Add at least 5% for small pours and up to 10% for large or complex pours to account for spillage, uneven sub-base, and form irregularities.",
          "q": "Should I add extra concrete for waste?",
        },
        {
          "a": "A 1:2:3 mix contains 1 part cement, 2 parts sand, and 3 parts coarse aggregate by volume or weight. It produces a general-purpose concrete suitable for footings, slabs, and columns.",
          "q": "What is a 1:2:3 concrete mix?",
        },
      ],
      "inputs": {
        "diameter": {
          "help": "Diameter of the cylindrical element (m or ft).",
          "label": "Diameter",
        },
        "height": {
          "help": "Height of the column or cylinder (m or ft).",
          "label": "Height",
        },
        "length": {
          "help": "Length of the element (m or ft).",
          "label": "Length",
        },
        "shape": {
          "help": "Select the concrete element type.",
          "label": "Shape",
        },
        "thickness": {
          "help": "Thickness for slabs or depth for footings (m or ft).",
          "label": "Thickness / Depth",
        },
        "unit": {
          "help": "Metric (metres) or imperial (feet).",
          "label": "Unit system",
        },
        "width": {
          "help": "Width of the element (m or ft).",
          "label": "Width",
        },
      },
      "keywords": [
        "concrete volume calculator",
        "cement bags calculator",
        "concrete slab calculator",
        "concrete footing calculator",
        "concrete column calculator",
        "construction calculator",
        "concrete estimator",
      ],
      "options": {
        "shape": {
          "column": "Rectangular Column",
          "cylinder": "Cylinder / Round Column",
          "footing": "Footing (Rectangular)",
          "slab": "Slab",
        },
        "unit": {
          "imperial": "Imperial (ft)",
          "metric": "Metric (m)",
        },
      },
      "outputs": {
        "bags40kg": {
          "help": "Estimated number of 40 kg cement bags (1:2:3 mix).",
          "label": "40 kg Bags",
        },
        "bags60lb": {
          "help": "Estimated number of 60 lb cement bags (US standard mix).",
          "label": "60 lb Bags",
        },
        "volumeM3": {
          "help": "Concrete volume in cubic metres.",
          "label": "Volume (m³)",
        },
        "volumeYd3": {
          "help": "Concrete volume in cubic yards.",
          "label": "Volume (yd³)",
        },
      },
      "short": "Calculate concrete volume and cement bags for slabs, columns, cylinders, and footings.",
      "title": "Concrete Volume Calculator",
    },
    "es": {
      "description": "Calculadora gratuita de volumen de hormigón para proyectos de construcción. Introduce las dimensiones de losas, columnas, cilindros o cimientos y obtén el volumen en m³ y yd³, más el número de sacos de cemento necesarios.",
      "errors": {
        "missingDimensions": "Proporciona todas las dimensiones requeridas para la forma seleccionada.",
      },
      "faq": [
        {
          "a": "Para una mezcla 1:2:3, se necesitan aproximadamente 8 sacos de 40 kg por metro cúbico de hormigón. Añade un 5–10% para desperdicios.",
          "q": "¿Cuántos sacos de cemento por m³?",
        },
      ],
      "inputs": {
        "diameter": {
          "help": "Diámetro del elemento cilíndrico (m o ft).",
          "label": "Diámetro",
        },
        "height": {
          "help": "Altura de la columna o cilindro (m o ft).",
          "label": "Altura",
        },
        "length": {
          "help": "Longitud del elemento (m o ft).",
          "label": "Longitud",
        },
        "shape": {
          "help": "Selecciona el tipo de elemento de hormigón.",
          "label": "Forma",
        },
        "thickness": {
          "help": "Espesor de la losa o profundidad del cimiento (m o ft).",
          "label": "Espesor / Profundidad",
        },
        "unit": {
          "help": "Métrico (metros) o imperial (pies).",
          "label": "Sistema de unidades",
        },
        "width": {
          "help": "Anchura del elemento (m o ft).",
          "label": "Anchura",
        },
      },
      "keywords": [
        "calculadora hormigón",
        "calculadora sacos cemento",
        "calculadora losa hormigón",
        "calculadora cimentación",
        "estimación hormigón",
      ],
      "options": {
        "shape": {
          "column": "Columna rectangular",
          "cylinder": "Cilindro / Columna redonda",
          "footing": "Cimiento (rectangular)",
          "slab": "Losa",
        },
        "unit": {
          "imperial": "Imperial (ft)",
          "metric": "Métrico (m)",
        },
      },
      "outputs": {
        "bags40kg": {
          "help": "Número estimado de sacos de cemento de 40 kg (mezcla 1:2:3).",
          "label": "Sacos 40 kg",
        },
        "bags60lb": {
          "help": "Número estimado de sacos de cemento de 60 lb (estándar EE.UU.).",
          "label": "Sacos 60 lb",
        },
        "volumeM3": {
          "help": "Volumen de hormigón en metros cúbicos.",
          "label": "Volumen (m³)",
        },
        "volumeYd3": {
          "help": "Volumen de hormigón en yardas cúbicas.",
          "label": "Volumen (yd³)",
        },
      },
      "short": "Calcula el volumen de hormigón y sacos de cemento para losas, columnas, cilindros y cimientos.",
      "title": "Calculadora de Volumen de Hormigón",
    },
    "fr": {
      "description": "Calculateur gratuit de volume de béton pour projets de construction. Entrez les dimensions de dalles, colonnes, cylindres ou semelles et obtenez le volume en m³ et yd³ ainsi que le nombre de sacs de ciment nécessaires.",
      "errors": {
        "missingDimensions": "Veuillez fournir toutes les dimensions requises pour la forme sélectionnée.",
      },
      "faq": [
        {
          "a": "Pour un dosage 1:2:3, environ 8 sacs de 40 kg sont nécessaires par mètre cube de béton. Ajoutez 5 à 10 % pour les pertes.",
          "q": "Combien de sacs de ciment par m³ ?",
        },
      ],
      "inputs": {
        "diameter": {
          "help": "Diamètre de l'élément cylindrique (m ou ft).",
          "label": "Diamètre",
        },
        "height": {
          "help": "Hauteur de la colonne ou du cylindre (m ou ft).",
          "label": "Hauteur",
        },
        "length": {
          "help": "Longueur de l'élément (m ou ft).",
          "label": "Longueur",
        },
        "shape": {
          "help": "Sélectionnez le type d'élément en béton.",
          "label": "Forme",
        },
        "thickness": {
          "help": "Épaisseur de la dalle ou profondeur de la semelle (m ou ft).",
          "label": "Épaisseur / Profondeur",
        },
        "unit": {
          "help": "Métrique (mètres) ou impérial (pieds).",
          "label": "Système d'unités",
        },
        "width": {
          "help": "Largeur de l'élément (m ou ft).",
          "label": "Largeur",
        },
      },
      "keywords": [
        "calculateur béton",
        "calculateur sacs ciment",
        "calculateur dalle béton",
        "calculateur fondation",
        "estimation béton",
      ],
      "options": {
        "shape": {
          "column": "Colonne rectangulaire",
          "cylinder": "Cylindre / Colonne ronde",
          "footing": "Semelle (rectangulaire)",
          "slab": "Dalle",
        },
        "unit": {
          "imperial": "Impérial (ft)",
          "metric": "Métrique (m)",
        },
      },
      "outputs": {
        "bags40kg": {
          "help": "Nombre estimé de sacs de ciment de 40 kg (dosage 1:2:3).",
          "label": "Sacs 40 kg",
        },
        "bags60lb": {
          "help": "Nombre estimé de sacs de ciment de 60 lb (standard US).",
          "label": "Sacs 60 lb",
        },
        "volumeM3": {
          "help": "Volume de béton en mètres cubes.",
          "label": "Volume (m³)",
        },
        "volumeYd3": {
          "help": "Volume de béton en yards cubes.",
          "label": "Volume (yd³)",
        },
      },
      "short": "Calculez le volume de béton et le nombre de sacs de ciment pour dalles, colonnes, cylindres et semelles.",
      "title": "Calculateur Volume de Béton",
    },
    "hi": {
      "description": "निर्माण परियोजनाओं के लिए निःशुल्क कंक्रीट आयतन कैलकुलेटर। स्लैब, कॉलम, सिलेंडर या फुटिंग के आयाम दर्ज करें और m³ और yd³ में कंक्रीट की मात्रा तथा आवश्यक सीमेंट बैग की संख्या प्राप्त करें।",
      "errors": {
        "missingDimensions": "चयनित आकार के लिए सभी आवश्यक आयाम दर्ज करें।",
      },
      "faq": [
        {
          "a": "मानक 1:2:3 मिश्रण के लिए प्रति घन मीटर कंक्रीट में लगभग 8 बैग 40 kg सीमेंट की जरूरत होती है। बर्बादी के लिए 5–10% अतिरिक्त जोड़ें।",
          "q": "1 m³ कंक्रीट के लिए कितने सीमेंट बैग चाहिए?",
        },
      ],
      "inputs": {
        "diameter": {
          "help": "बेलनाकार तत्व का व्यास (m या ft)।",
          "label": "व्यास",
        },
        "height": {
          "help": "कॉलम या सिलेंडर की ऊंचाई (m या ft)।",
          "label": "ऊंचाई",
        },
        "length": {
          "help": "तत्व की लंबाई (m या ft)।",
          "label": "लंबाई",
        },
        "shape": {
          "help": "कंक्रीट तत्व का प्रकार चुनें।",
          "label": "आकार",
        },
        "thickness": {
          "help": "स्लैब की मोटाई या फुटिंग की गहराई (m या ft)।",
          "label": "मोटाई / गहराई",
        },
        "unit": {
          "help": "मेट्रिक (मीटर) या इम्पीरियल (फुट)।",
          "label": "माप प्रणाली",
        },
        "width": {
          "help": "तत्व की चौड़ाई (m या ft)।",
          "label": "चौड़ाई",
        },
      },
      "keywords": [
        "कंक्रीट आयतन कैलकुलेटर",
        "सीमेंट बैग कैलकुलेटर",
        "कंक्रीट स्लैब कैलकुलेटर",
        "निर्माण कैलकुलेटर",
      ],
      "options": {
        "shape": {
          "column": "आयताकार कॉलम",
          "cylinder": "सिलेंडर / गोल कॉलम",
          "footing": "फुटिंग (आयताकार)",
          "slab": "स्लैब",
        },
        "unit": {
          "imperial": "इम्पीरियल (ft)",
          "metric": "मेट्रिक (m)",
        },
      },
      "outputs": {
        "bags40kg": {
          "help": "40 kg सीमेंट बैग की अनुमानित संख्या (1:2:3 मिश्रण)।",
          "label": "40 kg बैग",
        },
        "bags60lb": {
          "help": "60 lb सीमेंट बैग की अनुमानित संख्या (अमेरिकी मानक)।",
          "label": "60 lb बैग",
        },
        "volumeM3": {
          "help": "घन मीटर में कंक्रीट की मात्रा।",
          "label": "आयतन (m³)",
        },
        "volumeYd3": {
          "help": "घन गज में कंक्रीट की मात्रा।",
          "label": "आयतन (yd³)",
        },
      },
      "short": "स्लैब, कॉलम, सिलेंडर और फुटिंग के लिए कंक्रीट की मात्रा और सीमेंट बैग की संख्या गणना करें।",
      "title": "कंक्रीट आयतन कैलकुलेटर",
    },
    "it": {
      "description": "Calcolatore gratuito del volume di calcestruzzo per progetti edilizi. Inserisci le dimensioni di solette, colonne, cilindri o fondamenta e ottieni il volume in m³ e yd³ e il numero di sacchi di cemento necessari.",
      "errors": {
        "missingDimensions": "Inserisci tutte le dimensioni richieste per la forma selezionata.",
      },
      "faq": [
        {
          "a": "Per una miscela 1:2:3, servono circa 8 sacchi da 40 kg per metro cubo di calcestruzzo. Aggiungere il 5–10% per gli scarti.",
          "q": "Quanti sacchi di cemento per m³?",
        },
      ],
      "inputs": {
        "diameter": {
          "help": "Diametro dell'elemento cilindrico (m o ft).",
          "label": "Diametro",
        },
        "height": {
          "help": "Altezza della colonna o del cilindro (m o ft).",
          "label": "Altezza",
        },
        "length": {
          "help": "Lunghezza dell'elemento (m o ft).",
          "label": "Lunghezza",
        },
        "shape": {
          "help": "Seleziona il tipo di elemento in calcestruzzo.",
          "label": "Forma",
        },
        "thickness": {
          "help": "Spessore della soletta o profondità della fondazione (m o ft).",
          "label": "Spessore / Profondità",
        },
        "unit": {
          "help": "Metrico (metri) o imperiale (piedi).",
          "label": "Sistema di unità",
        },
        "width": {
          "help": "Larghezza dell'elemento (m o ft).",
          "label": "Larghezza",
        },
      },
      "keywords": [
        "calcolatore calcestruzzo",
        "calcolatore sacchi cemento",
        "calcolatore soletta",
        "calcolo fondamenta",
        "stima calcestruzzo",
      ],
      "options": {
        "shape": {
          "column": "Colonna rettangolare",
          "cylinder": "Cilindro / Colonna tonda",
          "footing": "Fondazione (rettangolare)",
          "slab": "Soletta",
        },
        "unit": {
          "imperial": "Imperiale (ft)",
          "metric": "Metrico (m)",
        },
      },
      "outputs": {
        "bags40kg": {
          "help": "Numero stimato di sacchi di cemento da 40 kg (mix 1:2:3).",
          "label": "Sacchi 40 kg",
        },
        "bags60lb": {
          "help": "Numero stimato di sacchi da 60 lb (standard USA).",
          "label": "Sacchi 60 lb",
        },
        "volumeM3": {
          "help": "Volume di calcestruzzo in metri cubi.",
          "label": "Volume (m³)",
        },
        "volumeYd3": {
          "help": "Volume di calcestruzzo in yard cubi.",
          "label": "Volume (yd³)",
        },
      },
      "short": "Calcola il volume di calcestruzzo e i sacchi di cemento per solette, colonne, cilindri e fondamenta.",
      "title": "Calcolatore Volume Calcestruzzo",
    },
    "ja": {
      "description": "建設プロジェクト向けの無料コンクリート体積計算機。スラブ、柱、円柱、フーチングの寸法を入力すると、コンクリート量（m³・yd³）と必要なセメント袋数が分かります。",
      "errors": {
        "missingDimensions": "選択した形状に必要なすべての寸法を入力してください。",
      },
      "faq": [
        {
          "a": "1:2:3配合では、1m³のコンクリートに約8袋（40kg）のセメントが必要です。ロスのために5〜10%を追加してください。",
          "q": "1m³あたり何袋のセメントが必要ですか？",
        },
      ],
      "inputs": {
        "diameter": {
          "help": "円筒形部材の直径（mまたはft）。",
          "label": "直径",
        },
        "height": {
          "help": "柱または円柱の高さ（mまたはft）。",
          "label": "高さ",
        },
        "length": {
          "help": "部材の長さ（mまたはft）。",
          "label": "長さ",
        },
        "shape": {
          "help": "コンクリート部材の種類を選択してください。",
          "label": "形状",
        },
        "thickness": {
          "help": "スラブの厚さまたはフーチングの深さ（mまたはft）。",
          "label": "厚さ / 深さ",
        },
        "unit": {
          "help": "メートル法（メートル）またはヤード・ポンド法（フィート）。",
          "label": "単位系",
        },
        "width": {
          "help": "部材の幅（mまたはft）。",
          "label": "幅",
        },
      },
      "keywords": [
        "コンクリート体積計算機",
        "セメント袋数計算",
        "コンクリートスラブ計算",
        "基礎コンクリート計算",
        "建設計算機",
      ],
      "options": {
        "shape": {
          "column": "矩形柱",
          "cylinder": "円柱 / 丸柱",
          "footing": "フーチング（矩形）",
          "slab": "スラブ",
        },
        "unit": {
          "imperial": "ヤード・ポンド法（ft）",
          "metric": "メートル法（m）",
        },
      },
      "outputs": {
        "bags40kg": {
          "help": "必要な40kgセメント袋の推定数（1:2:3配合）。",
          "label": "40kgセメント袋数",
        },
        "bags60lb": {
          "help": "必要な60lb袋の推定数（米国標準）。",
          "label": "60lbセメント袋数",
        },
        "volumeM3": {
          "help": "コンクリート体積（立方メートル）。",
          "label": "体積（m³）",
        },
        "volumeYd3": {
          "help": "コンクリート体積（立方ヤード）。",
          "label": "体積（yd³）",
        },
      },
      "short": "スラブ、柱、円柱、フーチングのコンクリート量とセメント袋数を計算します。",
      "title": "コンクリート体積計算機",
    },
    "ko": {
      "description": "건설 프로젝트를 위한 무료 콘크리트 부피 계산기. 슬래브, 기둥, 원기둥, 기초의 치수를 입력하면 m³ 및 yd³ 단위의 콘크리트 부피와 필요한 시멘트 포대 수를 얻을 수 있습니다.",
      "errors": {
        "missingDimensions": "선택한 형상에 필요한 모든 치수를 입력하세요.",
      },
      "faq": [
        {
          "a": "표준 1:2:3 배합에서는 콘크리트 1세제곱미터당 약 40kg 포대 8개가 필요합니다. 손실을 위해 5–10%를 추가하세요.",
          "q": "1m³당 시멘트 포대가 몇 개 필요한가요?",
        },
      ],
      "inputs": {
        "diameter": {
          "help": "원기둥형 부재의 직경(m 또는 ft).",
          "label": "직경",
        },
        "height": {
          "help": "기둥 또는 원기둥의 높이(m 또는 ft).",
          "label": "높이",
        },
        "length": {
          "help": "부재의 길이(m 또는 ft).",
          "label": "길이",
        },
        "shape": {
          "help": "콘크리트 부재 유형을 선택하세요.",
          "label": "형상",
        },
        "thickness": {
          "help": "슬래브 두께 또는 기초 깊이(m 또는 ft).",
          "label": "두께 / 깊이",
        },
        "unit": {
          "help": "미터법(미터) 또는 야드파운드법(피트).",
          "label": "단위 시스템",
        },
        "width": {
          "help": "부재의 너비(m 또는 ft).",
          "label": "너비",
        },
      },
      "keywords": [
        "콘크리트 부피 계산기",
        "시멘트 포대 계산",
        "콘크리트 슬래브 계산기",
        "기초 콘크리트 계산",
        "건설 계산기",
      ],
      "options": {
        "shape": {
          "column": "직사각형 기둥",
          "cylinder": "원기둥 / 원형 기둥",
          "footing": "기초(직사각형)",
          "slab": "슬래브",
        },
        "unit": {
          "imperial": "야드파운드법 (ft)",
          "metric": "미터법 (m)",
        },
      },
      "outputs": {
        "bags40kg": {
          "help": "필요한 40kg 시멘트 포대 수 추정치(1:2:3 배합).",
          "label": "40kg 포대 수",
        },
        "bags60lb": {
          "help": "필요한 60lb 시멘트 포대 수 추정치(미국 표준).",
          "label": "60lb 포대 수",
        },
        "volumeM3": {
          "help": "세제곱미터 단위의 콘크리트 부피.",
          "label": "부피 (m³)",
        },
        "volumeYd3": {
          "help": "세제곱야드 단위의 콘크리트 부피.",
          "label": "부피 (yd³)",
        },
      },
      "short": "슬래브, 기둥, 원기둥, 기초에 필요한 콘크리트 부피와 시멘트 포대 수를 계산합니다.",
      "title": "콘크리트 부피 계산기",
    },
    "ru": {
      "description": "Бесплатный калькулятор объёма бетона для строительных проектов. Введите размеры плит, колонн, цилиндров или фундаментов и получите объём в м³ и yd³, а также количество мешков цемента.",
      "errors": {
        "missingDimensions": "Введите все необходимые размеры для выбранной формы.",
      },
      "faq": [
        {
          "a": "При смеси 1:2:3 на один кубометр бетона требуется около 8 мешков по 40 кг. Добавьте 5–10% на потери.",
          "q": "Сколько мешков цемента на 1 м³ бетона?",
        },
      ],
      "inputs": {
        "diameter": {
          "help": "Диаметр цилиндрического элемента (м или фут).",
          "label": "Диаметр",
        },
        "height": {
          "help": "Высота колонны или цилиндра (м или фут).",
          "label": "Высота",
        },
        "length": {
          "help": "Длина элемента (м или фут).",
          "label": "Длина",
        },
        "shape": {
          "help": "Выберите тип бетонного элемента.",
          "label": "Форма",
        },
        "thickness": {
          "help": "Толщина плиты или глубина фундамента (м или фут).",
          "label": "Толщина / Глубина",
        },
        "unit": {
          "help": "Метрическая (метры) или имперская (футы).",
          "label": "Система единиц",
        },
        "width": {
          "help": "Ширина элемента (м или фут).",
          "label": "Ширина",
        },
      },
      "keywords": [
        "калькулятор бетона",
        "калькулятор мешков цемента",
        "расчёт плиты перекрытия",
        "расчёт фундамента",
        "объём бетона",
      ],
      "options": {
        "shape": {
          "column": "Прямоугольная колонна",
          "cylinder": "Цилиндр / Круглая колонна",
          "footing": "Фундамент (прямоугольный)",
          "slab": "Плита",
        },
        "unit": {
          "imperial": "Имперская (фут)",
          "metric": "Метрическая (м)",
        },
      },
      "outputs": {
        "bags40kg": {
          "help": "Расчётное количество мешков цемента по 40 кг (смесь 1:2:3).",
          "label": "Мешки 40 кг",
        },
        "bags60lb": {
          "help": "Расчётное количество мешков по 60 фунтов (стандарт США).",
          "label": "Мешки 60 фунтов",
        },
        "volumeM3": {
          "help": "Объём бетона в кубических метрах.",
          "label": "Объём (м³)",
        },
        "volumeYd3": {
          "help": "Объём бетона в кубических ярдах.",
          "label": "Объём (yd³)",
        },
      },
      "short": "Рассчитайте объём бетона и количество мешков цемента для плит, колонн, цилиндров и фундаментов.",
      "title": "Калькулятор объёма бетона",
    },
    "tr": {
      "description": "İnşaat projeleri için ücretsiz beton hacmi hesaplayıcısı. Döşeme, kolon, silindir veya temel boyutlarını girerek beton hacmini m³ ve yd³ cinsinden ve gereken çimento torbası sayısını öğrenin.",
      "errors": {
        "missingDimensions": "Seçili şekil için gerekli tüm boyutları girin.",
      },
      "faq": [
        {
          "a": "Standart 1:2:3 karışım (çimento:kum:agrega) için yaklaşık 8 adet 40 kg çimento torbası gerekmektedir. Fire payı için %5–10 ekleyin.",
          "q": "1 m³ beton için kaç çimento torbası gerekir?",
        },
        {
          "a": "Küçük dökümler için en az %5, büyük veya karmaşık dökümler için %10'a kadar ek beton ekleyin. Bu; dökülme, düzensiz zemin ve kalıp düzensizliklerini karşılar.",
          "q": "Neden ekstra beton eklemelisiniz?",
        },
      ],
      "inputs": {
        "diameter": {
          "help": "Silindirik elemanın çapı (m veya ft).",
          "label": "Çap",
        },
        "height": {
          "help": "Kolon veya silindirin yüksekliği (m veya ft).",
          "label": "Yükseklik",
        },
        "length": {
          "help": "Elemanın uzunluğu (m veya ft).",
          "label": "Uzunluk",
        },
        "shape": {
          "help": "Beton eleman türünü seçin.",
          "label": "Şekil",
        },
        "thickness": {
          "help": "Döşeme kalınlığı veya temel derinliği (m veya ft).",
          "label": "Kalınlık / Derinlik",
        },
        "unit": {
          "help": "Metrik (metre) veya İngiliz birimi (fit).",
          "label": "Birim sistemi",
        },
        "width": {
          "help": "Elemanın genişliği (m veya ft).",
          "label": "Genişlik",
        },
      },
      "keywords": [
        "beton hacmi hesaplayıcı",
        "çimento torbası hesaplama",
        "beton döşeme hesaplayıcı",
        "temel beton hesabı",
        "kolon beton hesabı",
        "inşaat hesaplayıcı",
        "beton tahmini",
      ],
      "options": {
        "shape": {
          "column": "Dikdörtgen Kolon",
          "cylinder": "Silindir / Yuvarlak Kolon",
          "footing": "Temel (Dikdörtgen)",
          "slab": "Döşeme",
        },
        "unit": {
          "imperial": "İngiliz birimi (ft)",
          "metric": "Metrik (m)",
        },
      },
      "outputs": {
        "bags40kg": {
          "help": "Gereken 40 kg çimento torbası sayısı (1:2:3 karışım).",
          "label": "40 kg Torba",
        },
        "bags60lb": {
          "help": "Gereken 60 lb çimento torbası sayısı (ABD standardı).",
          "label": "60 lb Torba",
        },
        "volumeM3": {
          "help": "Küp metre cinsinden beton hacmi.",
          "label": "Hacim (m³)",
        },
        "volumeYd3": {
          "help": "Küp yarda cinsinden beton hacmi.",
          "label": "Hacim (yd³)",
        },
      },
      "short": "Döşeme, kolon, silindir ve temel için beton hacmi ve çimento torbası sayısını hesaplayın.",
      "title": "Beton Hacmi Hesaplayıcı",
    },
    "zh": {
      "description": "免费混凝土体积计算器，适用于建筑工程项目。输入板、柱、圆柱体或基础的尺寸，即可获得混凝土体积（m³和yd³）及所需水泥袋数。",
      "errors": {
        "missingDimensions": "请提供所选形状所需的所有尺寸。",
      },
      "faq": [
        {
          "a": "对于标准1:2:3配合比，每立方米混凝土约需8袋40千克水泥。额外增加5–10%以备损耗。",
          "q": "每立方米混凝土需要多少袋水泥？",
        },
      ],
      "inputs": {
        "diameter": {
          "help": "圆柱形构件的直径（m或ft）。",
          "label": "直径",
        },
        "height": {
          "help": "柱或圆柱体的高度（m或ft）。",
          "label": "高度",
        },
        "length": {
          "help": "构件长度（m或ft）。",
          "label": "长度",
        },
        "shape": {
          "help": "选择混凝土构件类型。",
          "label": "形状",
        },
        "thickness": {
          "help": "板的厚度或基础的深度（m或ft）。",
          "label": "厚度/深度",
        },
        "unit": {
          "help": "公制（米）或英制（英尺）。",
          "label": "单位制",
        },
        "width": {
          "help": "构件宽度（m或ft）。",
          "label": "宽度",
        },
      },
      "keywords": [
        "混凝土体积计算器",
        "水泥袋数计算",
        "混凝土板计算",
        "基础混凝土计算",
        "建筑计算器",
      ],
      "options": {
        "shape": {
          "column": "矩形柱",
          "cylinder": "圆柱体/圆柱",
          "footing": "基础（矩形）",
          "slab": "板",
        },
        "unit": {
          "imperial": "英制（ft）",
          "metric": "公制（m）",
        },
      },
      "outputs": {
        "bags40kg": {
          "help": "所需40千克水泥袋的估算数量（1:2:3配合比）。",
          "label": "40千克袋数",
        },
        "bags60lb": {
          "help": "所需60磅水泥袋的估算数量（美国标准）。",
          "label": "60磅袋数",
        },
        "volumeM3": {
          "help": "混凝土体积，以立方米为单位。",
          "label": "体积（m³）",
        },
        "volumeYd3": {
          "help": "混凝土体积，以立方码为单位。",
          "label": "体积（yd³）",
        },
      },
      "short": "计算板、柱、圆柱体和基础所需的混凝土体积及水泥袋数。",
      "title": "混凝土体积计算器",
    },
  },
  "icon": Any<String>,
  "inputSchema": ZodEffects {
    "_def": {
      "effect": {
        "refinement": [Function],
        "type": "refinement",
      },
      "schema": ZodObject {
        "_cached": {
          "keys": [
            "shape",
            "unit",
            "length",
            "width",
            "thickness",
            "diameter",
            "height",
          ],
          "shape": {
            "diameter": ZodOptional {
              "_def": {
                "description": undefined,
                "errorMap": [Function],
                "innerType": ZodNumber {
                  "_def": {
                    "checks": [
                      {
                        "inclusive": false,
                        "kind": "min",
                        "message": undefined,
                        "value": 0,
                      },
                    ],
                    "coerce": false,
                    "typeName": "ZodNumber",
                  },
                  "and": [Function],
                  "array": [Function],
                  "brand": [Function],
                  "catch": [Function],
                  "default": [Function],
                  "describe": [Function],
                  "isNullable": [Function],
                  "isOptional": [Function],
                  "max": [Function],
                  "min": [Function],
                  "nullable": [Function],
                  "nullish": [Function],
                  "optional": [Function],
                  "or": [Function],
                  "parse": [Function],
                  "parseAsync": [Function],
                  "pipe": [Function],
                  "promise": [Function],
                  "readonly": [Function],
                  "refine": [Function],
                  "refinement": [Function],
                  "safeParse": [Function],
                  "safeParseAsync": [Function],
                  "spa": [Function],
                  "step": [Function],
                  "superRefine": [Function],
                  "transform": [Function],
                  "~standard": {
                    "validate": [Function],
                    "vendor": "zod",
                    "version": 1,
                  },
                },
                "typeName": "ZodOptional",
              },
              "and": [Function],
              "array": [Function],
              "brand": [Function],
              "catch": [Function],
              "default": [Function],
              "describe": [Function],
              "isNullable": [Function],
              "isOptional": [Function],
              "nullable": [Function],
              "nullish": [Function],
              "optional": [Function],
              "or": [Function],
              "parse": [Function],
              "parseAsync": [Function],
              "pipe": [Function],
              "promise": [Function],
              "readonly": [Function],
              "refine": [Function],
              "refinement": [Function],
              "safeParse": [Function],
              "safeParseAsync": [Function],
              "spa": [Function],
              "superRefine": [Function],
              "transform": [Function],
              "~standard": {
                "validate": [Function],
                "vendor": "zod",
                "version": 1,
              },
            },
            "height": ZodOptional {
              "_def": {
                "description": undefined,
                "errorMap": [Function],
                "innerType": ZodNumber {
                  "_def": {
                    "checks": [
                      {
                        "inclusive": false,
                        "kind": "min",
                        "message": undefined,
                        "value": 0,
                      },
                    ],
                    "coerce": false,
                    "typeName": "ZodNumber",
                  },
                  "and": [Function],
                  "array": [Function],
                  "brand": [Function],
                  "catch": [Function],
                  "default": [Function],
                  "describe": [Function],
                  "isNullable": [Function],
                  "isOptional": [Function],
                  "max": [Function],
                  "min": [Function],
                  "nullable": [Function],
                  "nullish": [Function],
                  "optional": [Function],
                  "or": [Function],
                  "parse": [Function],
                  "parseAsync": [Function],
                  "pipe": [Function],
                  "promise": [Function],
                  "readonly": [Function],
                  "refine": [Function],
                  "refinement": [Function],
                  "safeParse": [Function],
                  "safeParseAsync": [Function],
                  "spa": [Function],
                  "step": [Function],
                  "superRefine": [Function],
                  "transform": [Function],
                  "~standard": {
                    "validate": [Function],
                    "vendor": "zod",
                    "version": 1,
                  },
                },
                "typeName": "ZodOptional",
              },
              "and": [Function],
              "array": [Function],
              "brand": [Function],
              "catch": [Function],
              "default": [Function],
              "describe": [Function],
              "isNullable": [Function],
              "isOptional": [Function],
              "nullable": [Function],
              "nullish": [Function],
              "optional": [Function],
              "or": [Function],
              "parse": [Function],
              "parseAsync": [Function],
              "pipe": [Function],
              "promise": [Function],
              "readonly": [Function],
              "refine": [Function],
              "refinement": [Function],
              "safeParse": [Function],
              "safeParseAsync": [Function],
              "spa": [Function],
              "superRefine": [Function],
              "transform": [Function],
              "~standard": {
                "validate": [Function],
                "vendor": "zod",
                "version": 1,
              },
            },
            "length": ZodOptional {
              "_def": {
                "description": undefined,
                "errorMap": [Function],
                "innerType": ZodNumber {
                  "_def": {
                    "checks": [
                      {
                        "inclusive": false,
                        "kind": "min",
                        "message": undefined,
                        "value": 0,
                      },
                    ],
                    "coerce": false,
                    "typeName": "ZodNumber",
                  },
                  "and": [Function],
                  "array": [Function],
                  "brand": [Function],
                  "catch": [Function],
                  "default": [Function],
                  "describe": [Function],
                  "isNullable": [Function],
                  "isOptional": [Function],
                  "max": [Function],
                  "min": [Function],
                  "nullable": [Function],
                  "nullish": [Function],
                  "optional": [Function],
                  "or": [Function],
                  "parse": [Function],
                  "parseAsync": [Function],
                  "pipe": [Function],
                  "promise": [Function],
                  "readonly": [Function],
                  "refine": [Function],
                  "refinement": [Function],
                  "safeParse": [Function],
                  "safeParseAsync": [Function],
                  "spa": [Function],
                  "step": [Function],
                  "superRefine": [Function],
                  "transform": [Function],
                  "~standard": {
                    "validate": [Function],
                    "vendor": "zod",
                    "version": 1,
                  },
                },
                "typeName": "ZodOptional",
              },
              "and": [Function],
              "array": [Function],
              "brand": [Function],
              "catch": [Function],
              "default": [Function],
              "describe": [Function],
              "isNullable": [Function],
              "isOptional": [Function],
              "nullable": [Function],
              "nullish": [Function],
              "optional": [Function],
              "or": [Function],
              "parse": [Function],
              "parseAsync": [Function],
              "pipe": [Function],
              "promise": [Function],
              "readonly": [Function],
              "refine": [Function],
              "refinement": [Function],
              "safeParse": [Function],
              "safeParseAsync": [Function],
              "spa": [Function],
              "superRefine": [Function],
              "transform": [Function],
              "~standard": {
                "validate": [Function],
                "vendor": "zod",
                "version": 1,
              },
            },
            "shape": ZodEnum {
              "_cache": Set {
                "slab",
                "column",
                "cylinder",
                "footing",
              },
              "_def": {
                "typeName": "ZodEnum",
                "values": [
                  "slab",
                  "column",
                  "cylinder",
                  "footing",
                ],
              },
              "and": [Function],
              "array": [Function],
              "brand": [Function],
              "catch": [Function],
              "default": [Function],
              "describe": [Function],
              "isNullable": [Function],
              "isOptional": [Function],
              "nullable": [Function],
              "nullish": [Function],
              "optional": [Function],
              "or": [Function],
              "parse": [Function],
              "parseAsync": [Function],
              "pipe": [Function],
              "promise": [Function],
              "readonly": [Function],
              "refine": [Function],
              "refinement": [Function],
              "safeParse": [Function],
              "safeParseAsync": [Function],
              "spa": [Function],
              "superRefine": [Function],
              "transform": [Function],
              "~standard": {
                "validate": [Function],
                "vendor": "zod",
                "version": 1,
              },
            },
            "thickness": ZodOptional {
              "_def": {
                "description": undefined,
                "errorMap": [Function],
                "innerType": ZodNumber {
                  "_def": {
                    "checks": [
                      {
                        "inclusive": false,
                        "kind": "min",
                        "message": undefined,
                        "value": 0,
                      },
                    ],
                    "coerce": false,
                    "typeName": "ZodNumber",
                  },
                  "and": [Function],
                  "array": [Function],
                  "brand": [Function],
                  "catch": [Function],
                  "default": [Function],
                  "describe": [Function],
                  "isNullable": [Function],
                  "isOptional": [Function],
                  "max": [Function],
                  "min": [Function],
                  "nullable": [Function],
                  "nullish": [Function],
                  "optional": [Function],
                  "or": [Function],
                  "parse": [Function],
                  "parseAsync": [Function],
                  "pipe": [Function],
                  "promise": [Function],
                  "readonly": [Function],
                  "refine": [Function],
                  "refinement": [Function],
                  "safeParse": [Function],
                  "safeParseAsync": [Function],
                  "spa": [Function],
                  "step": [Function],
                  "superRefine": [Function],
                  "transform": [Function],
                  "~standard": {
                    "validate": [Function],
                    "vendor": "zod",
                    "version": 1,
                  },
                },
                "typeName": "ZodOptional",
              },
              "and": [Function],
              "array": [Function],
              "brand": [Function],
              "catch": [Function],
              "default": [Function],
              "describe": [Function],
              "isNullable": [Function],
              "isOptional": [Function],
              "nullable": [Function],
              "nullish": [Function],
              "optional": [Function],
              "or": [Function],
              "parse": [Function],
              "parseAsync": [Function],
              "pipe": [Function],
              "promise": [Function],
              "readonly": [Function],
              "refine": [Function],
              "refinement": [Function],
              "safeParse": [Function],
              "safeParseAsync": [Function],
              "spa": [Function],
              "superRefine": [Function],
              "transform": [Function],
              "~standard": {
                "validate": [Function],
                "vendor": "zod",
                "version": 1,
              },
            },
            "unit": ZodEnum {
              "_cache": Set {
                "metric",
                "imperial",
              },
              "_def": {
                "typeName": "ZodEnum",
                "values": [
                  "metric",
                  "imperial",
                ],
              },
              "and": [Function],
              "array": [Function],
              "brand": [Function],
              "catch": [Function],
              "default": [Function],
              "describe": [Function],
              "isNullable": [Function],
              "isOptional": [Function],
              "nullable": [Function],
              "nullish": [Function],
              "optional": [Function],
              "or": [Function],
              "parse": [Function],
              "parseAsync": [Function],
              "pipe": [Function],
              "promise": [Function],
              "readonly": [Function],
              "refine": [Function],
              "refinement": [Function],
              "safeParse": [Function],
              "safeParseAsync": [Function],
              "spa": [Function],
              "superRefine": [Function],
              "transform": [Function],
              "~standard": {
                "validate": [Function],
                "vendor": "zod",
                "version": 1,
              },
            },
            "width": ZodOptional {
              "_def": {
                "description": undefined,
                "errorMap": [Function],
                "innerType": ZodNumber {
                  "_def": {
                    "checks": [
                      {
                        "inclusive": false,
                        "kind": "min",
                        "message": undefined,
                        "value": 0,
                      },
                    ],
                    "coerce": false,
                    "typeName": "ZodNumber",
                  },
                  "and": [Function],
                  "array": [Function],
                  "brand": [Function],
                  "catch": [Function],
                  "default": [Function],
                  "describe": [Function],
                  "isNullable": [Function],
                  "isOptional": [Function],
                  "max": [Function],
                  "min": [Function],
                  "nullable": [Function],
                  "nullish": [Function],
                  "optional": [Function],
                  "or": [Function],
                  "parse": [Function],
                  "parseAsync": [Function],
                  "pipe": [Function],
                  "promise": [Function],
                  "readonly": [Function],
                  "refine": [Function],
                  "refinement": [Function],
                  "safeParse": [Function],
                  "safeParseAsync": [Function],
                  "spa": [Function],
                  "step": [Function],
                  "superRefine": [Function],
                  "transform": [Function],
                  "~standard": {
                    "validate": [Function],
                    "vendor": "zod",
                    "version": 1,
                  },
                },
                "typeName": "ZodOptional",
              },
              "and": [Function],
              "array": [Function],
              "brand": [Function],
              "catch": [Function],
              "default": [Function],
              "describe": [Function],
              "isNullable": [Function],
              "isOptional": [Function],
              "nullable": [Function],
              "nullish": [Function],
              "optional": [Function],
              "or": [Function],
              "parse": [Function],
              "parseAsync": [Function],
              "pipe": [Function],
              "promise": [Function],
              "readonly": [Function],
              "refine": [Function],
              "refinement": [Function],
              "safeParse": [Function],
              "safeParseAsync": [Function],
              "spa": [Function],
              "superRefine": [Function],
              "transform": [Function],
              "~standard": {
                "validate": [Function],
                "vendor": "zod",
                "version": 1,
              },
            },
          },
        },
        "_def": {
          "catchall": ZodNever {
            "_def": {
              "typeName": "ZodNever",
            },
            "and": [Function],
            "array": [Function],
            "brand": [Function],
            "catch": [Function],
            "default": [Function],
            "describe": [Function],
            "isNullable": [Function],
            "isOptional": [Function],
            "nullable": [Function],
            "nullish": [Function],
            "optional": [Function],
            "or": [Function],
            "parse": [Function],
            "parseAsync": [Function],
            "pipe": [Function],
            "promise": [Function],
            "readonly": [Function],
            "refine": [Function],
            "refinement": [Function],
            "safeParse": [Function],
            "safeParseAsync": [Function],
            "spa": [Function],
            "superRefine": [Function],
            "transform": [Function],
            "~standard": {
              "validate": [Function],
              "vendor": "zod",
              "version": 1,
            },
          },
          "shape": [Function],
          "typeName": "ZodObject",
          "unknownKeys": "strip",
        },
        "and": [Function],
        "array": [Function],
        "augment": [Function],
        "brand": [Function],
        "catch": [Function],
        "default": [Function],
        "describe": [Function],
        "isNullable": [Function],
        "isOptional": [Function],
        "nonstrict": [Function],
        "nullable": [Function],
        "nullish": [Function],
        "optional": [Function],
        "or": [Function],
        "parse": [Function],
        "parseAsync": [Function],
        "pipe": [Function],
        "promise": [Function],
        "readonly": [Function],
        "refine": [Function],
        "refinement": [Function],
        "safeParse": [Function],
        "safeParseAsync": [Function],
        "spa": [Function],
        "superRefine": [Function],
        "transform": [Function],
        "~standard": {
          "validate": [Function],
          "vendor": "zod",
          "version": 1,
        },
      },
      "typeName": "ZodEffects",
    },
    "and": [Function],
    "array": [Function],
    "brand": [Function],
    "catch": [Function],
    "default": [Function],
    "describe": [Function],
    "isNullable": [Function],
    "isOptional": [Function],
    "nullable": [Function],
    "nullish": [Function],
    "optional": [Function],
    "or": [Function],
    "parse": [Function],
    "parseAsync": [Function],
    "pipe": [Function],
    "promise": [Function],
    "readonly": [Function],
    "refine": [Function],
    "refinement": [Function],
    "safeParse": [Function],
    "safeParseAsync": [Function],
    "spa": [Function],
    "superRefine": [Function],
    "transform": [Function],
    "~standard": {
      "validate": [Function],
      "vendor": "zod",
      "version": 1,
    },
  },
  "inputs": [
    {
      "defaultValue": "slab",
      "id": "shape",
      "required": true,
      "type": {
        "kind": "select",
        "options": [
          {
            "i18nKey": "slab",
            "value": "slab",
          },
          {
            "i18nKey": "column",
            "value": "column",
          },
          {
            "i18nKey": "cylinder",
            "value": "cylinder",
          },
          {
            "i18nKey": "footing",
            "value": "footing",
          },
        ],
      },
    },
    {
      "defaultValue": "metric",
      "id": "unit",
      "required": true,
      "type": {
        "kind": "select",
        "options": [
          {
            "i18nKey": "metric",
            "value": "metric",
          },
          {
            "i18nKey": "imperial",
            "value": "imperial",
          },
        ],
      },
    },
    {
      "defaultValue": 5,
      "id": "length",
      "required": false,
      "type": {
        "kind": "number",
        "min": 0,
        "step": 0.01,
        "unit": "m",
      },
    },
    {
      "defaultValue": 3,
      "id": "width",
      "required": false,
      "type": {
        "kind": "number",
        "min": 0,
        "step": 0.01,
        "unit": "m",
      },
    },
    {
      "defaultValue": 0.15,
      "id": "thickness",
      "required": false,
      "type": {
        "kind": "number",
        "min": 0,
        "step": 0.01,
        "unit": "m",
      },
    },
    {
      "defaultValue": 0.3,
      "id": "diameter",
      "required": false,
      "type": {
        "kind": "number",
        "min": 0,
        "step": 0.01,
        "unit": "m",
      },
    },
    {
      "defaultValue": 3,
      "id": "height",
      "required": false,
      "type": {
        "kind": "number",
        "min": 0,
        "step": 0.01,
        "unit": "m",
      },
    },
  ],
  "meta": {
    "disclaimer": "Volume estimates assume 0% waste. Add 5–10% for waste and spillage. Bag counts assume a standard 1:2:3 mix ratio.",
    "formulaLatex": "V_{\\text{slab}} = L \\times W \\times T, \\quad V_{\\text{cyl}} = \\pi r^2 h",
    "references": [
      {
        "authority": "Portland Cement Association",
        "title": "Concrete Volume and Mix Design",
        "url": "https://www.cement.org/",
      },
    ],
  },
  "outputs": [
    {
      "format": "number",
      "highlight": true,
      "id": "volumeM3",
      "precision": 3,
      "unit": "m",
    },
    {
      "format": "number",
      "id": "volumeYd3",
      "precision": 3,
    },
    {
      "format": "number",
      "id": "bags40kg",
      "precision": 0,
    },
    {
      "format": "number",
      "id": "bags60lb",
      "precision": 0,
    },
  ],
  "priority": Any<String>,
  "related": [
    "beam-deflection",
  ],
  "slug": Any<String>,
  "tags": [
    "concrete",
    "volume",
    "cement",
    "construction",
    "slab",
    "footing",
  ],
}
`;
